******************************************************************************
            TI ARM Clang Linker PC v3.2.2                      
******************************************************************************
>> Linked Tue Feb 18 11:11:17 2025

OUTPUT FILE NAME:   <timer_assi_5.out>
ENTRY POINT SYMBOL: "_c_int00_noargs"  address: 00001b35


MEMORY CONFIGURATION

         name            origin    length      used     unused   attr    fill
----------------------  --------  ---------  --------  --------  ----  --------
  FLASH                 00000000   00020000  00001fa8  0001e058  R  X
  SRAM                  20200000   00008000  00000da5  0000725b  RW X
  BCR_CONFIG            41c00000   00000080  00000000  00000080  R   
  BSL_CONFIG            41c00100   00000080  00000000  00000080  R   


SEGMENT ALLOCATION MAP

run origin  load origin   length   init length attrs members
----------  ----------- ---------- ----------- ----- -------
00000000    00000000    00001fa8   00001fa8    r-x
  00000000    00000000    000000c0   000000c0    r-- .intvecs
  000000c0    000000c0    00001c80   00001c80    r-x .text
  00001d40    00001d40    000001e0   000001e0    r-- .rodata
  00001f20    00001f20    00000088   00000088    r-- .cinit
20200000    20200000    00000ba8   00000000    rw-
  20200000    20200000    00000800   00000000    rw- .sysmem
  20200800    20200800    000001d9   00000000    rw- .data
  202009dc    202009dc    000001cc   00000000    rw- .bss
20207e00    20207e00    00000200   00000000    rw-
  20207e00    20207e00    00000200   00000000    rw- .stack


SECTION ALLOCATION MAP

 output                                  attributes/
section   page    origin      length       input sections
--------  ----  ----------  ----------   ----------------
.intvecs   0    00000000    000000c0     
                  00000000    000000c0     startup_mspm0g350x_ticlang.o (.intvecs)

.text      0    000000c0    00001c80     
                  000000c0    00000888     libc.a : _printfi.c.obj (.text:__TI_printfi_nofloat)
                  00000948    0000012c            : memory.c.obj (.text.aligned_alloc)
                  00000a74    00000110     driverlib.a : dl_timer.o (.text.DL_Timer_initCaptureMode)
                  00000b84    00000104     libc.a : fputs.c.obj (.text.fputs)
                  00000c88    000000ec            : memory.c.obj (.text.free)
                  00000d74    000000dc            : setvbuf.c.obj (.text.setvbuf)
                  00000e50    000000a2     libclang_rt.builtins.a : udivmoddi4.S.obj (.text)
                  00000ef2    00000002     startup_mspm0g350x_ticlang.o (.text.Default_Handler)
                  00000ef4    0000009c     libc.a : fputc.c.obj (.text.fputc)
                  00000f90    0000009a            : memcpy16.S.obj (.text:memcpy)
                  0000102a    00000002     libclang_rt.builtins.a : aeabi_div0.c.obj (.text.__aeabi_idiv0)
                  0000102c    0000007c     empty.o (.text.TIMG0_IRQHandler)
                  000010a8    0000007c     libc.a : fclose.c.obj (.text.__TI_closefile)
                  00001124    00000078     empty.o (.text.main)
                  0000119c    00000078     libc.a : copy_decompress_lzss.c.obj (.text:decompress:lzss)
                  00001214    0000006c     libsysbm.a : hostlseek.c.obj (.text.HOSTlseek)
                  00001280    0000006c                : hostrename.c.obj (.text.HOSTrename)
                  000012ec    0000006c     libc.a : fseek.c.obj (.text.fseeko)
                  00001358    00000068            : getdevice.c.obj (.text.getdevice)
                  000013c0    00000064            : _io_perm.c.obj (.text.__TI_wrt_ok)
                  00001424    00000064            : memory.c.obj (.text.split)
                  00001488    00000062            : memset16.S.obj (.text:memset)
                  000014ea    00000002     libclang_rt.builtins.a : aeabi_div0.c.obj (.text.__aeabi_ldiv0)
                  000014ec    00000060     libsysbm.a : hostopen.c.obj (.text.HOSTopen)
                  0000154c    0000005c     libc.a : printf.c.obj (.text.printf)
                  000015a8    00000058     libsysbm.a : hostread.c.obj (.text.HOSTread)
                  00001600    00000058                : hostwrite.c.obj (.text.HOSTwrite)
                  00001658    00000054     ti_msp_dl_config.o (.text.SYSCFG_DL_GPIO_init)
                  000016ac    00000052     libc.a : fflush.c.obj (.text.__TI_doflush)
                  000016fe    00000002            : _lock.c.obj (.text._nop)
                  00001700    00000050     libsysbm.a : close.c.obj (.text.close)
                  00001750    00000048                : hostclose.c.obj (.text.HOSTclose)
                  00001798    00000048                : hostunlink.c.obj (.text.HOSTunlink)
                  000017e0    00000040     ti_msp_dl_config.o (.text.SYSCFG_DL_SYSCTL_init)
                  00001820    00000040     libclang_rt.builtins.a : aeabi_uidivmod.S.obj (.text.__aeabi_uidivmod)
                  00001860    00000040     libc.a : atoi.c.obj (.text.atoi)
                  000018a0    0000003c     ti_msp_dl_config.o (.text.SYSCFG_DL_CAPTURE_0_init)
                  000018dc    0000003c     libc.a : autoinit.c.obj (.text:__TI_auto_init_nobinit_nopinit)
                  00001918    0000003a     libclang_rt.builtins.a : muldsi3.S.obj (.text.__muldsi3)
                  00001952    00000002     --HOLE-- [fill = 0]
                  00001954    00000038     libc.a : getdevice.c.obj (.text.finddevice)
                  0000198c    00000034     ti_msp_dl_config.o (.text.SYSCFG_DL_initPower)
                  000019c0    00000034     libc.a : fopen.c.obj (.text.__TI_cleanup)
                  000019f4    00000034     libsysbm.a : trgmsg.c.obj (.text.__TI_readmsg)
                  00001a28    00000034                : trgmsg.c.obj (.text.__TI_writemsg)
                  00001a5c    00000034     libc.a : exit.c.obj (.text.exit)
                  00001a90    0000002c     libsysbm.a : unlink.c.obj (.text.unlink)
                  00001abc    00000028     libc.a : memory.c.obj (.text.free_list_insert)
                  00001ae4    00000028     libsysbm.a : lseek.c.obj (.text.lseek)
                  00001b0c    00000028                : write.c.obj (.text.write)
                  00001b34    00000028     libc.a : boot_cortex_m.c.obj (.text:_c_int00_noargs)
                  00001b5c    00000024     libclang_rt.builtins.a : muldi3.S.obj (.text.__muldi3)
                  00001b80    00000024     libc.a : fputs.c.obj (.text.puts)
                  00001ba4    00000022            : memccpy.c.obj (.text.memccpy)
                  00001bc6    00000002     --HOLE-- [fill = 0]
                  00001bc8    0000001e     libclang_rt.builtins.a : ashldi3.S.obj (.text.__ashldi3)
                  00001be6    00000002     --HOLE-- [fill = 0]
                  00001be8    0000001c     driverlib.a : dl_timer.o (.text.DL_Timer_setClockConfig)
                  00001c04    0000001c     libc.a : memory.c.obj (.text.free_list_remove)
                  00001c20    00000016            : copy_zero_init.c.obj (.text:decompress:ZI:__TI_zero_init_nomemset)
                  00001c36    00000014     ti_msp_dl_config.o (.text.SYSCFG_DL_init)
                  00001c4a    00000002     --HOLE-- [fill = 0]
                  00001c4c    00000014     libclang_rt.builtins.a : aeabi_uldivmod.S.obj (.text.__aeabi_uldivmod)
                  00001c60    00000012     libsysbm.a : hostrename.c.obj (.text.strcpy)
                  00001c72    00000012     libc.a : copy_decompress_none.c.obj (.text:decompress:none)
                  00001c84    00000010     driverlib.a : dl_timer.o (.text.DL_Timer_getCaptureCompareValue)
                  00001c94    00000010     libc.a : wcslen.c.obj (.text.wcslen)
                  00001ca4    0000000e            : memory.c.obj (.text.OUTLINED_FUNCTION_0)
                  00001cb2    00000002     --HOLE-- [fill = 0]
                  00001cb4    0000000e     libclang_rt.builtins.a : aeabi_memset.S.obj (.text.__aeabi_memset)
                  00001cc2    0000000e     libc.a : _printfi.c.obj (.text.strlen)
                  00001cd0    0000000e     libsysbm.a : hostrename.c.obj (.text.strlen)
                  00001cde    00000002     --HOLE-- [fill = 0]
                  00001ce0    0000000c     libclang_rt.builtins.a : aeabi_memset.S.obj (.text.__aeabi_memclr)
                  00001cec    0000000c     libc.a : memory.c.obj (.text.malloc)
                  00001cf8    0000000a     driverlib.a : dl_common.o (.text.DL_Common_delayCycles)
                  00001d02    00000002     --HOLE-- [fill = 0]
                  00001d04    00000008     libc.a : aeabi_portable.c.obj (.text.__aeabi_errno_addr)
                  00001d0c    00000008     libclang_rt.builtins.a : aeabi_memcpy.S.obj (.text.__aeabi_memcpy)
                  00001d14    00000008     libc.a : printf.c.obj (.text._outc)
                  00001d1c    00000008            : printf.c.obj (.text._outs)
                  00001d24    00000008            : fseek.c.obj (.text.fseek)
                  00001d2c    00000008     libsysbm.a : remove.c.obj (.text.remove)
                  00001d34    00000004     startup_mspm0g350x_ticlang.o (.text.Reset_Handler)
                  00001d38    00000004     libc.a : pre_init.c.obj (.text._system_pre_init)
                  00001d3c    00000004            : exit.c.obj (.text:abort)

.cinit     0    00001f20    00000088     
                  00001f20    00000060     (.cinit..data.load) [load image, compression = lzss]
                  00001f80    0000000c     (__TI_handler_table)
                  00001f8c    00000008     (.cinit..bss.load) [load image, compression = zero_init]
                  00001f94    00000010     (__TI_cinit_table)
                  00001fa4    00000004     --HOLE-- [fill = 0]

.rodata    0    00001d40    000001e0     
                  00001d40    00000101     libc.a : aeabi_ctype.S.obj (.rodata:__aeabi_ctype_table_)
                  00001e41    00000033     empty.o (.rodata.str1.161173632875555205051)
                  00001e74    0000002b     empty.o (.rodata.str1.184077852707324555661)
                  00001e9f    00000025     empty.o (.rodata.str1.7130503275715014631)
                  00001ec4    00000011     libc.a : _printfi.c.obj (.rodata.str1.11645776875810915891)
                  00001ed5    00000011            : _printfi.c.obj (.rodata.str1.44690500295887128011)
                  00001ee6    00000002            : fputs.c.obj (.rodata.str1.127069605411828601681)
                  00001ee8    00000010     ti_msp_dl_config.o (.rodata.gCAPTURE_0CaptureConfig)
                  00001ef8    00000010     empty.o (.rodata.str1.65084117708834470321)
                  00001f08    0000000c     driverlib.a : dl_timer.o (.rodata..Lswitch.table.DL_Timer_initCompareMode)
                  00001f14    00000003     ti_msp_dl_config.o (.rodata.gCAPTURE_0ClockConfig)
                  00001f17    00000009     --HOLE-- [fill = 0]

.init_array 
*          0    00000000    00000000     UNINITIALIZED

.binit     0    00000000    00000000     

.sysmem    0    20200000    00000800     UNINITIALIZED
                  20200000    00000010     libc.a : memory.c.obj (.sysmem)
                  20200010    000007f0     --HOLE--

.data      0    20200800    000001d9     UNINITIALIZED
                  20200800    000000f0     libc.a : defs.c.obj (.data._ftable)
                  202008f0    00000078     libsysbm.a : host_device.c.obj (.data._device)
                  20200968    00000050                : host_device.c.obj (.data._stream)
                  202009b8    00000008     libc.a : exit.c.obj (.data..L_MergedGlobals)
                  202009c0    00000004            : defs.c.obj (.data.__TI_ft_end)
                  202009c4    00000004            : aeabi_portable.c.obj (.data.__aeabi_errno)
                  202009c8    00000004            : _lock.c.obj (.data._lock)
                  202009cc    00000004            : _lock.c.obj (.data._unlock)
                  202009d0    00000004     empty.o (.data.capTime)
                  202009d4    00000002     empty.o (.data.rollOver)
                  202009d6    00000001     empty.o (.data.capStatus)
                  202009d7    00000001     empty.o (.data.rollVal)
                  202009d8    00000001     libc.a : memory.c.obj (.data.memory_is_initialized)

.bss       0    202009dc    000001cc     UNINITIALIZED
                  202009dc    00000120     libsysbm.a : trgmsg.c.obj (.bss:_CIOBUF_)
                  20200afc    000000a0     libc.a : defs.c.obj (.bss.__TI_tmpnams)
                  20200b9c    00000008     libsysbm.a : hostopen.c.obj (.bss.parmbuf)
                  20200ba4    00000004     libc.a : memory.c.obj (.bss.sys_free)

.stack     0    20207e00    00000200     UNINITIALIZED
                  20207e00    00000004     libc.a : boot_cortex_m.c.obj (.stack)
                  20207e04    000001fc     --HOLE--

__llvm_prf_cnts 
*          0    20200000    00000000     UNINITIALIZED

__llvm_prf_bits 
*          0    20200000    00000000     UNINITIALIZED

MODULE SUMMARY

       Module                         code   ro data   rw data
       ------                         ----   -------   -------
    .\
       empty.o                        244    147       8      
       ti_msp_dl_config.o             280    19        0      
       startup_mspm0g350x_ticlang.o   6      192       0      
    +--+------------------------------+------+---------+---------+
       Total:                         530    358       8      
                                                              
    C:/ti/mspm0_sdk_2_03_00_07/source/ti/driverlib/lib/ticlang/m0p/mspm0g1x0x_g3x0x/driverlib.a
       dl_timer.o                     316    12        0      
       dl_common.o                    10     0         0      
    +--+------------------------------+------+---------+---------+
       Total:                         326    12        0      
                                                              
    C:\ti\ccs1281\ccs\tools\compiler\ti-cgt-armllvm_3.2.2.LTS\lib\armv6m-ti-none-eabi/c/libc.a
       _printfi.c.obj                 2198   34        0      
       memory.c.obj                   730    0         5      
       defs.c.obj                     0      0         404    
       fputs.c.obj                    296    2         0      
       aeabi_ctype.S.obj              0      257       0      
       setvbuf.c.obj                  220    0         0      
       getdevice.c.obj                160    0         0      
       fputc.c.obj                    156    0         0      
       memcpy16.S.obj                 154    0         0      
       fclose.c.obj                   124    0         0      
       copy_decompress_lzss.c.obj     120    0         0      
       fseek.c.obj                    116    0         0      
       printf.c.obj                   108    0         0      
       _io_perm.c.obj                 100    0         0      
       memset16.S.obj                 98     0         0      
       fflush.c.obj                   82     0         0      
       atoi.c.obj                     64     0         0      
       exit.c.obj                     56     0         8      
       autoinit.c.obj                 60     0         0      
       fopen.c.obj                    52     0         0      
       boot_cortex_m.c.obj            40     0         0      
       memccpy.c.obj                  34     0         0      
       copy_zero_init.c.obj           22     0         0      
       copy_decompress_none.c.obj     18     0         0      
       wcslen.c.obj                   16     0         0      
       aeabi_portable.c.obj           8      0         4      
       _lock.c.obj                    2      0         8      
       pre_init.c.obj                 4      0         0      
    +--+------------------------------+------+---------+---------+
       Total:                         5038   293       429    
                                                              
    C:\ti\ccs1281\ccs\tools\compiler\ti-cgt-armllvm_3.2.2.LTS\lib\armv6m-ti-none-eabi/c/libsysbm.a
       trgmsg.c.obj                   104    0         288    
       host_device.c.obj              0      0         200    
       hostrename.c.obj               140    0         0      
       hostlseek.c.obj                108    0         0      
       hostopen.c.obj                 96     0         8      
       hostread.c.obj                 88     0         0      
       hostwrite.c.obj                88     0         0      
       close.c.obj                    80     0         0      
       hostclose.c.obj                72     0         0      
       hostunlink.c.obj               72     0         0      
       unlink.c.obj                   44     0         0      
       lseek.c.obj                    40     0         0      
       write.c.obj                    40     0         0      
       remove.c.obj                   8      0         0      
    +--+------------------------------+------+---------+---------+
       Total:                         980    0         496    
                                                              
    C:\ti\ccs1281\ccs\tools\compiler\ti-cgt-armllvm_3.2.2.LTS\lib\clang/15.0.7/lib/armv6m-ti-none-eabi/libclang_rt.builtins.a
       udivmoddi4.S.obj               162    0         0      
       aeabi_uidivmod.S.obj           64     0         0      
       muldsi3.S.obj                  58     0         0      
       muldi3.S.obj                   36     0         0      
       ashldi3.S.obj                  30     0         0      
       aeabi_memset.S.obj             26     0         0      
       aeabi_uldivmod.S.obj           20     0         0      
       aeabi_memcpy.S.obj             8      0         0      
       aeabi_div0.c.obj               4      0         0      
    +--+------------------------------+------+---------+---------+
       Total:                         408    0         0      
                                                              
       Heap:                          0      0         2048   
       Stack:                         0      0         512    
       Linker Generated:              0      132       0      
    +--+------------------------------+------+---------+---------+
       Grand Total:                   7282   795       3493   


LINKER GENERATED COPY TABLES

__TI_cinit_table @ 00001f94 records: 2, size/record: 8, table size: 16
	.data: load addr=00001f20, load size=00000060 bytes, run addr=20200800, run size=000001d9 bytes, compression=lzss
	.bss: load addr=00001f8c, load size=00000008 bytes, run addr=202009dc, run size=000001cc bytes, compression=zero_init


LINKER GENERATED HANDLER TABLE

__TI_handler_table @ 00001f80 records: 3, size/record: 4, table size: 12
	index: 0, handler: __TI_decompress_lzss
	index: 1, handler: __TI_decompress_none
	index: 2, handler: __TI_zero_init


GLOBAL SYMBOLS: SORTED ALPHABETICALLY BY Name 

address   name                           
-------   ----                           
00000ef3  ADC0_IRQHandler                
00000ef3  ADC1_IRQHandler                
00000ef3  AES_IRQHandler                 
00001d3c  C$$EXIT                        
00001a55  C$$IO$$                        
00000ef3  CANFD0_IRQHandler              
00000ef3  DAC0_IRQHandler                
00001cf9  DL_Common_delayCycles          
00001c85  DL_Timer_getCaptureCompareValue
00000a75  DL_Timer_initCaptureMode       
00001be9  DL_Timer_setClockConfig        
00000ef3  DMA_IRQHandler                 
00000ef3  Default_Handler                
00000ef3  GROUP0_IRQHandler              
00000ef3  GROUP1_IRQHandler              
00001751  HOSTclose                      
00001215  HOSTlseek                      
000014ed  HOSTopen                       
000015a9  HOSTread                       
00001281  HOSTrename                     
00001799  HOSTunlink                     
00001601  HOSTwrite                      
00000ef3  HardFault_Handler              
00000ef3  I2C0_IRQHandler                
00000ef3  I2C1_IRQHandler                
00000ef3  NMI_Handler                    
00000ef3  PendSV_Handler                 
00000ef3  RTC_IRQHandler                 
00001d35  Reset_Handler                  
00000ef3  SPI0_IRQHandler                
00000ef3  SPI1_IRQHandler                
00000ef3  SVC_Handler                    
000018a1  SYSCFG_DL_CAPTURE_0_init       
00001659  SYSCFG_DL_GPIO_init            
000017e1  SYSCFG_DL_SYSCTL_init          
00001c37  SYSCFG_DL_init                 
0000198d  SYSCFG_DL_initPower            
00000ef3  SysTick_Handler                
00000ef3  TIMA0_IRQHandler               
00000ef3  TIMA1_IRQHandler               
0000102d  TIMG0_IRQHandler               
00000ef3  TIMG12_IRQHandler              
00000ef3  TIMG6_IRQHandler               
00000ef3  TIMG7_IRQHandler               
00000ef3  TIMG8_IRQHandler               
00000ef3  UART0_IRQHandler               
00000ef3  UART1_IRQHandler               
00000ef3  UART2_IRQHandler               
00000ef3  UART3_IRQHandler               
202009dc  _CIOBUF_                       
202009dc  __CIOBUF_                      
20208000  __STACK_END                    
00000200  __STACK_SIZE                   
00000800  __SYSMEM_SIZE                  
00000000  __TI_ATRegion0_region_sz       
00000000  __TI_ATRegion0_src_addr        
00000000  __TI_ATRegion0_trg_addr        
00000000  __TI_ATRegion1_region_sz       
00000000  __TI_ATRegion1_src_addr        
00000000  __TI_ATRegion1_trg_addr        
00000000  __TI_ATRegion2_region_sz       
00000000  __TI_ATRegion2_src_addr        
00000000  __TI_ATRegion2_trg_addr        
00001f94  __TI_CINIT_Base                
00001fa4  __TI_CINIT_Limit               
00001fa4  __TI_CINIT_Warm                
00001f80  __TI_Handler_Table_Base        
00001f8c  __TI_Handler_Table_Limit       
000018dd  __TI_auto_init_nobinit_nopinit 
000019c1  __TI_cleanup                   
202009b8  __TI_cleanup_ptr               
000010a9  __TI_closefile                 
0000119d  __TI_decompress_lzss           
00001c73  __TI_decompress_none           
000016ad  __TI_doflush                   
202009bc  __TI_dtors_ptr                 
202009c0  __TI_ft_end                    
ffffffff  __TI_pprof_out_hndl            
000000c1  __TI_printfi_nofloat           
ffffffff  __TI_prof_data_size            
ffffffff  __TI_prof_data_start           
000019f5  __TI_readmsg                   
00000000  __TI_static_base__             
20200afc  __TI_tmpnams                   
00001a29  __TI_writemsg                  
000013c1  __TI_wrt_ok                    
00001c21  __TI_zero_init_nomemset        
00001d40  __aeabi_ctype_table_           
00001d40  __aeabi_ctype_table_C          
202009c4  __aeabi_errno                  
00001d05  __aeabi_errno_addr             
0000102b  __aeabi_idiv0                  
000014eb  __aeabi_ldiv0                  
00001bc9  __aeabi_llsl                   
00001b5d  __aeabi_lmul                   
00001ce1  __aeabi_memclr                 
00001ce1  __aeabi_memclr4                
00001ce1  __aeabi_memclr8                
00001d0d  __aeabi_memcpy                 
00001d0d  __aeabi_memcpy4                
00001d0d  __aeabi_memcpy8                
00001cb5  __aeabi_memset                 
00001cb5  __aeabi_memset4                
00001cb5  __aeabi_memset8                
00001821  __aeabi_uidiv                  
00001821  __aeabi_uidivmod               
00001c4d  __aeabi_uldivmod               
00001bc9  __ashldi3                      
ffffffff  __binit__                      
UNDEFED   __mpu_init                     
00001b5d  __muldi3                       
00001919  __muldsi3                      
20207e00  __stack                        
20200000  __start___llvm_prf_bits        
20200000  __start___llvm_prf_cnts        
20200000  __stop___llvm_prf_bits         
20200000  __stop___llvm_prf_cnts         
00000e51  __udivmoddi4                   
00001b35  _c_int00_noargs                
202008f0  _device                        
20200800  _ftable                        
202009c8  _lock                          
000016ff  _nop                           
20200968  _stream                        
20200000  _sys_memory                    
UNDEFED   _system_post_cinit             
00001d39  _system_pre_init               
202009cc  _unlock                        
00001d3d  abort                          
00000949  aligned_alloc                  
00001861  atoi                           
ffffffff  binit                          
202009d6  capStatus                      
202009d0  capTime                        
00001701  close                          
00001a5d  exit                           
00001955  finddevice                     
00000ef5  fputc                          
00000b85  fputs                          
00000c89  free                           
00001d25  fseek                          
000012ed  fseeko                         
00001359  getdevice                      
00000000  interruptVectors               
00001ae5  lseek                          
00001125  main                           
00001ced  malloc                         
00000949  memalign                       
00001ba5  memccpy                        
00000f91  memcpy                         
00001489  memset                         
20200b9c  parmbuf                        
0000154d  printf                         
00001b81  puts                           
00001d2d  remove                         
202009d4  rollOver                       
00000d75  setvbuf                        
00001a91  unlink                         
00001c95  wcslen                         
00001b0d  write                          


GLOBAL SYMBOLS: SORTED BY Symbol Address 

address   name                           
-------   ----                           
00000000  __TI_ATRegion0_region_sz       
00000000  __TI_ATRegion0_src_addr        
00000000  __TI_ATRegion0_trg_addr        
00000000  __TI_ATRegion1_region_sz       
00000000  __TI_ATRegion1_src_addr        
00000000  __TI_ATRegion1_trg_addr        
00000000  __TI_ATRegion2_region_sz       
00000000  __TI_ATRegion2_src_addr        
00000000  __TI_ATRegion2_trg_addr        
00000000  __TI_static_base__             
00000000  interruptVectors               
000000c1  __TI_printfi_nofloat           
00000200  __STACK_SIZE                   
00000800  __SYSMEM_SIZE                  
00000949  aligned_alloc                  
00000949  memalign                       
00000a75  DL_Timer_initCaptureMode       
00000b85  fputs                          
00000c89  free                           
00000d75  setvbuf                        
00000e51  __udivmoddi4                   
00000ef3  ADC0_IRQHandler                
00000ef3  ADC1_IRQHandler                
00000ef3  AES_IRQHandler                 
00000ef3  CANFD0_IRQHandler              
00000ef3  DAC0_IRQHandler                
00000ef3  DMA_IRQHandler                 
00000ef3  Default_Handler                
00000ef3  GROUP0_IRQHandler              
00000ef3  GROUP1_IRQHandler              
00000ef3  HardFault_Handler              
00000ef3  I2C0_IRQHandler                
00000ef3  I2C1_IRQHandler                
00000ef3  NMI_Handler                    
00000ef3  PendSV_Handler                 
00000ef3  RTC_IRQHandler                 
00000ef3  SPI0_IRQHandler                
00000ef3  SPI1_IRQHandler                
00000ef3  SVC_Handler                    
00000ef3  SysTick_Handler                
00000ef3  TIMA0_IRQHandler               
00000ef3  TIMA1_IRQHandler               
00000ef3  TIMG12_IRQHandler              
00000ef3  TIMG6_IRQHandler               
00000ef3  TIMG7_IRQHandler               
00000ef3  TIMG8_IRQHandler               
00000ef3  UART0_IRQHandler               
00000ef3  UART1_IRQHandler               
00000ef3  UART2_IRQHandler               
00000ef3  UART3_IRQHandler               
00000ef5  fputc                          
00000f91  memcpy                         
0000102b  __aeabi_idiv0                  
0000102d  TIMG0_IRQHandler               
000010a9  __TI_closefile                 
00001125  main                           
0000119d  __TI_decompress_lzss           
00001215  HOSTlseek                      
00001281  HOSTrename                     
000012ed  fseeko                         
00001359  getdevice                      
000013c1  __TI_wrt_ok                    
00001489  memset                         
000014eb  __aeabi_ldiv0                  
000014ed  HOSTopen                       
0000154d  printf                         
000015a9  HOSTread                       
00001601  HOSTwrite                      
00001659  SYSCFG_DL_GPIO_init            
000016ad  __TI_doflush                   
000016ff  _nop                           
00001701  close                          
00001751  HOSTclose                      
00001799  HOSTunlink                     
000017e1  SYSCFG_DL_SYSCTL_init          
00001821  __aeabi_uidiv                  
00001821  __aeabi_uidivmod               
00001861  atoi                           
000018a1  SYSCFG_DL_CAPTURE_0_init       
000018dd  __TI_auto_init_nobinit_nopinit 
00001919  __muldsi3                      
00001955  finddevice                     
0000198d  SYSCFG_DL_initPower            
000019c1  __TI_cleanup                   
000019f5  __TI_readmsg                   
00001a29  __TI_writemsg                  
00001a55  C$$IO$$                        
00001a5d  exit                           
00001a91  unlink                         
00001ae5  lseek                          
00001b0d  write                          
00001b35  _c_int00_noargs                
00001b5d  __aeabi_lmul                   
00001b5d  __muldi3                       
00001b81  puts                           
00001ba5  memccpy                        
00001bc9  __aeabi_llsl                   
00001bc9  __ashldi3                      
00001be9  DL_Timer_setClockConfig        
00001c21  __TI_zero_init_nomemset        
00001c37  SYSCFG_DL_init                 
00001c4d  __aeabi_uldivmod               
00001c73  __TI_decompress_none           
00001c85  DL_Timer_getCaptureCompareValue
00001c95  wcslen                         
00001cb5  __aeabi_memset                 
00001cb5  __aeabi_memset4                
00001cb5  __aeabi_memset8                
00001ce1  __aeabi_memclr                 
00001ce1  __aeabi_memclr4                
00001ce1  __aeabi_memclr8                
00001ced  malloc                         
00001cf9  DL_Common_delayCycles          
00001d05  __aeabi_errno_addr             
00001d0d  __aeabi_memcpy                 
00001d0d  __aeabi_memcpy4                
00001d0d  __aeabi_memcpy8                
00001d25  fseek                          
00001d2d  remove                         
00001d35  Reset_Handler                  
00001d39  _system_pre_init               
00001d3c  C$$EXIT                        
00001d3d  abort                          
00001d40  __aeabi_ctype_table_           
00001d40  __aeabi_ctype_table_C          
00001f80  __TI_Handler_Table_Base        
00001f8c  __TI_Handler_Table_Limit       
00001f94  __TI_CINIT_Base                
00001fa4  __TI_CINIT_Limit               
00001fa4  __TI_CINIT_Warm                
20200000  __start___llvm_prf_bits        
20200000  __start___llvm_prf_cnts        
20200000  __stop___llvm_prf_bits         
20200000  __stop___llvm_prf_cnts         
20200000  _sys_memory                    
20200800  _ftable                        
202008f0  _device                        
20200968  _stream                        
202009b8  __TI_cleanup_ptr               
202009bc  __TI_dtors_ptr                 
202009c0  __TI_ft_end                    
202009c4  __aeabi_errno                  
202009c8  _lock                          
202009cc  _unlock                        
202009d0  capTime                        
202009d4  rollOver                       
202009d6  capStatus                      
202009dc  _CIOBUF_                       
202009dc  __CIOBUF_                      
20200afc  __TI_tmpnams                   
20200b9c  parmbuf                        
20207e00  __stack                        
20208000  __STACK_END                    
ffffffff  __TI_pprof_out_hndl            
ffffffff  __TI_prof_data_size            
ffffffff  __TI_prof_data_start           
ffffffff  __binit__                      
ffffffff  binit                          
UNDEFED   __mpu_init                     
UNDEFED   _system_post_cinit             

[160 symbols]
