******************************************************************************
            TI ARM Clang Linker PC v3.2.2                      
******************************************************************************
>> Linked Thu Feb  6 09:55:53 2025

OUTPUT FILE NAME:   <empty_LP_MSPM0G3507_nortos_ticlang.out>
ENTRY POINT SYMBOL: "_c_int00_noargs"  address: 000002e5


MEMORY CONFIGURATION

         name            origin    length      used     unused   attr    fill
----------------------  --------  ---------  --------  --------  ----  --------
  FLASH                 00000000   00020000  000003f0  0001fc10  R  X
  SRAM                  20200000   00008000  000002bc  00007d44  RW X
  BCR_CONFIG            41c00000   00000080  00000000  00000080  R   
  BSL_CONFIG            41c00100   00000080  00000000  00000080  R   


SEGMENT ALLOCATION MAP

run origin  load origin   length   init length attrs members
----------  ----------- ---------- ----------- ----- -------
00000000    00000000    000003f0   000003f0    r-x
  00000000    00000000    000000c0   000000c0    r-- .intvecs
  000000c0    000000c0    00000300   00000300    r-x .text
  000003c0    000003c0    00000018   00000018    r-- .rodata
  000003d8    000003d8    00000018   00000018    r-- .cinit
20200000    20200000    000000bc   00000000    rw-
  20200000    20200000    000000bc   00000000    rw- .bss
20207e00    20207e00    00000200   00000000    rw-
  20207e00    20207e00    00000200   00000000    rw- .stack


SECTION ALLOCATION MAP

 output                                  attributes/
section   page    origin      length       input sections
--------  ----  ----------  ----------   ----------------
.intvecs   0    00000000    000000c0     
                  00000000    000000c0     startup_mspm0g350x_ticlang.o (.intvecs)

.text      0    000000c0    00000300     
                  000000c0    000000e8     driverlib.a : dl_timer.o (.text.DL_Timer_initTimerMode)
                  000001a8    00000048     empty.o (.text.main)
                  000001f0    00000044     ti_msp_dl_config.o (.text.SYSCFG_DL_TIMER_0_init)
                  00000234    00000040     ti_msp_dl_config.o (.text.SYSCFG_DL_SYSCTL_init)
                  00000274    0000003c     libc.a : autoinit.c.obj (.text:__TI_auto_init_nobinit_nopinit)
                  000002b0    00000034     ti_msp_dl_config.o (.text.SYSCFG_DL_initPower)
                  000002e4    00000028     libc.a : boot_cortex_m.c.obj (.text:_c_int00_noargs)
                  0000030c    00000024     ti_msp_dl_config.o (.text.SYSCFG_DL_GPIO_init)
                  00000330    00000020     ti_msp_dl_config.o (.text.SYSCFG_DL_init)
                  00000350    00000020     empty.o (.text.TIMA0_IRQHandler)
                  00000370    0000001c     driverlib.a : dl_timer.o (.text.DL_Timer_setClockConfig)
                  0000038c    00000016     libc.a : copy_zero_init.c.obj (.text:decompress:ZI:__TI_zero_init_nomemset)
                  000003a2    0000000a     driverlib.a : dl_common.o (.text.DL_Common_delayCycles)
                  000003ac    00000004     startup_mspm0g350x_ticlang.o (.text.Reset_Handler)
                  000003b0    00000004     libc.a : pre_init.c.obj (.text._system_pre_init)
                  000003b4    00000004            : exit.c.obj (.text:abort)
                  000003b8    00000002     startup_mspm0g350x_ticlang.o (.text.Default_Handler)
                  000003ba    00000006     --HOLE-- [fill = 0]

.cinit     0    000003d8    00000018     
                  000003d8    00000008     (.cinit..bss.load) [load image, compression = zero_init]
                  000003e0    00000004     (__TI_handler_table)
                  000003e4    00000008     (__TI_cinit_table)
                  000003ec    00000004     --HOLE-- [fill = 0]

.rodata    0    000003c0    00000018     
                  000003c0    00000014     ti_msp_dl_config.o (.rodata.gTIMER_0TimerConfig)
                  000003d4    00000003     ti_msp_dl_config.o (.rodata.gTIMER_0ClockConfig)
                  000003d7    00000001     --HOLE-- [fill = 0]

.init_array 
*          0    00000000    00000000     UNINITIALIZED

.binit     0    00000000    00000000     

.bss       0    20200000    000000bc     UNINITIALIZED
                  20200000    000000bc     (.common:gTIMER_0Backup)

.stack     0    20207e00    00000200     UNINITIALIZED
                  20207e00    00000004     libc.a : boot_cortex_m.c.obj (.stack)
                  20207e04    000001fc     --HOLE--

__llvm_prf_cnts 
*          0    20200000    00000000     UNINITIALIZED

__llvm_prf_bits 
*          0    20200000    00000000     UNINITIALIZED

MODULE SUMMARY

       Module                         code   ro data   rw data
       ------                         ----   -------   -------
    .\
       ti_msp_dl_config.o             252    23        188    
       startup_mspm0g350x_ticlang.o   6      192       0      
       empty.o                        104    0         0      
    +--+------------------------------+------+---------+---------+
       Total:                         362    215       188    
                                                              
    C:/ti/mspm0_sdk_2_03_00_07/source/ti/driverlib/lib/ticlang/m0p/mspm0g1x0x_g3x0x/driverlib.a
       dl_timer.o                     260    0         0      
       dl_common.o                    10     0         0      
    +--+------------------------------+------+---------+---------+
       Total:                         270    0         0      
                                                              
    C:\ti\ccs1281\ccs\tools\compiler\ti-cgt-armllvm_3.2.2.LTS\lib\armv6m-ti-none-eabi/c/libc.a
       autoinit.c.obj                 60     0         0      
       boot_cortex_m.c.obj            40     0         0      
       copy_zero_init.c.obj           22     0         0      
       exit.c.obj                     4      0         0      
       pre_init.c.obj                 4      0         0      
    +--+------------------------------+------+---------+---------+
       Total:                         130    0         0      
                                                              
       Stack:                         0      0         512    
       Linker Generated:              0      20        0      
    +--+------------------------------+------+---------+---------+
       Grand Total:                   762    235       700    


LINKER GENERATED COPY TABLES

__TI_cinit_table @ 000003e4 records: 1, size/record: 8, table size: 8
	.bss: load addr=000003d8, load size=00000008 bytes, run addr=20200000, run size=000000bc bytes, compression=zero_init


LINKER GENERATED HANDLER TABLE

__TI_handler_table @ 000003e0 records: 1, size/record: 4, table size: 4
	index: 0, handler: __TI_zero_init


GLOBAL SYMBOLS: SORTED ALPHABETICALLY BY Name 

address   name                          
-------   ----                          
000003b9  ADC0_IRQHandler               
000003b9  ADC1_IRQHandler               
000003b9  AES_IRQHandler                
000003b4  C$$EXIT                       
000003b9  CANFD0_IRQHandler             
000003b9  DAC0_IRQHandler               
000003a3  DL_Common_delayCycles         
000000c1  DL_Timer_initTimerMode        
00000371  DL_Timer_setClockConfig       
000003b9  DMA_IRQHandler                
000003b9  Default_Handler               
000003b9  GROUP0_IRQHandler             
000003b9  GROUP1_IRQHandler             
000003b9  HardFault_Handler             
000003b9  I2C0_IRQHandler               
000003b9  I2C1_IRQHandler               
000003b9  NMI_Handler                   
000003b9  PendSV_Handler                
000003b9  RTC_IRQHandler                
000003ad  Reset_Handler                 
000003b9  SPI0_IRQHandler               
000003b9  SPI1_IRQHandler               
000003b9  SVC_Handler                   
0000030d  SYSCFG_DL_GPIO_init           
00000235  SYSCFG_DL_SYSCTL_init         
000001f1  SYSCFG_DL_TIMER_0_init        
00000331  SYSCFG_DL_init                
000002b1  SYSCFG_DL_initPower           
000003b9  SysTick_Handler               
00000351  TIMA0_IRQHandler              
000003b9  TIMA1_IRQHandler              
000003b9  TIMG0_IRQHandler              
000003b9  TIMG12_IRQHandler             
000003b9  TIMG6_IRQHandler              
000003b9  TIMG7_IRQHandler              
000003b9  TIMG8_IRQHandler              
000003b9  UART0_IRQHandler              
000003b9  UART1_IRQHandler              
000003b9  UART2_IRQHandler              
000003b9  UART3_IRQHandler              
20208000  __STACK_END                   
00000200  __STACK_SIZE                  
00000000  __TI_ATRegion0_region_sz      
00000000  __TI_ATRegion0_src_addr       
00000000  __TI_ATRegion0_trg_addr       
00000000  __TI_ATRegion1_region_sz      
00000000  __TI_ATRegion1_src_addr       
00000000  __TI_ATRegion1_trg_addr       
00000000  __TI_ATRegion2_region_sz      
00000000  __TI_ATRegion2_src_addr       
00000000  __TI_ATRegion2_trg_addr       
000003e4  __TI_CINIT_Base               
000003ec  __TI_CINIT_Limit              
000003ec  __TI_CINIT_Warm               
000003e0  __TI_Handler_Table_Base       
000003e4  __TI_Handler_Table_Limit      
00000275  __TI_auto_init_nobinit_nopinit
ffffffff  __TI_pprof_out_hndl           
ffffffff  __TI_prof_data_size           
ffffffff  __TI_prof_data_start          
00000000  __TI_static_base__            
0000038d  __TI_zero_init_nomemset       
ffffffff  __binit__                     
UNDEFED   __mpu_init                    
20207e00  __stack                       
20200000  __start___llvm_prf_bits       
20200000  __start___llvm_prf_cnts       
20200000  __stop___llvm_prf_bits        
20200000  __stop___llvm_prf_cnts        
000002e5  _c_int00_noargs               
UNDEFED   _system_post_cinit            
000003b1  _system_pre_init              
000003b5  abort                         
ffffffff  binit                         
20200000  gTIMER_0Backup                
00000000  interruptVectors              
000001a9  main                          


GLOBAL SYMBOLS: SORTED BY Symbol Address 

address   name                          
-------   ----                          
00000000  __TI_ATRegion0_region_sz      
00000000  __TI_ATRegion0_src_addr       
00000000  __TI_ATRegion0_trg_addr       
00000000  __TI_ATRegion1_region_sz      
00000000  __TI_ATRegion1_src_addr       
00000000  __TI_ATRegion1_trg_addr       
00000000  __TI_ATRegion2_region_sz      
00000000  __TI_ATRegion2_src_addr       
00000000  __TI_ATRegion2_trg_addr       
00000000  __TI_static_base__            
00000000  interruptVectors              
000000c1  DL_Timer_initTimerMode        
000001a9  main                          
000001f1  SYSCFG_DL_TIMER_0_init        
00000200  __STACK_SIZE                  
00000235  SYSCFG_DL_SYSCTL_init         
00000275  __TI_auto_init_nobinit_nopinit
000002b1  SYSCFG_DL_initPower           
000002e5  _c_int00_noargs               
0000030d  SYSCFG_DL_GPIO_init           
00000331  SYSCFG_DL_init                
00000351  TIMA0_IRQHandler              
00000371  DL_Timer_setClockConfig       
0000038d  __TI_zero_init_nomemset       
000003a3  DL_Common_delayCycles         
000003ad  Reset_Handler                 
000003b1  _system_pre_init              
000003b4  C$$EXIT                       
000003b5  abort                         
000003b9  ADC0_IRQHandler               
000003b9  ADC1_IRQHandler               
000003b9  AES_IRQHandler                
000003b9  CANFD0_IRQHandler             
000003b9  DAC0_IRQHandler               
000003b9  DMA_IRQHandler                
000003b9  Default_Handler               
000003b9  GROUP0_IRQHandler             
000003b9  GROUP1_IRQHandler             
000003b9  HardFault_Handler             
000003b9  I2C0_IRQHandler               
000003b9  I2C1_IRQHandler               
000003b9  NMI_Handler                   
000003b9  PendSV_Handler                
000003b9  RTC_IRQHandler                
000003b9  SPI0_IRQHandler               
000003b9  SPI1_IRQHandler               
000003b9  SVC_Handler                   
000003b9  SysTick_Handler               
000003b9  TIMA1_IRQHandler              
000003b9  TIMG0_IRQHandler              
000003b9  TIMG12_IRQHandler             
000003b9  TIMG6_IRQHandler              
000003b9  TIMG7_IRQHandler              
000003b9  TIMG8_IRQHandler              
000003b9  UART0_IRQHandler              
000003b9  UART1_IRQHandler              
000003b9  UART2_IRQHandler              
000003b9  UART3_IRQHandler              
000003e0  __TI_Handler_Table_Base       
000003e4  __TI_CINIT_Base               
000003e4  __TI_Handler_Table_Limit      
000003ec  __TI_CINIT_Limit              
000003ec  __TI_CINIT_Warm               
20200000  __start___llvm_prf_bits       
20200000  __start___llvm_prf_cnts       
20200000  __stop___llvm_prf_bits        
20200000  __stop___llvm_prf_cnts        
20200000  gTIMER_0Backup                
20207e00  __stack                       
20208000  __STACK_END                   
ffffffff  __TI_pprof_out_hndl           
ffffffff  __TI_prof_data_size           
ffffffff  __TI_prof_data_start          
ffffffff  __binit__                     
ffffffff  binit                         
UNDEFED   __mpu_init                    
UNDEFED   _system_post_cinit            

[77 symbols]
