******************************************************************************
            TI ARM Clang Linker PC v3.2.2                      
******************************************************************************
>> Linked Thu Mar  6 11:58:38 2025

OUTPUT FILE NAME:   <timx_timer_mode_capture_edge_capture_LP_MSPM0G3507_nortos_ticlang.out>
ENTRY POINT SYMBOL: "_c_int00_noargs"  address: 00000365


MEMORY CONFIGURATION

         name            origin    length      used     unused   attr    fill
----------------------  --------  ---------  --------  --------  ----  --------
  FLASH                 00000000   00020000  00000460  0001fba0  R  X
  SRAM                  20200000   00008000  000002a5  00007d5b  RW X
  BCR_CONFIG            41c00000   00000080  00000000  00000080  R   
  BSL_CONFIG            41c00100   00000080  00000000  00000080  R   


SEGMENT ALLOCATION MAP

run origin  load origin   length   init length attrs members
----------  ----------- ---------- ----------- ----- -------
00000000    00000000    00000460   00000460    r-x
  00000000    00000000    000000c0   000000c0    r-- .intvecs
  000000c0    000000c0    00000368   00000368    r-x .text
  00000428    00000428    00000020   00000020    r-- .rodata
  00000448    00000448    00000018   00000018    r-- .cinit
20200000    20200000    000000a5   00000000    rw-
  20200000    20200000    000000a5   00000000    rw- .bss
20207e00    20207e00    00000200   00000000    rw-
  20207e00    20207e00    00000200   00000000    rw- .stack


SECTION ALLOCATION MAP

 output                                  attributes/
section   page    origin      length       input sections
--------  ----  ----------  ----------   ----------------
.intvecs   0    00000000    000000c0     
                  00000000    000000c0     startup_mspm0g350x_ticlang.o (.intvecs)

.text      0    000000c0    00000368     
                  000000c0    00000110     driverlib.a : dl_timer.o (.text.DL_Timer_initCaptureMode)
                  000001d0    0000007c     timx_timer_mode_capture_edge_capture.o (.text.main)
                  0000024c    00000040     ti_msp_dl_config.o (.text.SYSCFG_DL_SYSCTL_init)
                  0000028c    0000003c     ti_msp_dl_config.o (.text.SYSCFG_DL_CAPTURE_0_init)
                  000002c8    0000003c     libc.a : autoinit.c.obj (.text:__TI_auto_init_nobinit_nopinit)
                  00000304    00000034     ti_msp_dl_config.o (.text.SYSCFG_DL_initPower)
                  00000338    0000002c     ti_msp_dl_config.o (.text.SYSCFG_DL_GPIO_init)
                  00000364    00000028     libc.a : boot_cortex_m.c.obj (.text:_c_int00_noargs)
                  0000038c    00000020     ti_msp_dl_config.o (.text.SYSCFG_DL_init)
                  000003ac    0000001c     driverlib.a : dl_timer.o (.text.DL_Timer_setClockConfig)
                  000003c8    0000001c     timx_timer_mode_capture_edge_capture.o (.text.TIMG6_IRQHandler)
                  000003e4    00000016     libc.a : copy_zero_init.c.obj (.text:decompress:ZI:__TI_zero_init_nomemset)
                  000003fa    00000002     startup_mspm0g350x_ticlang.o (.text.Default_Handler)
                  000003fc    00000010     driverlib.a : dl_timer.o (.text.DL_Timer_getCaptureCompareValue)
                  0000040c    0000000a                 : dl_common.o (.text.DL_Common_delayCycles)
                  00000416    00000004     startup_mspm0g350x_ticlang.o (.text.Reset_Handler)
                  0000041a    00000004     libc.a : pre_init.c.obj (.text._system_pre_init)
                  0000041e    00000004            : exit.c.obj (.text:abort)
                  00000422    00000006     --HOLE-- [fill = 0]

.cinit     0    00000448    00000018     
                  00000448    00000008     (.cinit..bss.load) [load image, compression = zero_init]
                  00000450    00000004     (__TI_handler_table)
                  00000454    00000008     (__TI_cinit_table)
                  0000045c    00000004     --HOLE-- [fill = 0]

.rodata    0    00000428    00000020     
                  00000428    00000010     ti_msp_dl_config.o (.rodata.gCAPTURE_0CaptureConfig)
                  00000438    0000000c     driverlib.a : dl_timer.o (.rodata..Lswitch.table.DL_Timer_initCompareMode)
                  00000444    00000003     ti_msp_dl_config.o (.rodata.gCAPTURE_0ClockConfig)
                  00000447    00000001     --HOLE-- [fill = 0]

.init_array 
*          0    00000000    00000000     UNINITIALIZED

.binit     0    00000000    00000000     

.bss       0    20200000    000000a5     UNINITIALIZED
                  20200000    000000a0     (.common:gCAPTURE_0Backup)
                  202000a0    00000004     timx_timer_mode_capture_edge_capture.o (.bss.main.edgeCapture)
                  202000a4    00000001     (.common:gCheckEdgeCaptureTime)

.stack     0    20207e00    00000200     UNINITIALIZED
                  20207e00    00000004     libc.a : boot_cortex_m.c.obj (.stack)
                  20207e04    000001fc     --HOLE--

__llvm_prf_cnts 
*          0    20200000    00000000     UNINITIALIZED

__llvm_prf_bits 
*          0    20200000    00000000     UNINITIALIZED

MODULE SUMMARY

       Module                                   code   ro data   rw data
       ------                                   ----   -------   -------
    .\
       ti_msp_dl_config.o                       252    19        160    
       startup_mspm0g350x_ticlang.o             6      192       0      
       timx_timer_mode_capture_edge_capture.o   152    0         5      
    +--+----------------------------------------+------+---------+---------+
       Total:                                   410    211       165    
                                                                        
    C:/ti/mspm0_sdk_2_03_00_07/source/ti/driverlib/lib/ticlang/m0p/mspm0g1x0x_g3x0x/driverlib.a
       dl_timer.o                               316    12        0      
       dl_common.o                              10     0         0      
    +--+----------------------------------------+------+---------+---------+
       Total:                                   326    12        0      
                                                                        
    C:\ti\ccs1281\ccs\tools\compiler\ti-cgt-armllvm_3.2.2.LTS\lib\armv6m-ti-none-eabi/c/libc.a
       autoinit.c.obj                           60     0         0      
       boot_cortex_m.c.obj                      40     0         0      
       copy_zero_init.c.obj                     22     0         0      
       exit.c.obj                               4      0         0      
       pre_init.c.obj                           4      0         0      
    +--+----------------------------------------+------+---------+---------+
       Total:                                   130    0         0      
                                                                        
       Stack:                                   0      0         512    
       Linker Generated:                        0      20        0      
    +--+----------------------------------------+------+---------+---------+
       Grand Total:                             866    243       677    


LINKER GENERATED COPY TABLES

__TI_cinit_table @ 00000454 records: 1, size/record: 8, table size: 8
	.bss: load addr=00000448, load size=00000008 bytes, run addr=20200000, run size=000000a5 bytes, compression=zero_init


LINKER GENERATED HANDLER TABLE

__TI_handler_table @ 00000450 records: 1, size/record: 4, table size: 4
	index: 0, handler: __TI_zero_init


GLOBAL SYMBOLS: SORTED ALPHABETICALLY BY Name 

address   name                           
-------   ----                           
000003fb  ADC0_IRQHandler                
000003fb  ADC1_IRQHandler                
000003fb  AES_IRQHandler                 
0000041e  C$$EXIT                        
000003fb  CANFD0_IRQHandler              
000003fb  DAC0_IRQHandler                
0000040d  DL_Common_delayCycles          
000003fd  DL_Timer_getCaptureCompareValue
000000c1  DL_Timer_initCaptureMode       
000003ad  DL_Timer_setClockConfig        
000003fb  DMA_IRQHandler                 
000003fb  Default_Handler                
000003fb  GROUP0_IRQHandler              
000003fb  GROUP1_IRQHandler              
000003fb  HardFault_Handler              
000003fb  I2C0_IRQHandler                
000003fb  I2C1_IRQHandler                
000003fb  NMI_Handler                    
000003fb  PendSV_Handler                 
000003fb  RTC_IRQHandler                 
00000417  Reset_Handler                  
000003fb  SPI0_IRQHandler                
000003fb  SPI1_IRQHandler                
000003fb  SVC_Handler                    
0000028d  SYSCFG_DL_CAPTURE_0_init       
00000339  SYSCFG_DL_GPIO_init            
0000024d  SYSCFG_DL_SYSCTL_init          
0000038d  SYSCFG_DL_init                 
00000305  SYSCFG_DL_initPower            
000003fb  SysTick_Handler                
000003fb  TIMA0_IRQHandler               
000003fb  TIMA1_IRQHandler               
000003fb  TIMG0_IRQHandler               
000003fb  TIMG12_IRQHandler              
000003c9  TIMG6_IRQHandler               
000003fb  TIMG7_IRQHandler               
000003fb  TIMG8_IRQHandler               
000003fb  UART0_IRQHandler               
000003fb  UART1_IRQHandler               
000003fb  UART2_IRQHandler               
000003fb  UART3_IRQHandler               
20208000  __STACK_END                    
00000200  __STACK_SIZE                   
00000000  __TI_ATRegion0_region_sz       
00000000  __TI_ATRegion0_src_addr        
00000000  __TI_ATRegion0_trg_addr        
00000000  __TI_ATRegion1_region_sz       
00000000  __TI_ATRegion1_src_addr        
00000000  __TI_ATRegion1_trg_addr        
00000000  __TI_ATRegion2_region_sz       
00000000  __TI_ATRegion2_src_addr        
00000000  __TI_ATRegion2_trg_addr        
00000454  __TI_CINIT_Base                
0000045c  __TI_CINIT_Limit               
0000045c  __TI_CINIT_Warm                
00000450  __TI_Handler_Table_Base        
00000454  __TI_Handler_Table_Limit       
000002c9  __TI_auto_init_nobinit_nopinit 
ffffffff  __TI_pprof_out_hndl            
ffffffff  __TI_prof_data_size            
ffffffff  __TI_prof_data_start           
00000000  __TI_static_base__             
000003e5  __TI_zero_init_nomemset        
ffffffff  __binit__                      
UNDEFED   __mpu_init                     
20207e00  __stack                        
20200000  __start___llvm_prf_bits        
20200000  __start___llvm_prf_cnts        
20200000  __stop___llvm_prf_bits         
20200000  __stop___llvm_prf_cnts         
00000365  _c_int00_noargs                
UNDEFED   _system_post_cinit             
0000041b  _system_pre_init               
0000041f  abort                          
ffffffff  binit                          
20200000  gCAPTURE_0Backup               
202000a4  gCheckEdgeCaptureTime          
00000000  interruptVectors               
000001d1  main                           


GLOBAL SYMBOLS: SORTED BY Symbol Address 

address   name                           
-------   ----                           
00000000  __TI_ATRegion0_region_sz       
00000000  __TI_ATRegion0_src_addr        
00000000  __TI_ATRegion0_trg_addr        
00000000  __TI_ATRegion1_region_sz       
00000000  __TI_ATRegion1_src_addr        
00000000  __TI_ATRegion1_trg_addr        
00000000  __TI_ATRegion2_region_sz       
00000000  __TI_ATRegion2_src_addr        
00000000  __TI_ATRegion2_trg_addr        
00000000  __TI_static_base__             
00000000  interruptVectors               
000000c1  DL_Timer_initCaptureMode       
000001d1  main                           
00000200  __STACK_SIZE                   
0000024d  SYSCFG_DL_SYSCTL_init          
0000028d  SYSCFG_DL_CAPTURE_0_init       
000002c9  __TI_auto_init_nobinit_nopinit 
00000305  SYSCFG_DL_initPower            
00000339  SYSCFG_DL_GPIO_init            
00000365  _c_int00_noargs                
0000038d  SYSCFG_DL_init                 
000003ad  DL_Timer_setClockConfig        
000003c9  TIMG6_IRQHandler               
000003e5  __TI_zero_init_nomemset        
000003fb  ADC0_IRQHandler                
000003fb  ADC1_IRQHandler                
000003fb  AES_IRQHandler                 
000003fb  CANFD0_IRQHandler              
000003fb  DAC0_IRQHandler                
000003fb  DMA_IRQHandler                 
000003fb  Default_Handler                
000003fb  GROUP0_IRQHandler              
000003fb  GROUP1_IRQHandler              
000003fb  HardFault_Handler              
000003fb  I2C0_IRQHandler                
000003fb  I2C1_IRQHandler                
000003fb  NMI_Handler                    
000003fb  PendSV_Handler                 
000003fb  RTC_IRQHandler                 
000003fb  SPI0_IRQHandler                
000003fb  SPI1_IRQHandler                
000003fb  SVC_Handler                    
000003fb  SysTick_Handler                
000003fb  TIMA0_IRQHandler               
000003fb  TIMA1_IRQHandler               
000003fb  TIMG0_IRQHandler               
000003fb  TIMG12_IRQHandler              
000003fb  TIMG7_IRQHandler               
000003fb  TIMG8_IRQHandler               
000003fb  UART0_IRQHandler               
000003fb  UART1_IRQHandler               
000003fb  UART2_IRQHandler               
000003fb  UART3_IRQHandler               
000003fd  DL_Timer_getCaptureCompareValue
0000040d  DL_Common_delayCycles          
00000417  Reset_Handler                  
0000041b  _system_pre_init               
0000041e  C$$EXIT                        
0000041f  abort                          
00000450  __TI_Handler_Table_Base        
00000454  __TI_CINIT_Base                
00000454  __TI_Handler_Table_Limit       
0000045c  __TI_CINIT_Limit               
0000045c  __TI_CINIT_Warm                
20200000  __start___llvm_prf_bits        
20200000  __start___llvm_prf_cnts        
20200000  __stop___llvm_prf_bits         
20200000  __stop___llvm_prf_cnts         
20200000  gCAPTURE_0Backup               
202000a4  gCheckEdgeCaptureTime          
20207e00  __stack                        
20208000  __STACK_END                    
ffffffff  __TI_pprof_out_hndl            
ffffffff  __TI_prof_data_size            
ffffffff  __TI_prof_data_start           
ffffffff  __binit__                      
ffffffff  binit                          
UNDEFED   __mpu_init                     
UNDEFED   _system_post_cinit             

[79 symbols]
