******************************************************************************
            TI ARM Clang Linker PC v3.2.2                      
******************************************************************************
>> Linked Thu Mar  6 11:58:34 2025

OUTPUT FILE NAME:   <timer_assi_4.out>
ENTRY POINT SYMBOL: "_c_int00_noargs"  address: 00001409


MEMORY CONFIGURATION

         name            origin    length      used     unused   attr    fill
----------------------  --------  ---------  --------  --------  ----  --------
  FLASH                 00000000   00020000  00001698  0001e968  R  X
  SRAM                  20200000   00008000  00000d9d  00007263  RW X
  BCR_CONFIG            41c00000   00000080  00000000  00000080  R   
  BSL_CONFIG            41c00100   00000080  00000000  00000080  R   


SEGMENT ALLOCATION MAP

run origin  load origin   length   init length attrs members
----------  ----------- ---------- ----------- ----- -------
00000000    00000000    00001698   00001698    r-x
  00000000    00000000    000000c0   000000c0    r-- .intvecs
  000000c0    000000c0    000014f8   000014f8    r-x .text
  000015b8    000015b8    00000050   00000050    r-- .rodata
  00001608    00001608    00000090   00000090    r-- .cinit
20200000    20200000    00000ba0   00000000    rw-
  20200000    20200000    00000800   00000000    rw- .sysmem
  20200800    20200800    000001d1   00000000    rw- .data
  202009d4    202009d4    000001cc   00000000    rw- .bss
20207e00    20207e00    00000200   00000000    rw-
  20207e00    20207e00    00000200   00000000    rw- .stack


SECTION ALLOCATION MAP

 output                                  attributes/
section   page    origin      length       input sections
--------  ----  ----------  ----------   ----------------
.intvecs   0    00000000    000000c0     
                  00000000    000000c0     startup_mspm0g350x_ticlang.o (.intvecs)

.text      0    000000c0    000014f8     
                  000000c0    00000284     libc.a : _printfi.c.obj (.text:__TI_printfi_minimal)
                  00000344    0000012c            : memory.c.obj (.text.aligned_alloc)
                  00000470    00000104     driverlib.a : dl_timer.o (.text.DL_Timer_initFourCCPWMMode)
                  00000574    00000104     libc.a : fputs.c.obj (.text.fputs)
                  00000678    000000ec            : memory.c.obj (.text.free)
                  00000764    000000dc            : setvbuf.c.obj (.text.setvbuf)
                  00000840    000000d0     timer_assi_4.o (.text.main)
                  00000910    0000009c     libc.a : fputc.c.obj (.text.fputc)
                  000009ac    0000009a            : memcpy16.S.obj (.text:memcpy)
                  00000a46    00000002     startup_mspm0g350x_ticlang.o (.text.Default_Handler)
                  00000a48    0000007c     libc.a : fclose.c.obj (.text.__TI_closefile)
                  00000ac4    00000078            : copy_decompress_lzss.c.obj (.text:decompress:lzss)
                  00000b3c    0000006c     libsysbm.a : hostlseek.c.obj (.text.HOSTlseek)
                  00000ba8    0000006c                : hostrename.c.obj (.text.HOSTrename)
                  00000c14    0000006c     ti_msp_dl_config.o (.text.SYSCFG_DL_PWM_0_init)
                  00000c80    0000006c     libc.a : fseek.c.obj (.text.fseeko)
                  00000cec    00000068            : getdevice.c.obj (.text.getdevice)
                  00000d54    00000064            : _io_perm.c.obj (.text.__TI_wrt_ok)
                  00000db8    00000064            : memory.c.obj (.text.split)
                  00000e1c    00000062            : memset16.S.obj (.text:memset)
                  00000e7e    00000002     libclang_rt.builtins.a : aeabi_div0.c.obj (.text.__aeabi_idiv0)
                  00000e80    00000060     libsysbm.a : hostopen.c.obj (.text.HOSTopen)
                  00000ee0    0000005c     libc.a : printf.c.obj (.text.printf)
                  00000f3c    00000058     libsysbm.a : hostread.c.obj (.text.HOSTread)
                  00000f94    00000058                : hostwrite.c.obj (.text.HOSTwrite)
                  00000fec    00000052     libc.a : fflush.c.obj (.text.__TI_doflush)
                  0000103e    00000002            : _lock.c.obj (.text._nop)
                  00001040    00000050     libsysbm.a : close.c.obj (.text.close)
                  00001090    0000004c     ti_msp_dl_config.o (.text.SYSCFG_DL_GPIO_init)
                  000010dc    00000048     libsysbm.a : hostclose.c.obj (.text.HOSTclose)
                  00001124    00000048                : hostunlink.c.obj (.text.HOSTunlink)
                  0000116c    00000040     ti_msp_dl_config.o (.text.SYSCFG_DL_SYSCTL_init)
                  000011ac    00000040     libclang_rt.builtins.a : aeabi_uidivmod.S.obj (.text.__aeabi_uidivmod)
                  000011ec    0000003c     libc.a : autoinit.c.obj (.text:__TI_auto_init_nobinit_nopinit)
                  00001228    00000038            : getdevice.c.obj (.text.finddevice)
                  00001260    00000034     ti_msp_dl_config.o (.text.SYSCFG_DL_initPower)
                  00001294    00000034     libc.a : fopen.c.obj (.text.__TI_cleanup)
                  000012c8    00000034     libsysbm.a : trgmsg.c.obj (.text.__TI_readmsg)
                  000012fc    00000034                : trgmsg.c.obj (.text.__TI_writemsg)
                  00001330    00000034     libc.a : exit.c.obj (.text.exit)
                  00001364    0000002c     libsysbm.a : unlink.c.obj (.text.unlink)
                  00001390    00000028     libc.a : memory.c.obj (.text.free_list_insert)
                  000013b8    00000028     libsysbm.a : lseek.c.obj (.text.lseek)
                  000013e0    00000028                : write.c.obj (.text.write)
                  00001408    00000028     libc.a : boot_cortex_m.c.obj (.text:_c_int00_noargs)
                  00001430    00000022            : memccpy.c.obj (.text.memccpy)
                  00001452    00000002     --HOLE-- [fill = 0]
                  00001454    0000001c     driverlib.a : dl_timer.o (.text.DL_Timer_setCaptCompUpdateMethod)
                  00001470    0000001c                 : dl_timer.o (.text.DL_Timer_setClockConfig)
                  0000148c    0000001c     libc.a : memory.c.obj (.text.free_list_remove)
                  000014a8    00000018     driverlib.a : dl_timer.o (.text.DL_Timer_setCaptureCompareOutCtl)
                  000014c0    00000016     libc.a : copy_zero_init.c.obj (.text:decompress:ZI:__TI_zero_init_nomemset)
                  000014d6    00000014     ti_msp_dl_config.o (.text.SYSCFG_DL_init)
                  000014ea    00000012     libsysbm.a : hostrename.c.obj (.text.strcpy)
                  000014fc    00000012     libc.a : copy_decompress_none.c.obj (.text:decompress:none)
                  0000150e    00000002     --HOLE-- [fill = 0]
                  00001510    00000010     driverlib.a : dl_timer.o (.text.DL_Timer_setCaptureCompareValue)
                  00001520    0000000e     libc.a : memory.c.obj (.text.OUTLINED_FUNCTION_0)
                  0000152e    00000002     --HOLE-- [fill = 0]
                  00001530    0000000e     libclang_rt.builtins.a : aeabi_memset.S.obj (.text.__aeabi_memset)
                  0000153e    0000000e     libc.a : _printfi.c.obj (.text.strlen)
                  0000154c    0000000e     libsysbm.a : hostrename.c.obj (.text.strlen)
                  0000155a    00000002     --HOLE-- [fill = 0]
                  0000155c    0000000c     libclang_rt.builtins.a : aeabi_memset.S.obj (.text.__aeabi_memclr)
                  00001568    0000000c     libc.a : memory.c.obj (.text.malloc)
                  00001574    0000000a     driverlib.a : dl_common.o (.text.DL_Common_delayCycles)
                  0000157e    00000002     --HOLE-- [fill = 0]
                  00001580    00000008     libclang_rt.builtins.a : aeabi_memcpy.S.obj (.text.__aeabi_memcpy)
                  00001588    00000008     libc.a : printf.c.obj (.text._outc)
                  00001590    00000008            : printf.c.obj (.text._outs)
                  00001598    00000008            : fseek.c.obj (.text.fseek)
                  000015a0    00000008     libsysbm.a : remove.c.obj (.text.remove)
                  000015a8    00000004     startup_mspm0g350x_ticlang.o (.text.Reset_Handler)
                  000015ac    00000004     libc.a : pre_init.c.obj (.text._system_pre_init)
                  000015b0    00000004            : exit.c.obj (.text:abort)
                  000015b4    00000004     --HOLE-- [fill = 0]

.cinit     0    00001608    00000090     
                  00001608    00000065     (.cinit..data.load) [load image, compression = lzss]
                  0000166d    00000003     --HOLE-- [fill = 0]
                  00001670    0000000c     (__TI_handler_table)
                  0000167c    00000008     (.cinit..bss.load) [load image, compression = zero_init]
                  00001684    00000010     (__TI_cinit_table)
                  00001694    00000004     --HOLE-- [fill = 0]

.rodata    0    000015b8    00000050     
                  000015b8    0000001a     timer_assi_4.o (.rodata.str1.135450545298211763661)
                  000015d2    0000001a     timer_assi_4.o (.rodata.str1.2012262854659370031)
                  000015ec    00000011     libc.a : _printfi.c.obj (.rodata.str1.44690500295887128011)
                  000015fd    00000003     ti_msp_dl_config.o (.rodata.gPWM_0ClockConfig)
                  00001600    00000008     ti_msp_dl_config.o (.rodata.gPWM_0Config)

.init_array 
*          0    00000000    00000000     UNINITIALIZED

.binit     0    00000000    00000000     

.sysmem    0    20200000    00000800     UNINITIALIZED
                  20200000    00000010     libc.a : memory.c.obj (.sysmem)
                  20200010    000007f0     --HOLE--

.data      0    20200800    000001d1     UNINITIALIZED
                  20200800    000000f0     libc.a : defs.c.obj (.data._ftable)
                  202008f0    00000078     libsysbm.a : host_device.c.obj (.data._device)
                  20200968    00000050                : host_device.c.obj (.data._stream)
                  202009b8    00000008     libc.a : exit.c.obj (.data..L_MergedGlobals)
                  202009c0    00000004            : defs.c.obj (.data.__TI_ft_end)
                  202009c4    00000004            : _lock.c.obj (.data._lock)
                  202009c8    00000004            : _lock.c.obj (.data._unlock)
                  202009cc    00000002     timer_assi_4.o (.data.dutyCycle)
                  202009ce    00000002     --HOLE--
                  202009d0    00000001     libc.a : memory.c.obj (.data.memory_is_initialized)

.bss       0    202009d4    000001cc     UNINITIALIZED
                  202009d4    00000120     libsysbm.a : trgmsg.c.obj (.bss:_CIOBUF_)
                  20200af4    000000a0     libc.a : defs.c.obj (.bss.__TI_tmpnams)
                  20200b94    00000008     libsysbm.a : hostopen.c.obj (.bss.parmbuf)
                  20200b9c    00000004     libc.a : memory.c.obj (.bss.sys_free)

.stack     0    20207e00    00000200     UNINITIALIZED
                  20207e00    00000004     libc.a : boot_cortex_m.c.obj (.stack)
                  20207e04    000001fc     --HOLE--

__llvm_prf_cnts 
*          0    20200000    00000000     UNINITIALIZED

__llvm_prf_bits 
*          0    20200000    00000000     UNINITIALIZED

MODULE SUMMARY

       Module                         code   ro data   rw data
       ------                         ----   -------   -------
    .\
       ti_msp_dl_config.o             320    11        0      
       timer_assi_4.o                 208    52        2      
       startup_mspm0g350x_ticlang.o   6      192       0      
    +--+------------------------------+------+---------+---------+
       Total:                         534    255       2      
                                                              
    C:/ti/mspm0_sdk_2_03_00_07/source/ti/driverlib/lib/ticlang/m0p/mspm0g1x0x_g3x0x/driverlib.a
       dl_timer.o                     356    0         0      
       dl_common.o                    10     0         0      
    +--+------------------------------+------+---------+---------+
       Total:                         366    0         0      
                                                              
    C:\ti\ccs1281\ccs\tools\compiler\ti-cgt-armllvm_3.2.2.LTS\lib\armv6m-ti-none-eabi/c/libc.a
       memory.c.obj                   730    0         5      
       _printfi.c.obj                 658    17        0      
       defs.c.obj                     0      0         404    
       fputs.c.obj                    260    0         0      
       setvbuf.c.obj                  220    0         0      
       getdevice.c.obj                160    0         0      
       fputc.c.obj                    156    0         0      
       memcpy16.S.obj                 154    0         0      
       fclose.c.obj                   124    0         0      
       copy_decompress_lzss.c.obj     120    0         0      
       fseek.c.obj                    116    0         0      
       printf.c.obj                   108    0         0      
       _io_perm.c.obj                 100    0         0      
       memset16.S.obj                 98     0         0      
       fflush.c.obj                   82     0         0      
       exit.c.obj                     56     0         8      
       autoinit.c.obj                 60     0         0      
       fopen.c.obj                    52     0         0      
       boot_cortex_m.c.obj            40     0         0      
       memccpy.c.obj                  34     0         0      
       copy_zero_init.c.obj           22     0         0      
       copy_decompress_none.c.obj     18     0         0      
       _lock.c.obj                    2      0         8      
       pre_init.c.obj                 4      0         0      
    +--+------------------------------+------+---------+---------+
       Total:                         3374   17        425    
                                                              
    C:\ti\ccs1281\ccs\tools\compiler\ti-cgt-armllvm_3.2.2.LTS\lib\armv6m-ti-none-eabi/c/libsysbm.a
       trgmsg.c.obj                   104    0         288    
       host_device.c.obj              0      0         200    
       hostrename.c.obj               140    0         0      
       hostlseek.c.obj                108    0         0      
       hostopen.c.obj                 96     0         8      
       hostread.c.obj                 88     0         0      
       hostwrite.c.obj                88     0         0      
       close.c.obj                    80     0         0      
       hostclose.c.obj                72     0         0      
       hostunlink.c.obj               72     0         0      
       unlink.c.obj                   44     0         0      
       lseek.c.obj                    40     0         0      
       write.c.obj                    40     0         0      
       remove.c.obj                   8      0         0      
    +--+------------------------------+------+---------+---------+
       Total:                         980    0         496    
                                                              
    C:\ti\ccs1281\ccs\tools\compiler\ti-cgt-armllvm_3.2.2.LTS\lib\clang/15.0.7/lib/armv6m-ti-none-eabi/libclang_rt.builtins.a
       aeabi_uidivmod.S.obj           64     0         0      
       aeabi_memset.S.obj             26     0         0      
       aeabi_memcpy.S.obj             8      0         0      
       aeabi_div0.c.obj               2      0         0      
    +--+------------------------------+------+---------+---------+
       Total:                         100    0         0      
                                                              
       Heap:                          0      0         2048   
       Stack:                         0      0         512    
       Linker Generated:              0      137       0      
    +--+------------------------------+------+---------+---------+
       Grand Total:                   5354   409       3483   


LINKER GENERATED COPY TABLES

__TI_cinit_table @ 00001684 records: 2, size/record: 8, table size: 16
	.data: load addr=00001608, load size=00000065 bytes, run addr=20200800, run size=000001d1 bytes, compression=lzss
	.bss: load addr=0000167c, load size=00000008 bytes, run addr=202009d4, run size=000001cc bytes, compression=zero_init


LINKER GENERATED HANDLER TABLE

__TI_handler_table @ 00001670 records: 3, size/record: 4, table size: 12
	index: 0, handler: __TI_decompress_lzss
	index: 1, handler: __TI_decompress_none
	index: 2, handler: __TI_zero_init


GLOBAL SYMBOLS: SORTED ALPHABETICALLY BY Name 

address   name                            
-------   ----                            
00000a47  ADC0_IRQHandler                 
00000a47  ADC1_IRQHandler                 
00000a47  AES_IRQHandler                  
000015b0  C$$EXIT                         
00001329  C$$IO$$                         
00000a47  CANFD0_IRQHandler               
00000a47  DAC0_IRQHandler                 
00001575  DL_Common_delayCycles           
00000471  DL_Timer_initFourCCPWMMode      
00001455  DL_Timer_setCaptCompUpdateMethod
000014a9  DL_Timer_setCaptureCompareOutCtl
00001511  DL_Timer_setCaptureCompareValue 
00001471  DL_Timer_setClockConfig         
00000a47  DMA_IRQHandler                  
00000a47  Default_Handler                 
00000a47  GROUP0_IRQHandler               
00000a47  GROUP1_IRQHandler               
000010dd  HOSTclose                       
00000b3d  HOSTlseek                       
00000e81  HOSTopen                        
00000f3d  HOSTread                        
00000ba9  HOSTrename                      
00001125  HOSTunlink                      
00000f95  HOSTwrite                       
00000a47  HardFault_Handler               
00000a47  I2C0_IRQHandler                 
00000a47  I2C1_IRQHandler                 
00000a47  NMI_Handler                     
00000a47  PendSV_Handler                  
00000a47  RTC_IRQHandler                  
000015a9  Reset_Handler                   
00000a47  SPI0_IRQHandler                 
00000a47  SPI1_IRQHandler                 
00000a47  SVC_Handler                     
00001091  SYSCFG_DL_GPIO_init             
00000c15  SYSCFG_DL_PWM_0_init            
0000116d  SYSCFG_DL_SYSCTL_init           
000014d7  SYSCFG_DL_init                  
00001261  SYSCFG_DL_initPower             
00000a47  SysTick_Handler                 
00000a47  TIMA0_IRQHandler                
00000a47  TIMA1_IRQHandler                
00000a47  TIMG0_IRQHandler                
00000a47  TIMG12_IRQHandler               
00000a47  TIMG6_IRQHandler                
00000a47  TIMG7_IRQHandler                
00000a47  TIMG8_IRQHandler                
00000a47  UART0_IRQHandler                
00000a47  UART1_IRQHandler                
00000a47  UART2_IRQHandler                
00000a47  UART3_IRQHandler                
202009d4  _CIOBUF_                        
202009d4  __CIOBUF_                       
20208000  __STACK_END                     
00000200  __STACK_SIZE                    
00000800  __SYSMEM_SIZE                   
00000000  __TI_ATRegion0_region_sz        
00000000  __TI_ATRegion0_src_addr         
00000000  __TI_ATRegion0_trg_addr         
00000000  __TI_ATRegion1_region_sz        
00000000  __TI_ATRegion1_src_addr         
00000000  __TI_ATRegion1_trg_addr         
00000000  __TI_ATRegion2_region_sz        
00000000  __TI_ATRegion2_src_addr         
00000000  __TI_ATRegion2_trg_addr         
00001684  __TI_CINIT_Base                 
00001694  __TI_CINIT_Limit                
00001694  __TI_CINIT_Warm                 
00001670  __TI_Handler_Table_Base         
0000167c  __TI_Handler_Table_Limit        
000011ed  __TI_auto_init_nobinit_nopinit  
00001295  __TI_cleanup                    
202009b8  __TI_cleanup_ptr                
00000a49  __TI_closefile                  
00000ac5  __TI_decompress_lzss            
000014fd  __TI_decompress_none            
00000fed  __TI_doflush                    
202009bc  __TI_dtors_ptr                  
202009c0  __TI_ft_end                     
ffffffff  __TI_pprof_out_hndl             
000000c1  __TI_printfi_minimal            
ffffffff  __TI_prof_data_size             
ffffffff  __TI_prof_data_start            
000012c9  __TI_readmsg                    
00000000  __TI_static_base__              
20200af4  __TI_tmpnams                    
000012fd  __TI_writemsg                   
00000d55  __TI_wrt_ok                     
000014c1  __TI_zero_init_nomemset         
00000e7f  __aeabi_idiv0                   
0000155d  __aeabi_memclr                  
0000155d  __aeabi_memclr4                 
0000155d  __aeabi_memclr8                 
00001581  __aeabi_memcpy                  
00001581  __aeabi_memcpy4                 
00001581  __aeabi_memcpy8                 
00001531  __aeabi_memset                  
00001531  __aeabi_memset4                 
00001531  __aeabi_memset8                 
000011ad  __aeabi_uidiv                   
000011ad  __aeabi_uidivmod                
ffffffff  __binit__                       
UNDEFED   __mpu_init                      
20207e00  __stack                         
20200000  __start___llvm_prf_bits         
20200000  __start___llvm_prf_cnts         
20200000  __stop___llvm_prf_bits          
20200000  __stop___llvm_prf_cnts          
00001409  _c_int00_noargs                 
202008f0  _device                         
20200800  _ftable                         
202009c4  _lock                           
0000103f  _nop                            
20200968  _stream                         
20200000  _sys_memory                     
UNDEFED   _system_post_cinit              
000015ad  _system_pre_init                
202009c8  _unlock                         
000015b1  abort                           
00000345  aligned_alloc                   
ffffffff  binit                           
00001041  close                           
202009cc  dutyCycle                       
00001331  exit                            
00001229  finddevice                      
00000911  fputc                           
00000575  fputs                           
00000679  free                            
00001599  fseek                           
00000c81  fseeko                          
00000ced  getdevice                       
00000000  interruptVectors                
000013b9  lseek                           
00000841  main                            
00001569  malloc                          
00000345  memalign                        
00001431  memccpy                         
000009ad  memcpy                          
00000e1d  memset                          
20200b94  parmbuf                         
00000ee1  printf                          
000015a1  remove                          
00000765  setvbuf                         
00001365  unlink                          
000013e1  write                           


GLOBAL SYMBOLS: SORTED BY Symbol Address 

address   name                            
-------   ----                            
00000000  __TI_ATRegion0_region_sz        
00000000  __TI_ATRegion0_src_addr         
00000000  __TI_ATRegion0_trg_addr         
00000000  __TI_ATRegion1_region_sz        
00000000  __TI_ATRegion1_src_addr         
00000000  __TI_ATRegion1_trg_addr         
00000000  __TI_ATRegion2_region_sz        
00000000  __TI_ATRegion2_src_addr         
00000000  __TI_ATRegion2_trg_addr         
00000000  __TI_static_base__              
00000000  interruptVectors                
000000c1  __TI_printfi_minimal            
00000200  __STACK_SIZE                    
00000345  aligned_alloc                   
00000345  memalign                        
00000471  DL_Timer_initFourCCPWMMode      
00000575  fputs                           
00000679  free                            
00000765  setvbuf                         
00000800  __SYSMEM_SIZE                   
00000841  main                            
00000911  fputc                           
000009ad  memcpy                          
00000a47  ADC0_IRQHandler                 
00000a47  ADC1_IRQHandler                 
00000a47  AES_IRQHandler                  
00000a47  CANFD0_IRQHandler               
00000a47  DAC0_IRQHandler                 
00000a47  DMA_IRQHandler                  
00000a47  Default_Handler                 
00000a47  GROUP0_IRQHandler               
00000a47  GROUP1_IRQHandler               
00000a47  HardFault_Handler               
00000a47  I2C0_IRQHandler                 
00000a47  I2C1_IRQHandler                 
00000a47  NMI_Handler                     
00000a47  PendSV_Handler                  
00000a47  RTC_IRQHandler                  
00000a47  SPI0_IRQHandler                 
00000a47  SPI1_IRQHandler                 
00000a47  SVC_Handler                     
00000a47  SysTick_Handler                 
00000a47  TIMA0_IRQHandler                
00000a47  TIMA1_IRQHandler                
00000a47  TIMG0_IRQHandler                
00000a47  TIMG12_IRQHandler               
00000a47  TIMG6_IRQHandler                
00000a47  TIMG7_IRQHandler                
00000a47  TIMG8_IRQHandler                
00000a47  UART0_IRQHandler                
00000a47  UART1_IRQHandler                
00000a47  UART2_IRQHandler                
00000a47  UART3_IRQHandler                
00000a49  __TI_closefile                  
00000ac5  __TI_decompress_lzss            
00000b3d  HOSTlseek                       
00000ba9  HOSTrename                      
00000c15  SYSCFG_DL_PWM_0_init            
00000c81  fseeko                          
00000ced  getdevice                       
00000d55  __TI_wrt_ok                     
00000e1d  memset                          
00000e7f  __aeabi_idiv0                   
00000e81  HOSTopen                        
00000ee1  printf                          
00000f3d  HOSTread                        
00000f95  HOSTwrite                       
00000fed  __TI_doflush                    
0000103f  _nop                            
00001041  close                           
00001091  SYSCFG_DL_GPIO_init             
000010dd  HOSTclose                       
00001125  HOSTunlink                      
0000116d  SYSCFG_DL_SYSCTL_init           
000011ad  __aeabi_uidiv                   
000011ad  __aeabi_uidivmod                
000011ed  __TI_auto_init_nobinit_nopinit  
00001229  finddevice                      
00001261  SYSCFG_DL_initPower             
00001295  __TI_cleanup                    
000012c9  __TI_readmsg                    
000012fd  __TI_writemsg                   
00001329  C$$IO$$                         
00001331  exit                            
00001365  unlink                          
000013b9  lseek                           
000013e1  write                           
00001409  _c_int00_noargs                 
00001431  memccpy                         
00001455  DL_Timer_setCaptCompUpdateMethod
00001471  DL_Timer_setClockConfig         
000014a9  DL_Timer_setCaptureCompareOutCtl
000014c1  __TI_zero_init_nomemset         
000014d7  SYSCFG_DL_init                  
000014fd  __TI_decompress_none            
00001511  DL_Timer_setCaptureCompareValue 
00001531  __aeabi_memset                  
00001531  __aeabi_memset4                 
00001531  __aeabi_memset8                 
0000155d  __aeabi_memclr                  
0000155d  __aeabi_memclr4                 
0000155d  __aeabi_memclr8                 
00001569  malloc                          
00001575  DL_Common_delayCycles           
00001581  __aeabi_memcpy                  
00001581  __aeabi_memcpy4                 
00001581  __aeabi_memcpy8                 
00001599  fseek                           
000015a1  remove                          
000015a9  Reset_Handler                   
000015ad  _system_pre_init                
000015b0  C$$EXIT                         
000015b1  abort                           
00001670  __TI_Handler_Table_Base         
0000167c  __TI_Handler_Table_Limit        
00001684  __TI_CINIT_Base                 
00001694  __TI_CINIT_Limit                
00001694  __TI_CINIT_Warm                 
20200000  __start___llvm_prf_bits         
20200000  __start___llvm_prf_cnts         
20200000  __stop___llvm_prf_bits          
20200000  __stop___llvm_prf_cnts          
20200000  _sys_memory                     
20200800  _ftable                         
202008f0  _device                         
20200968  _stream                         
202009b8  __TI_cleanup_ptr                
202009bc  __TI_dtors_ptr                  
202009c0  __TI_ft_end                     
202009c4  _lock                           
202009c8  _unlock                         
202009cc  dutyCycle                       
202009d4  _CIOBUF_                        
202009d4  __CIOBUF_                       
20200af4  __TI_tmpnams                    
20200b94  parmbuf                         
20207e00  __stack                         
20208000  __STACK_END                     
ffffffff  __TI_pprof_out_hndl             
ffffffff  __TI_prof_data_size             
ffffffff  __TI_prof_data_start            
ffffffff  __binit__                       
ffffffff  binit                           
UNDEFED   __mpu_init                      
UNDEFED   _system_post_cinit              

[145 symbols]
