******************************************************************************
            TI ARM Clang Linker PC v3.2.2                      
******************************************************************************
>> Linked Thu Mar  6 11:58:28 2025

OUTPUT FILE NAME:   <interrupt_assi_2.out>
ENTRY POINT SYMBOL: "_c_int00_noargs"  address: 0000050d


MEMORY CONFIGURATION

         name            origin    length      used     unused   attr    fill
----------------------  --------  ---------  --------  --------  ----  --------
  FLASH                 00000000   00020000  00000590  0001fa70  R  X
  SRAM                  20200000   00008000  00000202  00007dfe  RW X
  BCR_CONFIG            41c00000   00000080  00000000  00000080  R   
  BSL_CONFIG            41c00100   00000080  00000000  00000080  R   


SEGMENT ALLOCATION MAP

run origin  load origin   length   init length attrs members
----------  ----------- ---------- ----------- ----- -------
00000000    00000000    00000590   00000590    r-x
  00000000    00000000    000000c0   000000c0    r-- .intvecs
  000000c0    000000c0    000004b8   000004b8    r-x .text
  00000578    00000578    00000018   00000018    r-- .cinit
20200000    20200000    00000002   00000000    rw-
  20200000    20200000    00000002   00000000    rw- .data
20207e00    20207e00    00000200   00000000    rw-
  20207e00    20207e00    00000200   00000000    rw- .stack


SECTION ALLOCATION MAP

 output                                  attributes/
section   page    origin      length       input sections
--------  ----  ----------  ----------   ----------------
.intvecs   0    00000000    000000c0     
                  00000000    000000c0     startup_mspm0g350x_ticlang.o (.intvecs)

.text      0    000000c0    000004b8     
                  000000c0    00000144     interrupt_assi_2.o (.text.main)
                  00000204    000000d0     interrupt_assi_2.o (.text.GROUP1_IRQHandler)
                  000002d4    0000009a     libc.a : memcpy16.S.obj (.text:memcpy)
                  0000036e    00000002     startup_mspm0g350x_ticlang.o (.text.Default_Handler)
                  00000370    0000007c     ti_msp_dl_config.o (.text.SYSCFG_DL_GPIO_init)
                  000003ec    00000078     libc.a : copy_decompress_lzss.c.obj (.text:decompress:lzss)
                  00000464    00000040     ti_msp_dl_config.o (.text.SYSCFG_DL_SYSCTL_init)
                  000004a4    0000003c     libc.a : autoinit.c.obj (.text:__TI_auto_init_nobinit_nopinit)
                  000004e0    0000002c     ti_msp_dl_config.o (.text.SYSCFG_DL_initPower)
                  0000050c    00000028     libc.a : boot_cortex_m.c.obj (.text:_c_int00_noargs)
                  00000534    00000012            : copy_decompress_none.c.obj (.text:decompress:none)
                  00000546    00000010     ti_msp_dl_config.o (.text.SYSCFG_DL_init)
                  00000556    0000000a     driverlib.a : dl_common.o (.text.DL_Common_delayCycles)
                  00000560    00000008     libclang_rt.builtins.a : aeabi_memcpy.S.obj (.text.__aeabi_memcpy)
                  00000568    00000004     startup_mspm0g350x_ticlang.o (.text.Reset_Handler)
                  0000056c    00000004     libc.a : pre_init.c.obj (.text._system_pre_init)
                  00000570    00000004            : exit.c.obj (.text:abort)
                  00000574    00000004     --HOLE-- [fill = 0]

.cinit     0    00000578    00000018     
                  00000578    00000008     (__TI_handler_table)
                  00000580    00000006     (.cinit..data.load) [load image, compression = lzss]
                  00000586    00000002     --HOLE-- [fill = 0]
                  00000588    00000008     (__TI_cinit_table)

.init_array 
*          0    00000000    00000000     UNINITIALIZED

.binit     0    00000000    00000000     

.data      0    20200000    00000002     UNINITIALIZED
                  20200000    00000001     interrupt_assi_2.o (.data.sw1_flag)
                  20200001    00000001     interrupt_assi_2.o (.data.sw2_flag)

.stack     0    20207e00    00000200     UNINITIALIZED
                  20207e00    00000004     libc.a : boot_cortex_m.c.obj (.stack)
                  20207e04    000001fc     --HOLE--

__llvm_prf_cnts 
*          0    20200000    00000000     UNINITIALIZED

__llvm_prf_bits 
*          0    20200000    00000000     UNINITIALIZED

MODULE SUMMARY

       Module                         code   ro data   rw data
       ------                         ----   -------   -------
    .\
       interrupt_assi_2.o             532    0         2      
       ti_msp_dl_config.o             248    0         0      
       startup_mspm0g350x_ticlang.o   6      192       0      
    +--+------------------------------+------+---------+---------+
       Total:                         786    192       2      
                                                              
    C:/ti/mspm0_sdk_2_03_00_07/source/ti/driverlib/lib/ticlang/m0p/mspm0g1x0x_g3x0x/driverlib.a
       dl_common.o                    10     0         0      
    +--+------------------------------+------+---------+---------+
       Total:                         10     0         0      
                                                              
    C:\ti\ccs1281\ccs\tools\compiler\ti-cgt-armllvm_3.2.2.LTS\lib\armv6m-ti-none-eabi/c/libc.a
       memcpy16.S.obj                 154    0         0      
       copy_decompress_lzss.c.obj     120    0         0      
       autoinit.c.obj                 60     0         0      
       boot_cortex_m.c.obj            40     0         0      
       copy_decompress_none.c.obj     18     0         0      
       exit.c.obj                     4      0         0      
       pre_init.c.obj                 4      0         0      
    +--+------------------------------+------+---------+---------+
       Total:                         400    0         0      
                                                              
    C:\ti\ccs1281\ccs\tools\compiler\ti-cgt-armllvm_3.2.2.LTS\lib\clang/15.0.7/lib/armv6m-ti-none-eabi/libclang_rt.builtins.a
       aeabi_memcpy.S.obj             8      0         0      
    +--+------------------------------+------+---------+---------+
       Total:                         8      0         0      
                                                              
       Stack:                         0      0         512    
       Linker Generated:              0      22        0      
    +--+------------------------------+------+---------+---------+
       Grand Total:                   1204   214       514    


LINKER GENERATED COPY TABLES

__TI_cinit_table @ 00000588 records: 1, size/record: 8, table size: 8
	.data: load addr=00000580, load size=00000006 bytes, run addr=20200000, run size=00000002 bytes, compression=lzss


LINKER GENERATED HANDLER TABLE

__TI_handler_table @ 00000578 records: 2, size/record: 4, table size: 8
	index: 0, handler: __TI_decompress_lzss
	index: 1, handler: __TI_decompress_none


GLOBAL SYMBOLS: SORTED ALPHABETICALLY BY Name 

address   name                          
-------   ----                          
0000036f  ADC0_IRQHandler               
0000036f  ADC1_IRQHandler               
0000036f  AES_IRQHandler                
00000570  C$$EXIT                       
0000036f  CANFD0_IRQHandler             
0000036f  DAC0_IRQHandler               
00000557  DL_Common_delayCycles         
0000036f  DMA_IRQHandler                
0000036f  Default_Handler               
0000036f  GROUP0_IRQHandler             
00000205  GROUP1_IRQHandler             
0000036f  HardFault_Handler             
0000036f  I2C0_IRQHandler               
0000036f  I2C1_IRQHandler               
0000036f  NMI_Handler                   
0000036f  PendSV_Handler                
0000036f  RTC_IRQHandler                
00000569  Reset_Handler                 
0000036f  SPI0_IRQHandler               
0000036f  SPI1_IRQHandler               
0000036f  SVC_Handler                   
00000371  SYSCFG_DL_GPIO_init           
00000465  SYSCFG_DL_SYSCTL_init         
00000547  SYSCFG_DL_init                
000004e1  SYSCFG_DL_initPower           
0000036f  SysTick_Handler               
0000036f  TIMA0_IRQHandler              
0000036f  TIMA1_IRQHandler              
0000036f  TIMG0_IRQHandler              
0000036f  TIMG12_IRQHandler             
0000036f  TIMG6_IRQHandler              
0000036f  TIMG7_IRQHandler              
0000036f  TIMG8_IRQHandler              
0000036f  UART0_IRQHandler              
0000036f  UART1_IRQHandler              
0000036f  UART2_IRQHandler              
0000036f  UART3_IRQHandler              
20208000  __STACK_END                   
00000200  __STACK_SIZE                  
00000000  __TI_ATRegion0_region_sz      
00000000  __TI_ATRegion0_src_addr       
00000000  __TI_ATRegion0_trg_addr       
00000000  __TI_ATRegion1_region_sz      
00000000  __TI_ATRegion1_src_addr       
00000000  __TI_ATRegion1_trg_addr       
00000000  __TI_ATRegion2_region_sz      
00000000  __TI_ATRegion2_src_addr       
00000000  __TI_ATRegion2_trg_addr       
00000588  __TI_CINIT_Base               
00000590  __TI_CINIT_Limit              
00000590  __TI_CINIT_Warm               
00000578  __TI_Handler_Table_Base       
00000580  __TI_Handler_Table_Limit      
000004a5  __TI_auto_init_nobinit_nopinit
000003ed  __TI_decompress_lzss          
00000535  __TI_decompress_none          
ffffffff  __TI_pprof_out_hndl           
ffffffff  __TI_prof_data_size           
ffffffff  __TI_prof_data_start          
00000000  __TI_static_base__            
00000561  __aeabi_memcpy                
00000561  __aeabi_memcpy4               
00000561  __aeabi_memcpy8               
ffffffff  __binit__                     
UNDEFED   __mpu_init                    
20207e00  __stack                       
20200000  __start___llvm_prf_bits       
20200000  __start___llvm_prf_cnts       
20200000  __stop___llvm_prf_bits        
20200000  __stop___llvm_prf_cnts        
0000050d  _c_int00_noargs               
UNDEFED   _system_post_cinit            
0000056d  _system_pre_init              
00000571  abort                         
ffffffff  binit                         
00000000  interruptVectors              
000000c1  main                          
000002d5  memcpy                        
20200000  sw1_flag                      
20200001  sw2_flag                      


GLOBAL SYMBOLS: SORTED BY Symbol Address 

address   name                          
-------   ----                          
00000000  __TI_ATRegion0_region_sz      
00000000  __TI_ATRegion0_src_addr       
00000000  __TI_ATRegion0_trg_addr       
00000000  __TI_ATRegion1_region_sz      
00000000  __TI_ATRegion1_src_addr       
00000000  __TI_ATRegion1_trg_addr       
00000000  __TI_ATRegion2_region_sz      
00000000  __TI_ATRegion2_src_addr       
00000000  __TI_ATRegion2_trg_addr       
00000000  __TI_static_base__            
00000000  interruptVectors              
000000c1  main                          
00000200  __STACK_SIZE                  
00000205  GROUP1_IRQHandler             
000002d5  memcpy                        
0000036f  ADC0_IRQHandler               
0000036f  ADC1_IRQHandler               
0000036f  AES_IRQHandler                
0000036f  CANFD0_IRQHandler             
0000036f  DAC0_IRQHandler               
0000036f  DMA_IRQHandler                
0000036f  Default_Handler               
0000036f  GROUP0_IRQHandler             
0000036f  HardFault_Handler             
0000036f  I2C0_IRQHandler               
0000036f  I2C1_IRQHandler               
0000036f  NMI_Handler                   
0000036f  PendSV_Handler                
0000036f  RTC_IRQHandler                
0000036f  SPI0_IRQHandler               
0000036f  SPI1_IRQHandler               
0000036f  SVC_Handler                   
0000036f  SysTick_Handler               
0000036f  TIMA0_IRQHandler              
0000036f  TIMA1_IRQHandler              
0000036f  TIMG0_IRQHandler              
0000036f  TIMG12_IRQHandler             
0000036f  TIMG6_IRQHandler              
0000036f  TIMG7_IRQHandler              
0000036f  TIMG8_IRQHandler              
0000036f  UART0_IRQHandler              
0000036f  UART1_IRQHandler              
0000036f  UART2_IRQHandler              
0000036f  UART3_IRQHandler              
00000371  SYSCFG_DL_GPIO_init           
000003ed  __TI_decompress_lzss          
00000465  SYSCFG_DL_SYSCTL_init         
000004a5  __TI_auto_init_nobinit_nopinit
000004e1  SYSCFG_DL_initPower           
0000050d  _c_int00_noargs               
00000535  __TI_decompress_none          
00000547  SYSCFG_DL_init                
00000557  DL_Common_delayCycles         
00000561  __aeabi_memcpy                
00000561  __aeabi_memcpy4               
00000561  __aeabi_memcpy8               
00000569  Reset_Handler                 
0000056d  _system_pre_init              
00000570  C$$EXIT                       
00000571  abort                         
00000578  __TI_Handler_Table_Base       
00000580  __TI_Handler_Table_Limit      
00000588  __TI_CINIT_Base               
00000590  __TI_CINIT_Limit              
00000590  __TI_CINIT_Warm               
20200000  __start___llvm_prf_bits       
20200000  __start___llvm_prf_cnts       
20200000  __stop___llvm_prf_bits        
20200000  __stop___llvm_prf_cnts        
20200000  sw1_flag                      
20200001  sw2_flag                      
20207e00  __stack                       
20208000  __STACK_END                   
ffffffff  __TI_pprof_out_hndl           
ffffffff  __TI_prof_data_size           
ffffffff  __TI_prof_data_start          
ffffffff  __binit__                     
ffffffff  binit                         
UNDEFED   __mpu_init                    
UNDEFED   _system_post_cinit            

[80 symbols]
