******************************************************************************
            TI ARM Clang Linker PC v3.2.2                      
******************************************************************************
>> Linked Thu Mar  6 11:58:08 2025

OUTPUT FILE NAME:   <Question_2.out>
ENTRY POINT SYMBOL: "_c_int00_noargs"  address: 00001989


MEMORY CONFIGURATION

         name            origin    length      used     unused   attr    fill
----------------------  --------  ---------  --------  --------  ----  --------
  FLASH                 00000000   00020000  00001d30  0001e2d0  R  X
  SRAM                  20200000   00008000  00000da5  0000725b  RW X
  BCR_CONFIG            41c00000   00000080  00000000  00000080  R   
  BSL_CONFIG            41c00100   00000080  00000000  00000080  R   


SEGMENT ALLOCATION MAP

run origin  load origin   length   init length attrs members
----------  ----------- ---------- ----------- ----- -------
00000000    00000000    00001d30   00001d30    r-x
  00000000    00000000    000000c0   000000c0    r-- .intvecs
  000000c0    000000c0    00001a80   00001a80    r-x .text
  00001b40    00001b40    00000160   00000160    r-- .rodata
  00001ca0    00001ca0    00000090   00000090    r-- .cinit
20200000    20200000    00000ba8   00000000    rw-
  20200000    20200000    00000800   00000000    rw- .sysmem
  20200800    20200800    000001d9   00000000    rw- .data
  202009dc    202009dc    000001cc   00000000    rw- .bss
20207e00    20207e00    00000200   00000000    rw-
  20207e00    20207e00    00000200   00000000    rw- .stack


SECTION ALLOCATION MAP

 output                                  attributes/
section   page    origin      length       input sections
--------  ----  ----------  ----------   ----------------
.intvecs   0    00000000    000000c0     
                  00000000    000000c0     startup_mspm0g350x_ticlang.o (.intvecs)

.text      0    000000c0    00001a80     
                  000000c0    00000888     libc.a : _printfi.c.obj (.text:__TI_printfi_nofloat)
                  00000948    0000012c            : memory.c.obj (.text.aligned_alloc)
                  00000a74    00000104            : fputs.c.obj (.text.fputs)
                  00000b78    000000ec            : memory.c.obj (.text.free)
                  00000c64    000000dc            : setvbuf.c.obj (.text.setvbuf)
                  00000d40    000000b4     Question_2.o (.text.main)
                  00000df4    000000a2     libclang_rt.builtins.a : udivmoddi4.S.obj (.text)
                  00000e96    00000002     startup_mspm0g350x_ticlang.o (.text.Default_Handler)
                  00000e98    0000009c     libc.a : fputc.c.obj (.text.fputc)
                  00000f34    0000009a            : memcpy16.S.obj (.text:memcpy)
                  00000fce    00000002     libclang_rt.builtins.a : aeabi_div0.c.obj (.text.__aeabi_idiv0)
                  00000fd0    0000007c     libc.a : fclose.c.obj (.text.__TI_closefile)
                  0000104c    00000078            : copy_decompress_lzss.c.obj (.text:decompress:lzss)
                  000010c4    0000006c     libsysbm.a : hostlseek.c.obj (.text.HOSTlseek)
                  00001130    0000006c                : hostrename.c.obj (.text.HOSTrename)
                  0000119c    0000006c     libc.a : fseek.c.obj (.text.fseeko)
                  00001208    00000068            : getdevice.c.obj (.text.getdevice)
                  00001270    00000064            : _io_perm.c.obj (.text.__TI_wrt_ok)
                  000012d4    00000064            : memory.c.obj (.text.split)
                  00001338    00000062            : memset16.S.obj (.text:memset)
                  0000139a    00000002     libclang_rt.builtins.a : aeabi_div0.c.obj (.text.__aeabi_ldiv0)
                  0000139c    00000060     libsysbm.a : hostopen.c.obj (.text.HOSTopen)
                  000013fc    0000005c     libc.a : printf.c.obj (.text.printf)
                  00001458    00000058     libsysbm.a : hostread.c.obj (.text.HOSTread)
                  000014b0    00000058                : hostwrite.c.obj (.text.HOSTwrite)
                  00001508    00000052     libc.a : fflush.c.obj (.text.__TI_doflush)
                  0000155a    00000002            : _lock.c.obj (.text._nop)
                  0000155c    00000050     libsysbm.a : close.c.obj (.text.close)
                  000015ac    00000048                : hostclose.c.obj (.text.HOSTclose)
                  000015f4    00000048                : hostunlink.c.obj (.text.HOSTunlink)
                  0000163c    00000040     ti_msp_dl_config.o (.text.SYSCFG_DL_SYSCTL_init)
                  0000167c    00000040     libclang_rt.builtins.a : aeabi_uidivmod.S.obj (.text.__aeabi_uidivmod)
                  000016bc    00000040     libc.a : atoi.c.obj (.text.atoi)
                  000016fc    0000003c     ti_msp_dl_config.o (.text.SYSCFG_DL_GPIO_init)
                  00001738    0000003c     libc.a : autoinit.c.obj (.text:__TI_auto_init_nobinit_nopinit)
                  00001774    0000003a     libclang_rt.builtins.a : muldsi3.S.obj (.text.__muldsi3)
                  000017ae    00000002     --HOLE-- [fill = 0]
                  000017b0    00000038     libc.a : getdevice.c.obj (.text.finddevice)
                  000017e8    00000034            : fopen.c.obj (.text.__TI_cleanup)
                  0000181c    00000034     libsysbm.a : trgmsg.c.obj (.text.__TI_readmsg)
                  00001850    00000034                : trgmsg.c.obj (.text.__TI_writemsg)
                  00001884    00000034     libc.a : exit.c.obj (.text.exit)
                  000018b8    0000002c     ti_msp_dl_config.o (.text.SYSCFG_DL_initPower)
                  000018e4    0000002c     libsysbm.a : unlink.c.obj (.text.unlink)
                  00001910    00000028     libc.a : memory.c.obj (.text.free_list_insert)
                  00001938    00000028     libsysbm.a : lseek.c.obj (.text.lseek)
                  00001960    00000028                : write.c.obj (.text.write)
                  00001988    00000028     libc.a : boot_cortex_m.c.obj (.text:_c_int00_noargs)
                  000019b0    00000024     libclang_rt.builtins.a : muldi3.S.obj (.text.__muldi3)
                  000019d4    00000022     libc.a : memccpy.c.obj (.text.memccpy)
                  000019f6    00000002     --HOLE-- [fill = 0]
                  000019f8    0000001e     libclang_rt.builtins.a : ashldi3.S.obj (.text.__ashldi3)
                  00001a16    00000002     --HOLE-- [fill = 0]
                  00001a18    0000001c     libc.a : memory.c.obj (.text.free_list_remove)
                  00001a34    00000016            : copy_zero_init.c.obj (.text:decompress:ZI:__TI_zero_init_nomemset)
                  00001a4a    00000002     --HOLE-- [fill = 0]
                  00001a4c    00000014     libclang_rt.builtins.a : aeabi_uldivmod.S.obj (.text.__aeabi_uldivmod)
                  00001a60    00000012     libsysbm.a : hostrename.c.obj (.text.strcpy)
                  00001a72    00000012     libc.a : copy_decompress_none.c.obj (.text:decompress:none)
                  00001a84    00000010     ti_msp_dl_config.o (.text.SYSCFG_DL_init)
                  00001a94    00000010     libc.a : wcslen.c.obj (.text.wcslen)
                  00001aa4    0000000e            : memory.c.obj (.text.OUTLINED_FUNCTION_0)
                  00001ab2    00000002     --HOLE-- [fill = 0]
                  00001ab4    0000000e     libclang_rt.builtins.a : aeabi_memset.S.obj (.text.__aeabi_memset)
                  00001ac2    0000000e     libc.a : _printfi.c.obj (.text.strlen)
                  00001ad0    0000000e     libsysbm.a : hostrename.c.obj (.text.strlen)
                  00001ade    00000002     --HOLE-- [fill = 0]
                  00001ae0    0000000c     libclang_rt.builtins.a : aeabi_memset.S.obj (.text.__aeabi_memclr)
                  00001aec    0000000c     libc.a : memory.c.obj (.text.malloc)
                  00001af8    0000000a     driverlib.a : dl_common.o (.text.DL_Common_delayCycles)
                  00001b02    00000002     --HOLE-- [fill = 0]
                  00001b04    00000008     libc.a : aeabi_portable.c.obj (.text.__aeabi_errno_addr)
                  00001b0c    00000008     libclang_rt.builtins.a : aeabi_memcpy.S.obj (.text.__aeabi_memcpy)
                  00001b14    00000008     libc.a : printf.c.obj (.text._outc)
                  00001b1c    00000008            : printf.c.obj (.text._outs)
                  00001b24    00000008            : fseek.c.obj (.text.fseek)
                  00001b2c    00000008     libsysbm.a : remove.c.obj (.text.remove)
                  00001b34    00000004     startup_mspm0g350x_ticlang.o (.text.Reset_Handler)
                  00001b38    00000004     libc.a : pre_init.c.obj (.text._system_pre_init)
                  00001b3c    00000004            : exit.c.obj (.text:abort)

.cinit     0    00001ca0    00000090     
                  00001ca0    00000068     (.cinit..data.load) [load image, compression = lzss]
                  00001d08    0000000c     (__TI_handler_table)
                  00001d14    00000008     (.cinit..bss.load) [load image, compression = zero_init]
                  00001d1c    00000010     (__TI_cinit_table)
                  00001d2c    00000004     --HOLE-- [fill = 0]

.rodata    0    00001b40    00000160     
                  00001b40    00000101     libc.a : aeabi_ctype.S.obj (.rodata:__aeabi_ctype_table_)
                  00001c41    00000017     Question_2.o (.rodata.str1.66994365514070498331)
                  00001c58    00000017     Question_2.o (.rodata.str1.68146107324346234481)
                  00001c6f    00000011     libc.a : _printfi.c.obj (.rodata.str1.11645776875810915891)
                  00001c80    00000011            : _printfi.c.obj (.rodata.str1.44690500295887128011)
                  00001c91    0000000f     --HOLE-- [fill = 0]

.init_array 
*          0    00000000    00000000     UNINITIALIZED

.binit     0    00000000    00000000     

.sysmem    0    20200000    00000800     UNINITIALIZED
                  20200000    00000010     libc.a : memory.c.obj (.sysmem)
                  20200010    000007f0     --HOLE--

.data      0    20200800    000001d9     UNINITIALIZED
                  20200800    000000f0     libc.a : defs.c.obj (.data._ftable)
                  202008f0    00000078     libsysbm.a : host_device.c.obj (.data._device)
                  20200968    00000050                : host_device.c.obj (.data._stream)
                  202009b8    00000008     libc.a : exit.c.obj (.data..L_MergedGlobals)
                  202009c0    00000004            : defs.c.obj (.data.__TI_ft_end)
                  202009c4    00000004            : aeabi_portable.c.obj (.data.__aeabi_errno)
                  202009c8    00000004            : _lock.c.obj (.data._lock)
                  202009cc    00000004            : _lock.c.obj (.data._unlock)
                  202009d0    00000004     Question_2.o (.data.delay)
                  202009d4    00000002     Question_2.o (.data.sw1)
                  202009d6    00000002     Question_2.o (.data.sw2)
                  202009d8    00000001     libc.a : memory.c.obj (.data.memory_is_initialized)

.bss       0    202009dc    000001cc     UNINITIALIZED
                  202009dc    00000120     libsysbm.a : trgmsg.c.obj (.bss:_CIOBUF_)
                  20200afc    000000a0     libc.a : defs.c.obj (.bss.__TI_tmpnams)
                  20200b9c    00000008     libsysbm.a : hostopen.c.obj (.bss.parmbuf)
                  20200ba4    00000004     libc.a : memory.c.obj (.bss.sys_free)

.stack     0    20207e00    00000200     UNINITIALIZED
                  20207e00    00000004     libc.a : boot_cortex_m.c.obj (.stack)
                  20207e04    000001fc     --HOLE--

__llvm_prf_cnts 
*          0    20200000    00000000     UNINITIALIZED

__llvm_prf_bits 
*          0    20200000    00000000     UNINITIALIZED

MODULE SUMMARY

       Module                         code   ro data   rw data
       ------                         ----   -------   -------
    .\
       Question_2.o                   180    46        8      
       startup_mspm0g350x_ticlang.o   6      192       0      
       ti_msp_dl_config.o             184    0         0      
    +--+------------------------------+------+---------+---------+
       Total:                         370    238       8      
                                                              
    C:/ti/mspm0_sdk_2_03_00_07/source/ti/driverlib/lib/ticlang/m0p/mspm0g1x0x_g3x0x/driverlib.a
       dl_common.o                    10     0         0      
    +--+------------------------------+------+---------+---------+
       Total:                         10     0         0      
                                                              
    C:\ti\ccs1281\ccs\tools\compiler\ti-cgt-armllvm_3.2.2.LTS\lib\armv6m-ti-none-eabi/c/libc.a
       _printfi.c.obj                 2198   34        0      
       memory.c.obj                   730    0         5      
       defs.c.obj                     0      0         404    
       fputs.c.obj                    260    0         0      
       aeabi_ctype.S.obj              0      257       0      
       setvbuf.c.obj                  220    0         0      
       getdevice.c.obj                160    0         0      
       fputc.c.obj                    156    0         0      
       memcpy16.S.obj                 154    0         0      
       fclose.c.obj                   124    0         0      
       copy_decompress_lzss.c.obj     120    0         0      
       fseek.c.obj                    116    0         0      
       printf.c.obj                   108    0         0      
       _io_perm.c.obj                 100    0         0      
       memset16.S.obj                 98     0         0      
       fflush.c.obj                   82     0         0      
       atoi.c.obj                     64     0         0      
       exit.c.obj                     56     0         8      
       autoinit.c.obj                 60     0         0      
       fopen.c.obj                    52     0         0      
       boot_cortex_m.c.obj            40     0         0      
       memccpy.c.obj                  34     0         0      
       copy_zero_init.c.obj           22     0         0      
       copy_decompress_none.c.obj     18     0         0      
       wcslen.c.obj                   16     0         0      
       aeabi_portable.c.obj           8      0         4      
       _lock.c.obj                    2      0         8      
       pre_init.c.obj                 4      0         0      
    +--+------------------------------+------+---------+---------+
       Total:                         5002   291       429    
                                                              
    C:\ti\ccs1281\ccs\tools\compiler\ti-cgt-armllvm_3.2.2.LTS\lib\armv6m-ti-none-eabi/c/libsysbm.a
       trgmsg.c.obj                   104    0         288    
       host_device.c.obj              0      0         200    
       hostrename.c.obj               140    0         0      
       hostlseek.c.obj                108    0         0      
       hostopen.c.obj                 96     0         8      
       hostread.c.obj                 88     0         0      
       hostwrite.c.obj                88     0         0      
       close.c.obj                    80     0         0      
       hostclose.c.obj                72     0         0      
       hostunlink.c.obj               72     0         0      
       unlink.c.obj                   44     0         0      
       lseek.c.obj                    40     0         0      
       write.c.obj                    40     0         0      
       remove.c.obj                   8      0         0      
    +--+------------------------------+------+---------+---------+
       Total:                         980    0         496    
                                                              
    C:\ti\ccs1281\ccs\tools\compiler\ti-cgt-armllvm_3.2.2.LTS\lib\clang/15.0.7/lib/armv6m-ti-none-eabi/libclang_rt.builtins.a
       udivmoddi4.S.obj               162    0         0      
       aeabi_uidivmod.S.obj           64     0         0      
       muldsi3.S.obj                  58     0         0      
       muldi3.S.obj                   36     0         0      
       ashldi3.S.obj                  30     0         0      
       aeabi_memset.S.obj             26     0         0      
       aeabi_uldivmod.S.obj           20     0         0      
       aeabi_memcpy.S.obj             8      0         0      
       aeabi_div0.c.obj               4      0         0      
    +--+------------------------------+------+---------+---------+
       Total:                         408    0         0      
                                                              
       Heap:                          0      0         2048   
       Stack:                         0      0         512    
       Linker Generated:              0      140       0      
    +--+------------------------------+------+---------+---------+
       Grand Total:                   6770   669       3493   


LINKER GENERATED COPY TABLES

__TI_cinit_table @ 00001d1c records: 2, size/record: 8, table size: 16
	.data: load addr=00001ca0, load size=00000068 bytes, run addr=20200800, run size=000001d9 bytes, compression=lzss
	.bss: load addr=00001d14, load size=00000008 bytes, run addr=202009dc, run size=000001cc bytes, compression=zero_init


LINKER GENERATED HANDLER TABLE

__TI_handler_table @ 00001d08 records: 3, size/record: 4, table size: 12
	index: 0, handler: __TI_decompress_lzss
	index: 1, handler: __TI_decompress_none
	index: 2, handler: __TI_zero_init


GLOBAL SYMBOLS: SORTED ALPHABETICALLY BY Name 

address   name                          
-------   ----                          
00000e97  ADC0_IRQHandler               
00000e97  ADC1_IRQHandler               
00000e97  AES_IRQHandler                
00001b3c  C$$EXIT                       
0000187d  C$$IO$$                       
00000e97  CANFD0_IRQHandler             
00000e97  DAC0_IRQHandler               
00001af9  DL_Common_delayCycles         
00000e97  DMA_IRQHandler                
00000e97  Default_Handler               
00000e97  GROUP0_IRQHandler             
00000e97  GROUP1_IRQHandler             
000015ad  HOSTclose                     
000010c5  HOSTlseek                     
0000139d  HOSTopen                      
00001459  HOSTread                      
00001131  HOSTrename                    
000015f5  HOSTunlink                    
000014b1  HOSTwrite                     
00000e97  HardFault_Handler             
00000e97  I2C0_IRQHandler               
00000e97  I2C1_IRQHandler               
00000e97  NMI_Handler                   
00000e97  PendSV_Handler                
00000e97  RTC_IRQHandler                
00001b35  Reset_Handler                 
00000e97  SPI0_IRQHandler               
00000e97  SPI1_IRQHandler               
00000e97  SVC_Handler                   
000016fd  SYSCFG_DL_GPIO_init           
0000163d  SYSCFG_DL_SYSCTL_init         
00001a85  SYSCFG_DL_init                
000018b9  SYSCFG_DL_initPower           
00000e97  SysTick_Handler               
00000e97  TIMA0_IRQHandler              
00000e97  TIMA1_IRQHandler              
00000e97  TIMG0_IRQHandler              
00000e97  TIMG12_IRQHandler             
00000e97  TIMG6_IRQHandler              
00000e97  TIMG7_IRQHandler              
00000e97  TIMG8_IRQHandler              
00000e97  UART0_IRQHandler              
00000e97  UART1_IRQHandler              
00000e97  UART2_IRQHandler              
00000e97  UART3_IRQHandler              
202009dc  _CIOBUF_                      
202009dc  __CIOBUF_                     
20208000  __STACK_END                   
00000200  __STACK_SIZE                  
00000800  __SYSMEM_SIZE                 
00000000  __TI_ATRegion0_region_sz      
00000000  __TI_ATRegion0_src_addr       
00000000  __TI_ATRegion0_trg_addr       
00000000  __TI_ATRegion1_region_sz      
00000000  __TI_ATRegion1_src_addr       
00000000  __TI_ATRegion1_trg_addr       
00000000  __TI_ATRegion2_region_sz      
00000000  __TI_ATRegion2_src_addr       
00000000  __TI_ATRegion2_trg_addr       
00001d1c  __TI_CINIT_Base               
00001d2c  __TI_CINIT_Limit              
00001d2c  __TI_CINIT_Warm               
00001d08  __TI_Handler_Table_Base       
00001d14  __TI_Handler_Table_Limit      
00001739  __TI_auto_init_nobinit_nopinit
000017e9  __TI_cleanup                  
202009b8  __TI_cleanup_ptr              
00000fd1  __TI_closefile                
0000104d  __TI_decompress_lzss          
00001a73  __TI_decompress_none          
00001509  __TI_doflush                  
202009bc  __TI_dtors_ptr                
202009c0  __TI_ft_end                   
ffffffff  __TI_pprof_out_hndl           
000000c1  __TI_printfi_nofloat          
ffffffff  __TI_prof_data_size           
ffffffff  __TI_prof_data_start          
0000181d  __TI_readmsg                  
00000000  __TI_static_base__            
20200afc  __TI_tmpnams                  
00001851  __TI_writemsg                 
00001271  __TI_wrt_ok                   
00001a35  __TI_zero_init_nomemset       
00001b40  __aeabi_ctype_table_          
00001b40  __aeabi_ctype_table_C         
202009c4  __aeabi_errno                 
00001b05  __aeabi_errno_addr            
00000fcf  __aeabi_idiv0                 
0000139b  __aeabi_ldiv0                 
000019f9  __aeabi_llsl                  
000019b1  __aeabi_lmul                  
00001ae1  __aeabi_memclr                
00001ae1  __aeabi_memclr4               
00001ae1  __aeabi_memclr8               
00001b0d  __aeabi_memcpy                
00001b0d  __aeabi_memcpy4               
00001b0d  __aeabi_memcpy8               
00001ab5  __aeabi_memset                
00001ab5  __aeabi_memset4               
00001ab5  __aeabi_memset8               
0000167d  __aeabi_uidiv                 
0000167d  __aeabi_uidivmod              
00001a4d  __aeabi_uldivmod              
000019f9  __ashldi3                     
ffffffff  __binit__                     
UNDEFED   __mpu_init                    
000019b1  __muldi3                      
00001775  __muldsi3                     
20207e00  __stack                       
20200000  __start___llvm_prf_bits       
20200000  __start___llvm_prf_cnts       
20200000  __stop___llvm_prf_bits        
20200000  __stop___llvm_prf_cnts        
00000df5  __udivmoddi4                  
00001989  _c_int00_noargs               
202008f0  _device                       
20200800  _ftable                       
202009c8  _lock                         
0000155b  _nop                          
20200968  _stream                       
20200000  _sys_memory                   
UNDEFED   _system_post_cinit            
00001b39  _system_pre_init              
202009cc  _unlock                       
00001b3d  abort                         
00000949  aligned_alloc                 
000016bd  atoi                          
ffffffff  binit                         
0000155d  close                         
202009d0  delay                         
00001885  exit                          
000017b1  finddevice                    
00000e99  fputc                         
00000a75  fputs                         
00000b79  free                          
00001b25  fseek                         
0000119d  fseeko                        
00001209  getdevice                     
00000000  interruptVectors              
00001939  lseek                         
00000d41  main                          
00001aed  malloc                        
00000949  memalign                      
000019d5  memccpy                       
00000f35  memcpy                        
00001339  memset                        
20200b9c  parmbuf                       
000013fd  printf                        
00001b2d  remove                        
00000c65  setvbuf                       
202009d4  sw1                           
202009d6  sw2                           
000018e5  unlink                        
00001a95  wcslen                        
00001961  write                         


GLOBAL SYMBOLS: SORTED BY Symbol Address 

address   name                          
-------   ----                          
00000000  __TI_ATRegion0_region_sz      
00000000  __TI_ATRegion0_src_addr       
00000000  __TI_ATRegion0_trg_addr       
00000000  __TI_ATRegion1_region_sz      
00000000  __TI_ATRegion1_src_addr       
00000000  __TI_ATRegion1_trg_addr       
00000000  __TI_ATRegion2_region_sz      
00000000  __TI_ATRegion2_src_addr       
00000000  __TI_ATRegion2_trg_addr       
00000000  __TI_static_base__            
00000000  interruptVectors              
000000c1  __TI_printfi_nofloat          
00000200  __STACK_SIZE                  
00000800  __SYSMEM_SIZE                 
00000949  aligned_alloc                 
00000949  memalign                      
00000a75  fputs                         
00000b79  free                          
00000c65  setvbuf                       
00000d41  main                          
00000df5  __udivmoddi4                  
00000e97  ADC0_IRQHandler               
00000e97  ADC1_IRQHandler               
00000e97  AES_IRQHandler                
00000e97  CANFD0_IRQHandler             
00000e97  DAC0_IRQHandler               
00000e97  DMA_IRQHandler                
00000e97  Default_Handler               
00000e97  GROUP0_IRQHandler             
00000e97  GROUP1_IRQHandler             
00000e97  HardFault_Handler             
00000e97  I2C0_IRQHandler               
00000e97  I2C1_IRQHandler               
00000e97  NMI_Handler                   
00000e97  PendSV_Handler                
00000e97  RTC_IRQHandler                
00000e97  SPI0_IRQHandler               
00000e97  SPI1_IRQHandler               
00000e97  SVC_Handler                   
00000e97  SysTick_Handler               
00000e97  TIMA0_IRQHandler              
00000e97  TIMA1_IRQHandler              
00000e97  TIMG0_IRQHandler              
00000e97  TIMG12_IRQHandler             
00000e97  TIMG6_IRQHandler              
00000e97  TIMG7_IRQHandler              
00000e97  TIMG8_IRQHandler              
00000e97  UART0_IRQHandler              
00000e97  UART1_IRQHandler              
00000e97  UART2_IRQHandler              
00000e97  UART3_IRQHandler              
00000e99  fputc                         
00000f35  memcpy                        
00000fcf  __aeabi_idiv0                 
00000fd1  __TI_closefile                
0000104d  __TI_decompress_lzss          
000010c5  HOSTlseek                     
00001131  HOSTrename                    
0000119d  fseeko                        
00001209  getdevice                     
00001271  __TI_wrt_ok                   
00001339  memset                        
0000139b  __aeabi_ldiv0                 
0000139d  HOSTopen                      
000013fd  printf                        
00001459  HOSTread                      
000014b1  HOSTwrite                     
00001509  __TI_doflush                  
0000155b  _nop                          
0000155d  close                         
000015ad  HOSTclose                     
000015f5  HOSTunlink                    
0000163d  SYSCFG_DL_SYSCTL_init         
0000167d  __aeabi_uidiv                 
0000167d  __aeabi_uidivmod              
000016bd  atoi                          
000016fd  SYSCFG_DL_GPIO_init           
00001739  __TI_auto_init_nobinit_nopinit
00001775  __muldsi3                     
000017b1  finddevice                    
000017e9  __TI_cleanup                  
0000181d  __TI_readmsg                  
00001851  __TI_writemsg                 
0000187d  C$$IO$$                       
00001885  exit                          
000018b9  SYSCFG_DL_initPower           
000018e5  unlink                        
00001939  lseek                         
00001961  write                         
00001989  _c_int00_noargs               
000019b1  __aeabi_lmul                  
000019b1  __muldi3                      
000019d5  memccpy                       
000019f9  __aeabi_llsl                  
000019f9  __ashldi3                     
00001a35  __TI_zero_init_nomemset       
00001a4d  __aeabi_uldivmod              
00001a73  __TI_decompress_none          
00001a85  SYSCFG_DL_init                
00001a95  wcslen                        
00001ab5  __aeabi_memset                
00001ab5  __aeabi_memset4               
00001ab5  __aeabi_memset8               
00001ae1  __aeabi_memclr                
00001ae1  __aeabi_memclr4               
00001ae1  __aeabi_memclr8               
00001aed  malloc                        
00001af9  DL_Common_delayCycles         
00001b05  __aeabi_errno_addr            
00001b0d  __aeabi_memcpy                
00001b0d  __aeabi_memcpy4               
00001b0d  __aeabi_memcpy8               
00001b25  fseek                         
00001b2d  remove                        
00001b35  Reset_Handler                 
00001b39  _system_pre_init              
00001b3c  C$$EXIT                       
00001b3d  abort                         
00001b40  __aeabi_ctype_table_          
00001b40  __aeabi_ctype_table_C         
00001d08  __TI_Handler_Table_Base       
00001d14  __TI_Handler_Table_Limit      
00001d1c  __TI_CINIT_Base               
00001d2c  __TI_CINIT_Limit              
00001d2c  __TI_CINIT_Warm               
20200000  __start___llvm_prf_bits       
20200000  __start___llvm_prf_cnts       
20200000  __stop___llvm_prf_bits        
20200000  __stop___llvm_prf_cnts        
20200000  _sys_memory                   
20200800  _ftable                       
202008f0  _device                       
20200968  _stream                       
202009b8  __TI_cleanup_ptr              
202009bc  __TI_dtors_ptr                
202009c0  __TI_ft_end                   
202009c4  __aeabi_errno                 
202009c8  _lock                         
202009cc  _unlock                       
202009d0  delay                         
202009d4  sw1                           
202009d6  sw2                           
202009dc  _CIOBUF_                      
202009dc  __CIOBUF_                     
20200afc  __TI_tmpnams                  
20200b9c  parmbuf                       
20207e00  __stack                       
20208000  __STACK_END                   
ffffffff  __TI_pprof_out_hndl           
ffffffff  __TI_prof_data_size           
ffffffff  __TI_prof_data_start          
ffffffff  __binit__                     
ffffffff  binit                         
UNDEFED   __mpu_init                    
UNDEFED   _system_post_cinit            

[155 symbols]
