******************************************************************************
            TI ARM Clang Linker PC v3.2.2                      
******************************************************************************
>> Linked Tue Mar 25 11:10:17 2025

OUTPUT FILE NAME:   <BMP_GPIO_1_2_3_.out>
ENTRY POINT SYMBOL: "_c_int00_noargs"  address: 0000193d


MEMORY CONFIGURATION

         name            origin    length      used     unused   attr    fill
----------------------  --------  ---------  --------  --------  ----  --------
  FLASH                 00000000   00020000  00001d50  0001e2b0  R  X
  SRAM                  20200000   00008000  00000da1  0000725f  RW X
  BCR_CONFIG            41c00000   00000080  00000000  00000080  R   
  BSL_CONFIG            41c00100   00000080  00000000  00000080  R   


SEGMENT ALLOCATION MAP

run origin  load origin   length   init length attrs members
----------  ----------- ---------- ----------- ----- -------
00000000    00000000    00001d50   00001d50    r-x
  00000000    00000000    000000c0   000000c0    r-- .intvecs
  000000c0    000000c0    00001aa0   00001aa0    r-x .text
  00001b60    00001b60    00000160   00000160    r-- .rodata
  00001cc0    00001cc0    00000090   00000090    r-- .cinit
20200000    20200000    00000ba4   00000000    rw-
  20200000    20200000    00000800   00000000    rw- .sysmem
  20200800    20200800    000001d5   00000000    rw- .data
  202009d8    202009d8    000001cc   00000000    rw- .bss
20207e00    20207e00    00000200   00000000    rw-
  20207e00    20207e00    00000200   00000000    rw- .stack


SECTION ALLOCATION MAP

 output                                  attributes/
section   page    origin      length       input sections
--------  ----  ----------  ----------   ----------------
.intvecs   0    00000000    000000c0     
                  00000000    000000c0     startup_mspm0g350x_ticlang.o (.intvecs)

.text      0    000000c0    00001aa0     
                  000000c0    00000888     libc.a : _printfi.c.obj (.text:__TI_printfi_nofloat)
                  00000948    0000012c            : memory.c.obj (.text.aligned_alloc)
                  00000a74    00000110     empty_non_sysconfig.o (.text.main)
                  00000b84    00000104     libc.a : fputs.c.obj (.text.fputs)
                  00000c88    000000ec            : memory.c.obj (.text.free)
                  00000d74    000000dc            : setvbuf.c.obj (.text.setvbuf)
                  00000e50    000000a2     libclang_rt.builtins.a : udivmoddi4.S.obj (.text)
                  00000ef2    00000002     startup_mspm0g350x_ticlang.o (.text.Default_Handler)
                  00000ef4    0000009c     libc.a : fputc.c.obj (.text.fputc)
                  00000f90    0000009a            : memcpy16.S.obj (.text:memcpy)
                  0000102a    00000002     libclang_rt.builtins.a : aeabi_div0.c.obj (.text.__aeabi_idiv0)
                  0000102c    0000007c     libc.a : fclose.c.obj (.text.__TI_closefile)
                  000010a8    00000078            : copy_decompress_lzss.c.obj (.text:decompress:lzss)
                  00001120    0000006c     libsysbm.a : hostlseek.c.obj (.text.HOSTlseek)
                  0000118c    0000006c                : hostrename.c.obj (.text.HOSTrename)
                  000011f8    0000006c     libc.a : fseek.c.obj (.text.fseeko)
                  00001264    00000068            : getdevice.c.obj (.text.getdevice)
                  000012cc    00000064            : _io_perm.c.obj (.text.__TI_wrt_ok)
                  00001330    00000064            : memory.c.obj (.text.split)
                  00001394    00000062            : memset16.S.obj (.text:memset)
                  000013f6    00000002     libclang_rt.builtins.a : aeabi_div0.c.obj (.text.__aeabi_ldiv0)
                  000013f8    00000060     libsysbm.a : hostopen.c.obj (.text.HOSTopen)
                  00001458    0000005c     libc.a : printf.c.obj (.text.printf)
                  000014b4    00000058     libsysbm.a : hostread.c.obj (.text.HOSTread)
                  0000150c    00000058                : hostwrite.c.obj (.text.HOSTwrite)
                  00001564    00000052     libc.a : fflush.c.obj (.text.__TI_doflush)
                  000015b6    00000002            : _lock.c.obj (.text._nop)
                  000015b8    00000050     libsysbm.a : close.c.obj (.text.close)
                  00001608    00000048                : hostclose.c.obj (.text.HOSTclose)
                  00001650    00000048                : hostunlink.c.obj (.text.HOSTunlink)
                  00001698    00000040     libclang_rt.builtins.a : aeabi_uidivmod.S.obj (.text.__aeabi_uidivmod)
                  000016d8    00000040     libc.a : atoi.c.obj (.text.atoi)
                  00001718    0000003c            : autoinit.c.obj (.text:__TI_auto_init_nobinit_nopinit)
                  00001754    0000003a     libclang_rt.builtins.a : muldsi3.S.obj (.text.__muldsi3)
                  0000178e    00000002     --HOLE-- [fill = 0]
                  00001790    00000038     libc.a : getdevice.c.obj (.text.finddevice)
                  000017c8    00000034            : fopen.c.obj (.text.__TI_cleanup)
                  000017fc    00000034     libsysbm.a : trgmsg.c.obj (.text.__TI_readmsg)
                  00001830    00000034                : trgmsg.c.obj (.text.__TI_writemsg)
                  00001864    00000034     libc.a : exit.c.obj (.text.exit)
                  00001898    0000002c     libsysbm.a : unlink.c.obj (.text.unlink)
                  000018c4    00000028     libc.a : memory.c.obj (.text.free_list_insert)
                  000018ec    00000028     libsysbm.a : lseek.c.obj (.text.lseek)
                  00001914    00000028                : write.c.obj (.text.write)
                  0000193c    00000028     libc.a : boot_cortex_m.c.obj (.text:_c_int00_noargs)
                  00001964    00000024     libclang_rt.builtins.a : muldi3.S.obj (.text.__muldi3)
                  00001988    00000022     libc.a : memccpy.c.obj (.text.memccpy)
                  000019aa    00000002     --HOLE-- [fill = 0]
                  000019ac    00000020     BM.o (.text.digitalOutputConfig)
                  000019cc    00000020     BM.o (.text.initDigitalInput)
                  000019ec    0000001e     libclang_rt.builtins.a : ashldi3.S.obj (.text.__ashldi3)
                  00001a0a    00000002     --HOLE-- [fill = 0]
                  00001a0c    0000001c     libc.a : memory.c.obj (.text.free_list_remove)
                  00001a28    00000016            : copy_zero_init.c.obj (.text:decompress:ZI:__TI_zero_init_nomemset)
                  00001a3e    00000002     --HOLE-- [fill = 0]
                  00001a40    00000014     libclang_rt.builtins.a : aeabi_uldivmod.S.obj (.text.__aeabi_uldivmod)
                  00001a54    00000012     libsysbm.a : hostrename.c.obj (.text.strcpy)
                  00001a66    00000012     libc.a : copy_decompress_none.c.obj (.text:decompress:none)
                  00001a78    00000010     BM.o (.text.GPIO_reset)
                  00001a88    00000010     BM.o (.text.enablePort)
                  00001a98    00000010     libc.a : wcslen.c.obj (.text.wcslen)
                  00001aa8    0000000e            : memory.c.obj (.text.OUTLINED_FUNCTION_0)
                  00001ab6    00000002     --HOLE-- [fill = 0]
                  00001ab8    0000000e     libclang_rt.builtins.a : aeabi_memset.S.obj (.text.__aeabi_memset)
                  00001ac6    0000000e     libc.a : _printfi.c.obj (.text.strlen)
                  00001ad4    0000000e     libsysbm.a : hostrename.c.obj (.text.strlen)
                  00001ae2    00000002     --HOLE-- [fill = 0]
                  00001ae4    0000000c     libclang_rt.builtins.a : aeabi_memset.S.obj (.text.__aeabi_memclr)
                  00001af0    0000000c     libc.a : memory.c.obj (.text.malloc)
                  00001afc    0000000c     BM.o (.text.togglePins)
                  00001b08    0000000a     driverlib.a : dl_common.o (.text.DL_Common_delayCycles)
                  00001b12    0000000a     BM.o (.text.readPins)
                  00001b1c    00000008     libc.a : aeabi_portable.c.obj (.text.__aeabi_errno_addr)
                  00001b24    00000008     libclang_rt.builtins.a : aeabi_memcpy.S.obj (.text.__aeabi_memcpy)
                  00001b2c    00000008     libc.a : printf.c.obj (.text._outc)
                  00001b34    00000008            : printf.c.obj (.text._outs)
                  00001b3c    00000008     BM.o (.text.clearPins)
                  00001b44    00000008     libc.a : fseek.c.obj (.text.fseek)
                  00001b4c    00000008     libsysbm.a : remove.c.obj (.text.remove)
                  00001b54    00000004     startup_mspm0g350x_ticlang.o (.text.Reset_Handler)
                  00001b58    00000004     libc.a : pre_init.c.obj (.text._system_pre_init)
                  00001b5c    00000004            : exit.c.obj (.text:abort)

.cinit     0    00001cc0    00000090     
                  00001cc0    00000067     (.cinit..data.load) [load image, compression = lzss]
                  00001d27    00000001     --HOLE-- [fill = 0]
                  00001d28    0000000c     (__TI_handler_table)
                  00001d34    00000008     (.cinit..bss.load) [load image, compression = zero_init]
                  00001d3c    00000010     (__TI_cinit_table)
                  00001d4c    00000004     --HOLE-- [fill = 0]

.rodata    0    00001b60    00000160     
                  00001b60    00000101     libc.a : aeabi_ctype.S.obj (.rodata:__aeabi_ctype_table_)
                  00001c61    0000001d     empty_non_sysconfig.o (.rodata.str1.140971568944866774831)
                  00001c7e    0000001d     empty_non_sysconfig.o (.rodata.str1.5701903454001008911)
                  00001c9b    00000011     libc.a : _printfi.c.obj (.rodata.str1.11645776875810915891)
                  00001cac    00000011            : _printfi.c.obj (.rodata.str1.44690500295887128011)
                  00001cbd    00000003     --HOLE-- [fill = 0]

.init_array 
*          0    00000000    00000000     UNINITIALIZED

.binit     0    00000000    00000000     

.sysmem    0    20200000    00000800     UNINITIALIZED
                  20200000    00000010     libc.a : memory.c.obj (.sysmem)
                  20200010    000007f0     --HOLE--

.data      0    20200800    000001d5     UNINITIALIZED
                  20200800    000000f0     libc.a : defs.c.obj (.data._ftable)
                  202008f0    00000078     libsysbm.a : host_device.c.obj (.data._device)
                  20200968    00000050                : host_device.c.obj (.data._stream)
                  202009b8    00000008     libc.a : exit.c.obj (.data..L_MergedGlobals)
                  202009c0    00000004            : defs.c.obj (.data.__TI_ft_end)
                  202009c4    00000004            : aeabi_portable.c.obj (.data.__aeabi_errno)
                  202009c8    00000004            : _lock.c.obj (.data._lock)
                  202009cc    00000004            : _lock.c.obj (.data._unlock)
                  202009d0    00000004     empty_non_sysconfig.o (.data.delay)
                  202009d4    00000001     libc.a : memory.c.obj (.data.memory_is_initialized)

.bss       0    202009d8    000001cc     UNINITIALIZED
                  202009d8    00000120     libsysbm.a : trgmsg.c.obj (.bss:_CIOBUF_)
                  20200af8    000000a0     libc.a : defs.c.obj (.bss.__TI_tmpnams)
                  20200b98    00000008     libsysbm.a : hostopen.c.obj (.bss.parmbuf)
                  20200ba0    00000004     libc.a : memory.c.obj (.bss.sys_free)

.stack     0    20207e00    00000200     UNINITIALIZED
                  20207e00    00000004     libc.a : boot_cortex_m.c.obj (.stack)
                  20207e04    000001fc     --HOLE--

__llvm_prf_cnts 
*          0    20200000    00000000     UNINITIALIZED

__llvm_prf_bits 
*          0    20200000    00000000     UNINITIALIZED

MODULE SUMMARY

       Module                         code   ro data   rw data
       ------                         ----   -------   -------
    .\
       empty_non_sysconfig.o          272    58        4      
       startup_mspm0g350x_ticlang.o   6      192       0      
       BM.o                           126    0         0      
    +--+------------------------------+------+---------+---------+
       Total:                         404    250       4      
                                                              
    C:/ti/mspm0_sdk_2_04_00_06/source/ti/driverlib/lib/ticlang/m0p/mspm0g1x0x_g3x0x/driverlib.a
       dl_common.o                    10     0         0      
    +--+------------------------------+------+---------+---------+
       Total:                         10     0         0      
                                                              
    C:\ti\ccs1281\ccs\tools\compiler\ti-cgt-armllvm_3.2.2.LTS\lib\armv6m-ti-none-eabi/c/libc.a
       _printfi.c.obj                 2198   34        0      
       memory.c.obj                   730    0         5      
       defs.c.obj                     0      0         404    
       fputs.c.obj                    260    0         0      
       aeabi_ctype.S.obj              0      257       0      
       setvbuf.c.obj                  220    0         0      
       getdevice.c.obj                160    0         0      
       fputc.c.obj                    156    0         0      
       memcpy16.S.obj                 154    0         0      
       fclose.c.obj                   124    0         0      
       copy_decompress_lzss.c.obj     120    0         0      
       fseek.c.obj                    116    0         0      
       printf.c.obj                   108    0         0      
       _io_perm.c.obj                 100    0         0      
       memset16.S.obj                 98     0         0      
       fflush.c.obj                   82     0         0      
       atoi.c.obj                     64     0         0      
       exit.c.obj                     56     0         8      
       autoinit.c.obj                 60     0         0      
       fopen.c.obj                    52     0         0      
       boot_cortex_m.c.obj            40     0         0      
       memccpy.c.obj                  34     0         0      
       copy_zero_init.c.obj           22     0         0      
       copy_decompress_none.c.obj     18     0         0      
       wcslen.c.obj                   16     0         0      
       aeabi_portable.c.obj           8      0         4      
       _lock.c.obj                    2      0         8      
       pre_init.c.obj                 4      0         0      
    +--+------------------------------+------+---------+---------+
       Total:                         5002   291       429    
                                                              
    C:\ti\ccs1281\ccs\tools\compiler\ti-cgt-armllvm_3.2.2.LTS\lib\armv6m-ti-none-eabi/c/libsysbm.a
       trgmsg.c.obj                   104    0         288    
       host_device.c.obj              0      0         200    
       hostrename.c.obj               140    0         0      
       hostlseek.c.obj                108    0         0      
       hostopen.c.obj                 96     0         8      
       hostread.c.obj                 88     0         0      
       hostwrite.c.obj                88     0         0      
       close.c.obj                    80     0         0      
       hostclose.c.obj                72     0         0      
       hostunlink.c.obj               72     0         0      
       unlink.c.obj                   44     0         0      
       lseek.c.obj                    40     0         0      
       write.c.obj                    40     0         0      
       remove.c.obj                   8      0         0      
    +--+------------------------------+------+---------+---------+
       Total:                         980    0         496    
                                                              
    C:\ti\ccs1281\ccs\tools\compiler\ti-cgt-armllvm_3.2.2.LTS\lib\clang/15.0.7/lib/armv6m-ti-none-eabi/libclang_rt.builtins.a
       udivmoddi4.S.obj               162    0         0      
       aeabi_uidivmod.S.obj           64     0         0      
       muldsi3.S.obj                  58     0         0      
       muldi3.S.obj                   36     0         0      
       ashldi3.S.obj                  30     0         0      
       aeabi_memset.S.obj             26     0         0      
       aeabi_uldivmod.S.obj           20     0         0      
       aeabi_memcpy.S.obj             8      0         0      
       aeabi_div0.c.obj               4      0         0      
    +--+------------------------------+------+---------+---------+
       Total:                         408    0         0      
                                                              
       Heap:                          0      0         2048   
       Stack:                         0      0         512    
       Linker Generated:              0      139       0      
    +--+------------------------------+------+---------+---------+
       Grand Total:                   6804   680       3489   


LINKER GENERATED COPY TABLES

__TI_cinit_table @ 00001d3c records: 2, size/record: 8, table size: 16
	.data: load addr=00001cc0, load size=00000067 bytes, run addr=20200800, run size=000001d5 bytes, compression=lzss
	.bss: load addr=00001d34, load size=00000008 bytes, run addr=202009d8, run size=000001cc bytes, compression=zero_init


LINKER GENERATED HANDLER TABLE

__TI_handler_table @ 00001d28 records: 3, size/record: 4, table size: 12
	index: 0, handler: __TI_decompress_lzss
	index: 1, handler: __TI_decompress_none
	index: 2, handler: __TI_zero_init


GLOBAL SYMBOLS: SORTED ALPHABETICALLY BY Name 

address   name                          
-------   ----                          
00000ef3  ADC0_IRQHandler               
00000ef3  ADC1_IRQHandler               
00000ef3  AES_IRQHandler                
00001b5c  C$$EXIT                       
0000185d  C$$IO$$                       
00000ef3  CANFD0_IRQHandler             
00000ef3  DAC0_IRQHandler               
00001b09  DL_Common_delayCycles         
00000ef3  DMA_IRQHandler                
00000ef3  Default_Handler               
00001a79  GPIO_reset                    
00000ef3  GROUP0_IRQHandler             
00000ef3  GROUP1_IRQHandler             
00001609  HOSTclose                     
00001121  HOSTlseek                     
000013f9  HOSTopen                      
000014b5  HOSTread                      
0000118d  HOSTrename                    
00001651  HOSTunlink                    
0000150d  HOSTwrite                     
00000ef3  HardFault_Handler             
00000ef3  I2C0_IRQHandler               
00000ef3  I2C1_IRQHandler               
00000ef3  NMI_Handler                   
00000ef3  PendSV_Handler                
00000ef3  RTC_IRQHandler                
00001b55  Reset_Handler                 
00000ef3  SPI0_IRQHandler               
00000ef3  SPI1_IRQHandler               
00000ef3  SVC_Handler                   
00000ef3  SysTick_Handler               
00000ef3  TIMA0_IRQHandler              
00000ef3  TIMA1_IRQHandler              
00000ef3  TIMG0_IRQHandler              
00000ef3  TIMG12_IRQHandler             
00000ef3  TIMG6_IRQHandler              
00000ef3  TIMG7_IRQHandler              
00000ef3  TIMG8_IRQHandler              
00000ef3  UART0_IRQHandler              
00000ef3  UART1_IRQHandler              
00000ef3  UART2_IRQHandler              
00000ef3  UART3_IRQHandler              
202009d8  _CIOBUF_                      
202009d8  __CIOBUF_                     
20208000  __STACK_END                   
00000200  __STACK_SIZE                  
00000800  __SYSMEM_SIZE                 
00000000  __TI_ATRegion0_region_sz      
00000000  __TI_ATRegion0_src_addr       
00000000  __TI_ATRegion0_trg_addr       
00000000  __TI_ATRegion1_region_sz      
00000000  __TI_ATRegion1_src_addr       
00000000  __TI_ATRegion1_trg_addr       
00000000  __TI_ATRegion2_region_sz      
00000000  __TI_ATRegion2_src_addr       
00000000  __TI_ATRegion2_trg_addr       
00001d3c  __TI_CINIT_Base               
00001d4c  __TI_CINIT_Limit              
00001d4c  __TI_CINIT_Warm               
00001d28  __TI_Handler_Table_Base       
00001d34  __TI_Handler_Table_Limit      
00001719  __TI_auto_init_nobinit_nopinit
000017c9  __TI_cleanup                  
202009b8  __TI_cleanup_ptr              
0000102d  __TI_closefile                
000010a9  __TI_decompress_lzss          
00001a67  __TI_decompress_none          
00001565  __TI_doflush                  
202009bc  __TI_dtors_ptr                
202009c0  __TI_ft_end                   
ffffffff  __TI_pprof_out_hndl           
000000c1  __TI_printfi_nofloat          
ffffffff  __TI_prof_data_size           
ffffffff  __TI_prof_data_start          
000017fd  __TI_readmsg                  
00000000  __TI_static_base__            
20200af8  __TI_tmpnams                  
00001831  __TI_writemsg                 
000012cd  __TI_wrt_ok                   
00001a29  __TI_zero_init_nomemset       
00001b60  __aeabi_ctype_table_          
00001b60  __aeabi_ctype_table_C         
202009c4  __aeabi_errno                 
00001b1d  __aeabi_errno_addr            
0000102b  __aeabi_idiv0                 
000013f7  __aeabi_ldiv0                 
000019ed  __aeabi_llsl                  
00001965  __aeabi_lmul                  
00001ae5  __aeabi_memclr                
00001ae5  __aeabi_memclr4               
00001ae5  __aeabi_memclr8               
00001b25  __aeabi_memcpy                
00001b25  __aeabi_memcpy4               
00001b25  __aeabi_memcpy8               
00001ab9  __aeabi_memset                
00001ab9  __aeabi_memset4               
00001ab9  __aeabi_memset8               
00001699  __aeabi_uidiv                 
00001699  __aeabi_uidivmod              
00001a41  __aeabi_uldivmod              
000019ed  __ashldi3                     
ffffffff  __binit__                     
UNDEFED   __mpu_init                    
00001965  __muldi3                      
00001755  __muldsi3                     
20207e00  __stack                       
20200000  __start___llvm_prf_bits       
20200000  __start___llvm_prf_cnts       
20200000  __stop___llvm_prf_bits        
20200000  __stop___llvm_prf_cnts        
00000e51  __udivmoddi4                  
0000193d  _c_int00_noargs               
202008f0  _device                       
20200800  _ftable                       
202009c8  _lock                         
000015b7  _nop                          
20200968  _stream                       
20200000  _sys_memory                   
UNDEFED   _system_post_cinit            
00001b59  _system_pre_init              
202009cc  _unlock                       
00001b5d  abort                         
00000949  aligned_alloc                 
000016d9  atoi                          
ffffffff  binit                         
00001b3d  clearPins                     
000015b9  close                         
202009d0  delay                         
000019ad  digitalOutputConfig           
00001a89  enablePort                    
00001865  exit                          
00001791  finddevice                    
00000ef5  fputc                         
00000b85  fputs                         
00000c89  free                          
00001b45  fseek                         
000011f9  fseeko                        
00001265  getdevice                     
000019cd  initDigitalInput              
00000000  interruptVectors              
000018ed  lseek                         
00000a75  main                          
00001af1  malloc                        
00000949  memalign                      
00001989  memccpy                       
00000f91  memcpy                        
00001395  memset                        
20200b98  parmbuf                       
00001459  printf                        
00001b13  readPins                      
00001b4d  remove                        
00000d75  setvbuf                       
00001afd  togglePins                    
00001899  unlink                        
00001a99  wcslen                        
00001915  write                         


GLOBAL SYMBOLS: SORTED BY Symbol Address 

address   name                          
-------   ----                          
00000000  __TI_ATRegion0_region_sz      
00000000  __TI_ATRegion0_src_addr       
00000000  __TI_ATRegion0_trg_addr       
00000000  __TI_ATRegion1_region_sz      
00000000  __TI_ATRegion1_src_addr       
00000000  __TI_ATRegion1_trg_addr       
00000000  __TI_ATRegion2_region_sz      
00000000  __TI_ATRegion2_src_addr       
00000000  __TI_ATRegion2_trg_addr       
00000000  __TI_static_base__            
00000000  interruptVectors              
000000c1  __TI_printfi_nofloat          
00000200  __STACK_SIZE                  
00000800  __SYSMEM_SIZE                 
00000949  aligned_alloc                 
00000949  memalign                      
00000a75  main                          
00000b85  fputs                         
00000c89  free                          
00000d75  setvbuf                       
00000e51  __udivmoddi4                  
00000ef3  ADC0_IRQHandler               
00000ef3  ADC1_IRQHandler               
00000ef3  AES_IRQHandler                
00000ef3  CANFD0_IRQHandler             
00000ef3  DAC0_IRQHandler               
00000ef3  DMA_IRQHandler                
00000ef3  Default_Handler               
00000ef3  GROUP0_IRQHandler             
00000ef3  GROUP1_IRQHandler             
00000ef3  HardFault_Handler             
00000ef3  I2C0_IRQHandler               
00000ef3  I2C1_IRQHandler               
00000ef3  NMI_Handler                   
00000ef3  PendSV_Handler                
00000ef3  RTC_IRQHandler                
00000ef3  SPI0_IRQHandler               
00000ef3  SPI1_IRQHandler               
00000ef3  SVC_Handler                   
00000ef3  SysTick_Handler               
00000ef3  TIMA0_IRQHandler              
00000ef3  TIMA1_IRQHandler              
00000ef3  TIMG0_IRQHandler              
00000ef3  TIMG12_IRQHandler             
00000ef3  TIMG6_IRQHandler              
00000ef3  TIMG7_IRQHandler              
00000ef3  TIMG8_IRQHandler              
00000ef3  UART0_IRQHandler              
00000ef3  UART1_IRQHandler              
00000ef3  UART2_IRQHandler              
00000ef3  UART3_IRQHandler              
00000ef5  fputc                         
00000f91  memcpy                        
0000102b  __aeabi_idiv0                 
0000102d  __TI_closefile                
000010a9  __TI_decompress_lzss          
00001121  HOSTlseek                     
0000118d  HOSTrename                    
000011f9  fseeko                        
00001265  getdevice                     
000012cd  __TI_wrt_ok                   
00001395  memset                        
000013f7  __aeabi_ldiv0                 
000013f9  HOSTopen                      
00001459  printf                        
000014b5  HOSTread                      
0000150d  HOSTwrite                     
00001565  __TI_doflush                  
000015b7  _nop                          
000015b9  close                         
00001609  HOSTclose                     
00001651  HOSTunlink                    
00001699  __aeabi_uidiv                 
00001699  __aeabi_uidivmod              
000016d9  atoi                          
00001719  __TI_auto_init_nobinit_nopinit
00001755  __muldsi3                     
00001791  finddevice                    
000017c9  __TI_cleanup                  
000017fd  __TI_readmsg                  
00001831  __TI_writemsg                 
0000185d  C$$IO$$                       
00001865  exit                          
00001899  unlink                        
000018ed  lseek                         
00001915  write                         
0000193d  _c_int00_noargs               
00001965  __aeabi_lmul                  
00001965  __muldi3                      
00001989  memccpy                       
000019ad  digitalOutputConfig           
000019cd  initDigitalInput              
000019ed  __aeabi_llsl                  
000019ed  __ashldi3                     
00001a29  __TI_zero_init_nomemset       
00001a41  __aeabi_uldivmod              
00001a67  __TI_decompress_none          
00001a79  GPIO_reset                    
00001a89  enablePort                    
00001a99  wcslen                        
00001ab9  __aeabi_memset                
00001ab9  __aeabi_memset4               
00001ab9  __aeabi_memset8               
00001ae5  __aeabi_memclr                
00001ae5  __aeabi_memclr4               
00001ae5  __aeabi_memclr8               
00001af1  malloc                        
00001afd  togglePins                    
00001b09  DL_Common_delayCycles         
00001b13  readPins                      
00001b1d  __aeabi_errno_addr            
00001b25  __aeabi_memcpy                
00001b25  __aeabi_memcpy4               
00001b25  __aeabi_memcpy8               
00001b3d  clearPins                     
00001b45  fseek                         
00001b4d  remove                        
00001b55  Reset_Handler                 
00001b59  _system_pre_init              
00001b5c  C$$EXIT                       
00001b5d  abort                         
00001b60  __aeabi_ctype_table_          
00001b60  __aeabi_ctype_table_C         
00001d28  __TI_Handler_Table_Base       
00001d34  __TI_Handler_Table_Limit      
00001d3c  __TI_CINIT_Base               
00001d4c  __TI_CINIT_Limit              
00001d4c  __TI_CINIT_Warm               
20200000  __start___llvm_prf_bits       
20200000  __start___llvm_prf_cnts       
20200000  __stop___llvm_prf_bits        
20200000  __stop___llvm_prf_cnts        
20200000  _sys_memory                   
20200800  _ftable                       
202008f0  _device                       
20200968  _stream                       
202009b8  __TI_cleanup_ptr              
202009bc  __TI_dtors_ptr                
202009c0  __TI_ft_end                   
202009c4  __aeabi_errno                 
202009c8  _lock                         
202009cc  _unlock                       
202009d0  delay                         
202009d8  _CIOBUF_                      
202009d8  __CIOBUF_                     
20200af8  __TI_tmpnams                  
20200b98  parmbuf                       
20207e00  __stack                       
20208000  __STACK_END                   
ffffffff  __TI_pprof_out_hndl           
ffffffff  __TI_prof_data_size           
ffffffff  __TI_prof_data_start          
ffffffff  __binit__                     
ffffffff  binit                         
UNDEFED   __mpu_init                    
UNDEFED   _system_post_cinit            

[156 symbols]
