******************************************************************************
            TI ARM Clang Linker PC v3.2.2                      
******************************************************************************
>> Linked Sat Mar 22 11:54:28 2025

OUTPUT FILE NAME:   <empty_non_sysconfig_LP_MSPM0G3507_nortos_ticlang.out>
ENTRY POINT SYMBOL: "_c_int00_noinit_noargs"  address: 0000026d


MEMORY CONFIGURATION

         name            origin    length      used     unused   attr    fill
----------------------  --------  ---------  --------  --------  ----  --------
  FLASH                 00000000   00020000  00000328  0001fcd8  R  X
  SRAM                  20200000   00008000  00000200  00007e00  RW X
  BCR_CONFIG            41c00000   00000080  00000000  00000080  R   
  BSL_CONFIG            41c00100   00000080  00000000  00000080  R   


SEGMENT ALLOCATION MAP

run origin  load origin   length   init length attrs members
----------  ----------- ---------- ----------- ----- -------
00000000    00000000    00000328   00000328    r-x
  00000000    00000000    000000c0   000000c0    r-- .intvecs
  000000c0    000000c0    00000268   00000268    r-x .text
20207e00    20207e00    00000200   00000000    rw-
  20207e00    20207e00    00000200   00000000    rw- .stack


SECTION ALLOCATION MAP

 output                                  attributes/
section   page    origin      length       input sections
--------  ----  ----------  ----------   ----------------
.intvecs   0    00000000    000000c0     
                  00000000    000000c0     startup_mspm0g350x_ticlang.o (.intvecs)

.text      0    000000c0    00000268     
                  000000c0    000000c0     empty_non_sysconfig.o (.text.main)
                  00000180    000000ac     empty_non_sysconfig.o (.text.GROUP1_IRQHandler)
                  0000022c    00000020     Baremetal.o (.text.digitalOutputConfig)
                  0000024c    00000020     Baremetal.o (.text.initDigitalInput)
                  0000026c    00000020     libc.a : boot_cortex_m.c.obj (.text:_c_int00_noinit_noargs)
                  0000028c    00000018     Baremetal.o (.text.EnableIRQ)
                  000002a4    00000010     Baremetal.o (.text.GPIO_reset)
                  000002b4    00000010     Baremetal.o (.text.clearInterruptStatus)
                  000002c4    00000010     Baremetal.o (.text.enableInterrupt)
                  000002d4    00000010     Baremetal.o (.text.enablePort)
                  000002e4    0000000c     Baremetal.o (.text.getEnabledInterruptStatus)
                  000002f0    0000000c     Baremetal.o (.text.setPins)
                  000002fc    0000000c     Baremetal.o (.text.setUpperPinsPolarity)
                  00000308    0000000a     driverlib.a : dl_common.o (.text.DL_Common_delayCycles)
                  00000312    00000008     Baremetal.o (.text.clearPins)
                  0000031a    00000004     startup_mspm0g350x_ticlang.o (.text.Reset_Handler)
                  0000031e    00000004     libc.a : pre_init.c.obj (.text._system_pre_init)
                  00000322    00000004            : exit.c.obj (.text:abort)
                  00000326    00000002     startup_mspm0g350x_ticlang.o (.text.Default_Handler)

.cinit     0    00000000    00000000     

.init_array 
*          0    00000000    00000000     UNINITIALIZED

.binit     0    00000000    00000000     

.stack     0    20207e00    00000200     UNINITIALIZED
                  20207e00    00000004     libc.a : boot_cortex_m.c.obj (.stack)
                  20207e04    000001fc     --HOLE--

__llvm_prf_cnts 
*          0    20200000    00000000     UNINITIALIZED

__llvm_prf_bits 
*          0    20200000    00000000     UNINITIALIZED

MODULE SUMMARY

       Module                         code   ro data   rw data
       ------                         ----   -------   -------
    .\
       empty_non_sysconfig.o          364    0         0      
       startup_mspm0g350x_ticlang.o   6      192       0      
    +--+------------------------------+------+---------+---------+
       Total:                         370    192       0      
                                                              
    .\LIB\
       Baremetal.o                    196    0         0      
    +--+------------------------------+------+---------+---------+
       Total:                         196    0         0      
                                                              
    C:/ti/mspm0_sdk_2_04_00_06/source/ti/driverlib/lib/ticlang/m0p/mspm0g1x0x_g3x0x/driverlib.a
       dl_common.o                    10     0         0      
    +--+------------------------------+------+---------+---------+
       Total:                         10     0         0      
                                                              
    C:\ti\ccs1281\ccs\tools\compiler\ti-cgt-armllvm_3.2.2.LTS\lib\armv6m-ti-none-eabi/c/libc.a
       boot_cortex_m.c.obj            32     0         0      
       exit.c.obj                     4      0         0      
       pre_init.c.obj                 4      0         0      
    +--+------------------------------+------+---------+---------+
       Total:                         40     0         0      
                                                              
       Stack:                         0      0         512    
    +--+------------------------------+------+---------+---------+
       Grand Total:                   616    192       512    


GLOBAL SYMBOLS: SORTED ALPHABETICALLY BY Name 

address   name                     
-------   ----                     
00000327  ADC0_IRQHandler          
00000327  ADC1_IRQHandler          
00000327  AES_IRQHandler           
00000322  C$$EXIT                  
00000327  CANFD0_IRQHandler        
00000327  DAC0_IRQHandler          
00000309  DL_Common_delayCycles    
00000327  DMA_IRQHandler           
00000327  Default_Handler          
0000028d  EnableIRQ                
000002a5  GPIO_reset               
00000327  GROUP0_IRQHandler        
00000181  GROUP1_IRQHandler        
00000327  HardFault_Handler        
00000327  I2C0_IRQHandler          
00000327  I2C1_IRQHandler          
00000327  NMI_Handler              
00000327  PendSV_Handler           
00000327  RTC_IRQHandler           
0000031b  Reset_Handler            
00000327  SPI0_IRQHandler          
00000327  SPI1_IRQHandler          
00000327  SVC_Handler              
00000327  SysTick_Handler          
00000327  TIMA0_IRQHandler         
00000327  TIMA1_IRQHandler         
00000327  TIMG0_IRQHandler         
00000327  TIMG12_IRQHandler        
00000327  TIMG6_IRQHandler         
00000327  TIMG7_IRQHandler         
00000327  TIMG8_IRQHandler         
00000327  UART0_IRQHandler         
00000327  UART1_IRQHandler         
00000327  UART2_IRQHandler         
00000327  UART3_IRQHandler         
20208000  __STACK_END              
00000200  __STACK_SIZE             
00000000  __TI_ATRegion0_region_sz 
00000000  __TI_ATRegion0_src_addr  
00000000  __TI_ATRegion0_trg_addr  
00000000  __TI_ATRegion1_region_sz 
00000000  __TI_ATRegion1_src_addr  
00000000  __TI_ATRegion1_trg_addr  
00000000  __TI_ATRegion2_region_sz 
00000000  __TI_ATRegion2_src_addr  
00000000  __TI_ATRegion2_trg_addr  
00000000  __TI_CINIT_Base          
00000000  __TI_CINIT_Limit         
00000000  __TI_CINIT_Warm          
ffffffff  __TI_pprof_out_hndl      
ffffffff  __TI_prof_data_size      
ffffffff  __TI_prof_data_start     
00000000  __TI_static_base__       
ffffffff  __binit__                
UNDEFED   __mpu_init               
20207e00  __stack                  
20200000  __start___llvm_prf_bits  
20200000  __start___llvm_prf_cnts  
20200000  __stop___llvm_prf_bits   
20200000  __stop___llvm_prf_cnts   
0000026d  _c_int00_noinit_noargs   
0000031f  _system_pre_init         
00000323  abort                    
ffffffff  binit                    
000002b5  clearInterruptStatus     
00000313  clearPins                
0000022d  digitalOutputConfig      
000002c5  enableInterrupt          
000002d5  enablePort               
000002e5  getEnabledInterruptStatus
0000024d  initDigitalInput         
00000000  interruptVectors         
000000c1  main                     
000002f1  setPins                  
000002fd  setUpperPinsPolarity     


GLOBAL SYMBOLS: SORTED BY Symbol Address 

address   name                     
-------   ----                     
00000000  __TI_ATRegion0_region_sz 
00000000  __TI_ATRegion0_src_addr  
00000000  __TI_ATRegion0_trg_addr  
00000000  __TI_ATRegion1_region_sz 
00000000  __TI_ATRegion1_src_addr  
00000000  __TI_ATRegion1_trg_addr  
00000000  __TI_ATRegion2_region_sz 
00000000  __TI_ATRegion2_src_addr  
00000000  __TI_ATRegion2_trg_addr  
00000000  __TI_CINIT_Base          
00000000  __TI_CINIT_Limit         
00000000  __TI_CINIT_Warm          
00000000  __TI_static_base__       
00000000  interruptVectors         
000000c1  main                     
00000181  GROUP1_IRQHandler        
00000200  __STACK_SIZE             
0000022d  digitalOutputConfig      
0000024d  initDigitalInput         
0000026d  _c_int00_noinit_noargs   
0000028d  EnableIRQ                
000002a5  GPIO_reset               
000002b5  clearInterruptStatus     
000002c5  enableInterrupt          
000002d5  enablePort               
000002e5  getEnabledInterruptStatus
000002f1  setPins                  
000002fd  setUpperPinsPolarity     
00000309  DL_Common_delayCycles    
00000313  clearPins                
0000031b  Reset_Handler            
0000031f  _system_pre_init         
00000322  C$$EXIT                  
00000323  abort                    
00000327  ADC0_IRQHandler          
00000327  ADC1_IRQHandler          
00000327  AES_IRQHandler           
00000327  CANFD0_IRQHandler        
00000327  DAC0_IRQHandler          
00000327  DMA_IRQHandler           
00000327  Default_Handler          
00000327  GROUP0_IRQHandler        
00000327  HardFault_Handler        
00000327  I2C0_IRQHandler          
00000327  I2C1_IRQHandler          
00000327  NMI_Handler              
00000327  PendSV_Handler           
00000327  RTC_IRQHandler           
00000327  SPI0_IRQHandler          
00000327  SPI1_IRQHandler          
00000327  SVC_Handler              
00000327  SysTick_Handler          
00000327  TIMA0_IRQHandler         
00000327  TIMA1_IRQHandler         
00000327  TIMG0_IRQHandler         
00000327  TIMG12_IRQHandler        
00000327  TIMG6_IRQHandler         
00000327  TIMG7_IRQHandler         
00000327  TIMG8_IRQHandler         
00000327  UART0_IRQHandler         
00000327  UART1_IRQHandler         
00000327  UART2_IRQHandler         
00000327  UART3_IRQHandler         
20200000  __start___llvm_prf_bits  
20200000  __start___llvm_prf_cnts  
20200000  __stop___llvm_prf_bits   
20200000  __stop___llvm_prf_cnts   
20207e00  __stack                  
20208000  __STACK_END              
ffffffff  __TI_pprof_out_hndl      
ffffffff  __TI_prof_data_size      
ffffffff  __TI_prof_data_start     
ffffffff  __binit__                
ffffffff  binit                    
UNDEFED   __mpu_init               

[75 symbols]
