******************************************************************************
            TI ARM Clang Linker PC v3.2.2                      
******************************************************************************
>> Linked Tue Feb  4 11:37:39 2025

OUTPUT FILE NAME:   <empty_LP_MSPM0G3507_nortos_ticlang.out>
ENTRY POINT SYMBOL: "_c_int00_noargs"  address: 000004a9


MEMORY CONFIGURATION

         name            origin    length      used     unused   attr    fill
----------------------  --------  ---------  --------  --------  ----  --------
  FLASH                 00000000   00020000  000005a0  0001fa60  R  X
  SRAM                  20200000   00008000  000002c4  00007d3c  RW X
  BCR_CONFIG            41c00000   00000080  00000000  00000080  R   
  BSL_CONFIG            41c00100   00000080  00000000  00000080  R   


SEGMENT ALLOCATION MAP

run origin  load origin   length   init length attrs members
----------  ----------- ---------- ----------- ----- -------
00000000    00000000    000005a0   000005a0    r-x
  00000000    00000000    000000c0   000000c0    r-- .intvecs
  000000c0    000000c0    00000498   00000498    r-x .text
  00000558    00000558    00000018   00000018    r-- .rodata
  00000570    00000570    00000030   00000030    r-- .cinit
20200000    20200000    000000c4   00000000    rw-
  20200000    20200000    000000bc   00000000    rw- .bss
  202000bc    202000bc    00000008   00000000    rw- .data
20207e00    20207e00    00000200   00000000    rw-
  20207e00    20207e00    00000200   00000000    rw- .stack


SECTION ALLOCATION MAP

 output                                  attributes/
section   page    origin      length       input sections
--------  ----  ----------  ----------   ----------------
.intvecs   0    00000000    000000c0     
                  00000000    000000c0     startup_mspm0g350x_ticlang.o (.intvecs)

.text      0    000000c0    00000498     
                  000000c0    000000e8     driverlib.a : dl_timer.o (.text.DL_Timer_initTimerMode)
                  000001a8    0000009a     libc.a : memcpy16.S.obj (.text:memcpy)
                  00000242    00000002     startup_mspm0g350x_ticlang.o (.text.Default_Handler)
                  00000244    0000007c     ti_msp_dl_config.o (.text.SYSCFG_DL_GPIO_init)
                  000002c0    00000078     libc.a : copy_decompress_lzss.c.obj (.text:decompress:lzss)
                  00000338    00000044     ti_msp_dl_config.o (.text.SYSCFG_DL_TIMER_0_init)
                  0000037c    00000044     empty.o (.text.main)
                  000003c0    00000040     ti_msp_dl_config.o (.text.SYSCFG_DL_SYSCTL_init)
                  00000400    0000003c     libc.a : autoinit.c.obj (.text:__TI_auto_init_nobinit_nopinit)
                  0000043c    00000038     empty.o (.text.TIMA0_IRQHandler)
                  00000474    00000034     ti_msp_dl_config.o (.text.SYSCFG_DL_initPower)
                  000004a8    00000028     libc.a : boot_cortex_m.c.obj (.text:_c_int00_noargs)
                  000004d0    00000020     ti_msp_dl_config.o (.text.SYSCFG_DL_init)
                  000004f0    0000001c     driverlib.a : dl_timer.o (.text.DL_Timer_setClockConfig)
                  0000050c    00000016     libc.a : copy_zero_init.c.obj (.text:decompress:ZI:__TI_zero_init_nomemset)
                  00000522    00000012            : copy_decompress_none.c.obj (.text:decompress:none)
                  00000534    0000000a     driverlib.a : dl_common.o (.text.DL_Common_delayCycles)
                  0000053e    00000002     --HOLE-- [fill = 0]
                  00000540    00000008     libclang_rt.builtins.a : aeabi_memcpy.S.obj (.text.__aeabi_memcpy)
                  00000548    00000004     startup_mspm0g350x_ticlang.o (.text.Reset_Handler)
                  0000054c    00000004     libc.a : pre_init.c.obj (.text._system_pre_init)
                  00000550    00000004            : exit.c.obj (.text:abort)
                  00000554    00000004     --HOLE-- [fill = 0]

.cinit     0    00000570    00000030     
                  00000570    0000000c     (__TI_handler_table)
                  0000057c    00000009     (.cinit..data.load) [load image, compression = lzss]
                  00000585    00000003     --HOLE-- [fill = 0]
                  00000588    00000008     (.cinit..bss.load) [load image, compression = zero_init]
                  00000590    00000010     (__TI_cinit_table)

.rodata    0    00000558    00000018     
                  00000558    00000014     ti_msp_dl_config.o (.rodata.gTIMER_0TimerConfig)
                  0000056c    00000003     ti_msp_dl_config.o (.rodata.gTIMER_0ClockConfig)
                  0000056f    00000001     --HOLE-- [fill = 0]

.init_array 
*          0    00000000    00000000     UNINITIALIZED

.binit     0    00000000    00000000     

.bss       0    20200000    000000bc     UNINITIALIZED
                  20200000    000000bc     (.common:gTIMER_0Backup)

.data      0    202000bc    00000008     UNINITIALIZED
                  202000bc    00000004     empty.o (.data.blink_rate)
                  202000c0    00000004     empty.o (.data.timer_count)

.stack     0    20207e00    00000200     UNINITIALIZED
                  20207e00    00000004     libc.a : boot_cortex_m.c.obj (.stack)
                  20207e04    000001fc     --HOLE--

__llvm_prf_cnts 
*          0    20200000    00000000     UNINITIALIZED

__llvm_prf_bits 
*          0    20200000    00000000     UNINITIALIZED

MODULE SUMMARY

       Module                         code   ro data   rw data
       ------                         ----   -------   -------
    .\
       ti_msp_dl_config.o             340    23        188    
       startup_mspm0g350x_ticlang.o   6      192       0      
       empty.o                        124    0         8      
    +--+------------------------------+------+---------+---------+
       Total:                         470    215       196    
                                                              
    C:/ti/mspm0_sdk_2_03_00_07/source/ti/driverlib/lib/ticlang/m0p/mspm0g1x0x_g3x0x/driverlib.a
       dl_timer.o                     260    0         0      
       dl_common.o                    10     0         0      
    +--+------------------------------+------+---------+---------+
       Total:                         270    0         0      
                                                              
    C:\ti\ccs1281\ccs\tools\compiler\ti-cgt-armllvm_3.2.2.LTS\lib\armv6m-ti-none-eabi/c/libc.a
       memcpy16.S.obj                 154    0         0      
       copy_decompress_lzss.c.obj     120    0         0      
       autoinit.c.obj                 60     0         0      
       boot_cortex_m.c.obj            40     0         0      
       copy_zero_init.c.obj           22     0         0      
       copy_decompress_none.c.obj     18     0         0      
       exit.c.obj                     4      0         0      
       pre_init.c.obj                 4      0         0      
    +--+------------------------------+------+---------+---------+
       Total:                         422    0         0      
                                                              
    C:\ti\ccs1281\ccs\tools\compiler\ti-cgt-armllvm_3.2.2.LTS\lib\clang/15.0.7/lib/armv6m-ti-none-eabi/libclang_rt.builtins.a
       aeabi_memcpy.S.obj             8      0         0      
    +--+------------------------------+------+---------+---------+
       Total:                         8      0         0      
                                                              
       Stack:                         0      0         512    
       Linker Generated:              0      45        0      
    +--+------------------------------+------+---------+---------+
       Grand Total:                   1170   260       708    


LINKER GENERATED COPY TABLES

__TI_cinit_table @ 00000590 records: 2, size/record: 8, table size: 16
	.data: load addr=0000057c, load size=00000009 bytes, run addr=202000bc, run size=00000008 bytes, compression=lzss
	.bss: load addr=00000588, load size=00000008 bytes, run addr=20200000, run size=000000bc bytes, compression=zero_init


LINKER GENERATED HANDLER TABLE

__TI_handler_table @ 00000570 records: 3, size/record: 4, table size: 12
	index: 0, handler: __TI_decompress_lzss
	index: 1, handler: __TI_decompress_none
	index: 2, handler: __TI_zero_init


GLOBAL SYMBOLS: SORTED ALPHABETICALLY BY Name 

address   name                          
-------   ----                          
00000243  ADC0_IRQHandler               
00000243  ADC1_IRQHandler               
00000243  AES_IRQHandler                
00000550  C$$EXIT                       
00000243  CANFD0_IRQHandler             
00000243  DAC0_IRQHandler               
00000535  DL_Common_delayCycles         
000000c1  DL_Timer_initTimerMode        
000004f1  DL_Timer_setClockConfig       
00000243  DMA_IRQHandler                
00000243  Default_Handler               
00000243  GROUP0_IRQHandler             
00000243  GROUP1_IRQHandler             
00000243  HardFault_Handler             
00000243  I2C0_IRQHandler               
00000243  I2C1_IRQHandler               
00000243  NMI_Handler                   
00000243  PendSV_Handler                
00000243  RTC_IRQHandler                
00000549  Reset_Handler                 
00000243  SPI0_IRQHandler               
00000243  SPI1_IRQHandler               
00000243  SVC_Handler                   
00000245  SYSCFG_DL_GPIO_init           
000003c1  SYSCFG_DL_SYSCTL_init         
00000339  SYSCFG_DL_TIMER_0_init        
000004d1  SYSCFG_DL_init                
00000475  SYSCFG_DL_initPower           
00000243  SysTick_Handler               
0000043d  TIMA0_IRQHandler              
00000243  TIMA1_IRQHandler              
00000243  TIMG0_IRQHandler              
00000243  TIMG12_IRQHandler             
00000243  TIMG6_IRQHandler              
00000243  TIMG7_IRQHandler              
00000243  TIMG8_IRQHandler              
00000243  UART0_IRQHandler              
00000243  UART1_IRQHandler              
00000243  UART2_IRQHandler              
00000243  UART3_IRQHandler              
20208000  __STACK_END                   
00000200  __STACK_SIZE                  
00000000  __TI_ATRegion0_region_sz      
00000000  __TI_ATRegion0_src_addr       
00000000  __TI_ATRegion0_trg_addr       
00000000  __TI_ATRegion1_region_sz      
00000000  __TI_ATRegion1_src_addr       
00000000  __TI_ATRegion1_trg_addr       
00000000  __TI_ATRegion2_region_sz      
00000000  __TI_ATRegion2_src_addr       
00000000  __TI_ATRegion2_trg_addr       
00000590  __TI_CINIT_Base               
000005a0  __TI_CINIT_Limit              
000005a0  __TI_CINIT_Warm               
00000570  __TI_Handler_Table_Base       
0000057c  __TI_Handler_Table_Limit      
00000401  __TI_auto_init_nobinit_nopinit
000002c1  __TI_decompress_lzss          
00000523  __TI_decompress_none          
ffffffff  __TI_pprof_out_hndl           
ffffffff  __TI_prof_data_size           
ffffffff  __TI_prof_data_start          
00000000  __TI_static_base__            
0000050d  __TI_zero_init_nomemset       
00000541  __aeabi_memcpy                
00000541  __aeabi_memcpy4               
00000541  __aeabi_memcpy8               
ffffffff  __binit__                     
UNDEFED   __mpu_init                    
20207e00  __stack                       
20200000  __start___llvm_prf_bits       
20200000  __start___llvm_prf_cnts       
20200000  __stop___llvm_prf_bits        
20200000  __stop___llvm_prf_cnts        
000004a9  _c_int00_noargs               
UNDEFED   _system_post_cinit            
0000054d  _system_pre_init              
00000551  abort                         
ffffffff  binit                         
202000bc  blink_rate                    
20200000  gTIMER_0Backup                
00000000  interruptVectors              
0000037d  main                          
000001a9  memcpy                        
202000c0  timer_count                   


GLOBAL SYMBOLS: SORTED BY Symbol Address 

address   name                          
-------   ----                          
00000000  __TI_ATRegion0_region_sz      
00000000  __TI_ATRegion0_src_addr       
00000000  __TI_ATRegion0_trg_addr       
00000000  __TI_ATRegion1_region_sz      
00000000  __TI_ATRegion1_src_addr       
00000000  __TI_ATRegion1_trg_addr       
00000000  __TI_ATRegion2_region_sz      
00000000  __TI_ATRegion2_src_addr       
00000000  __TI_ATRegion2_trg_addr       
00000000  __TI_static_base__            
00000000  interruptVectors              
000000c1  DL_Timer_initTimerMode        
000001a9  memcpy                        
00000200  __STACK_SIZE                  
00000243  ADC0_IRQHandler               
00000243  ADC1_IRQHandler               
00000243  AES_IRQHandler                
00000243  CANFD0_IRQHandler             
00000243  DAC0_IRQHandler               
00000243  DMA_IRQHandler                
00000243  Default_Handler               
00000243  GROUP0_IRQHandler             
00000243  GROUP1_IRQHandler             
00000243  HardFault_Handler             
00000243  I2C0_IRQHandler               
00000243  I2C1_IRQHandler               
00000243  NMI_Handler                   
00000243  PendSV_Handler                
00000243  RTC_IRQHandler                
00000243  SPI0_IRQHandler               
00000243  SPI1_IRQHandler               
00000243  SVC_Handler                   
00000243  SysTick_Handler               
00000243  TIMA1_IRQHandler              
00000243  TIMG0_IRQHandler              
00000243  TIMG12_IRQHandler             
00000243  TIMG6_IRQHandler              
00000243  TIMG7_IRQHandler              
00000243  TIMG8_IRQHandler              
00000243  UART0_IRQHandler              
00000243  UART1_IRQHandler              
00000243  UART2_IRQHandler              
00000243  UART3_IRQHandler              
00000245  SYSCFG_DL_GPIO_init           
000002c1  __TI_decompress_lzss          
00000339  SYSCFG_DL_TIMER_0_init        
0000037d  main                          
000003c1  SYSCFG_DL_SYSCTL_init         
00000401  __TI_auto_init_nobinit_nopinit
0000043d  TIMA0_IRQHandler              
00000475  SYSCFG_DL_initPower           
000004a9  _c_int00_noargs               
000004d1  SYSCFG_DL_init                
000004f1  DL_Timer_setClockConfig       
0000050d  __TI_zero_init_nomemset       
00000523  __TI_decompress_none          
00000535  DL_Common_delayCycles         
00000541  __aeabi_memcpy                
00000541  __aeabi_memcpy4               
00000541  __aeabi_memcpy8               
00000549  Reset_Handler                 
0000054d  _system_pre_init              
00000550  C$$EXIT                       
00000551  abort                         
00000570  __TI_Handler_Table_Base       
0000057c  __TI_Handler_Table_Limit      
00000590  __TI_CINIT_Base               
000005a0  __TI_CINIT_Limit              
000005a0  __TI_CINIT_Warm               
20200000  __start___llvm_prf_bits       
20200000  __start___llvm_prf_cnts       
20200000  __stop___llvm_prf_bits        
20200000  __stop___llvm_prf_cnts        
20200000  gTIMER_0Backup                
202000bc  blink_rate                    
202000c0  timer_count                   
20207e00  __stack                       
20208000  __STACK_END                   
ffffffff  __TI_pprof_out_hndl           
ffffffff  __TI_prof_data_size           
ffffffff  __TI_prof_data_start          
ffffffff  __binit__                     
ffffffff  binit                         
UNDEFED   __mpu_init                    
UNDEFED   _system_post_cinit            

[85 symbols]
