******************************************************************************
            TI ARM Clang Linker PC v3.2.2                      
******************************************************************************
>> Linked Tue Feb 25 14:26:19 2025

OUTPUT FILE NAME:   <empty_LP_MSPM0G3507_nortos_ticlang.out>
ENTRY POINT SYMBOL: "_c_int00_noargs"  address: 00000525


MEMORY CONFIGURATION

         name            origin    length      used     unused   attr    fill
----------------------  --------  ---------  --------  --------  ----  --------
  FLASH                 00000000   00020000  00000620  0001f9e0  R  X
  SRAM                  20200000   00008000  00000202  00007dfe  RW X
  BCR_CONFIG            41c00000   00000080  00000000  00000080  R   
  BSL_CONFIG            41c00100   00000080  00000000  00000080  R   


SEGMENT ALLOCATION MAP

run origin  load origin   length   init length attrs members
----------  ----------- ---------- ----------- ----- -------
00000000    00000000    00000620   00000620    r-x
  00000000    00000000    000000c0   000000c0    r-- .intvecs
  000000c0    000000c0    00000538   00000538    r-x .text
  000005f8    000005f8    00000010   00000010    r-- .rodata
  00000608    00000608    00000018   00000018    r-- .cinit
20200000    20200000    00000002   00000000    rw-
  20200000    20200000    00000002   00000000    rw- .data
20207e00    20207e00    00000200   00000000    rw-
  20207e00    20207e00    00000200   00000000    rw- .stack


SECTION ALLOCATION MAP

 output                                  attributes/
section   page    origin      length       input sections
--------  ----  ----------  ----------   ----------------
.intvecs   0    00000000    000000c0     
                  00000000    000000c0     startup_mspm0g350x_ticlang.o (.intvecs)

.text      0    000000c0    00000538     
                  000000c0    00000104     driverlib.a : dl_timer.o (.text.DL_Timer_initFourCCPWMMode)
                  000001c4    0000009a     libc.a : memcpy16.S.obj (.text:memcpy)
                  0000025e    00000002     startup_mspm0g350x_ticlang.o (.text.Default_Handler)
                  00000260    00000098     empty.o (.text.main)
                  000002f8    00000094     ti_msp_dl_config.o (.text.SYSCFG_DL_PWM_0_init)
                  0000038c    00000078     libc.a : copy_decompress_lzss.c.obj (.text:decompress:lzss)
                  00000404    00000070     ti_msp_dl_config.o (.text.SYSCFG_DL_GPIO_init)
                  00000474    00000040     ti_msp_dl_config.o (.text.SYSCFG_DL_SYSCTL_init)
                  000004b4    0000003c     libc.a : autoinit.c.obj (.text:__TI_auto_init_nobinit_nopinit)
                  000004f0    00000034     ti_msp_dl_config.o (.text.SYSCFG_DL_initPower)
                  00000524    00000028     libc.a : boot_cortex_m.c.obj (.text:_c_int00_noargs)
                  0000054c    0000001c     driverlib.a : dl_timer.o (.text.DL_Timer_setCaptCompUpdateMethod)
                  00000568    0000001c                 : dl_timer.o (.text.DL_Timer_setClockConfig)
                  00000584    00000018                 : dl_timer.o (.text.DL_Timer_setCaptureCompareOutCtl)
                  0000059c    00000014     ti_msp_dl_config.o (.text.SYSCFG_DL_init)
                  000005b0    00000012     libc.a : copy_decompress_none.c.obj (.text:decompress:none)
                  000005c2    00000002     --HOLE-- [fill = 0]
                  000005c4    00000010     driverlib.a : dl_timer.o (.text.DL_Timer_setCaptureCompareValue)
                  000005d4    0000000a                 : dl_common.o (.text.DL_Common_delayCycles)
                  000005de    00000002     --HOLE-- [fill = 0]
                  000005e0    00000008     libclang_rt.builtins.a : aeabi_memcpy.S.obj (.text.__aeabi_memcpy)
                  000005e8    00000004     startup_mspm0g350x_ticlang.o (.text.Reset_Handler)
                  000005ec    00000004     libc.a : pre_init.c.obj (.text._system_pre_init)
                  000005f0    00000004            : exit.c.obj (.text:abort)
                  000005f4    00000004     --HOLE-- [fill = 0]

.cinit     0    00000608    00000018     
                  00000608    00000008     (__TI_handler_table)
                  00000610    00000006     (.cinit..data.load) [load image, compression = lzss]
                  00000616    00000002     --HOLE-- [fill = 0]
                  00000618    00000008     (__TI_cinit_table)

.rodata    0    000005f8    00000010     
                  000005f8    00000008     ti_msp_dl_config.o (.rodata.gPWM_0Config)
                  00000600    00000003     ti_msp_dl_config.o (.rodata.gPWM_0ClockConfig)
                  00000603    00000005     --HOLE-- [fill = 0]

.init_array 
*          0    00000000    00000000     UNINITIALIZED

.binit     0    00000000    00000000     

.data      0    20200000    00000002     UNINITIALIZED
                  20200000    00000002     empty.o (.data.dutyCycle)

.stack     0    20207e00    00000200     UNINITIALIZED
                  20207e00    00000004     libc.a : boot_cortex_m.c.obj (.stack)
                  20207e04    000001fc     --HOLE--

__llvm_prf_cnts 
*          0    20200000    00000000     UNINITIALIZED

__llvm_prf_bits 
*          0    20200000    00000000     UNINITIALIZED

MODULE SUMMARY

       Module                         code   ro data   rw data
       ------                         ----   -------   -------
    .\
       ti_msp_dl_config.o             396    11        0      
       startup_mspm0g350x_ticlang.o   6      192       0      
       empty.o                        152    0         2      
    +--+------------------------------+------+---------+---------+
       Total:                         554    203       2      
                                                              
    C:/ti/mspm0_sdk_2_03_00_07/source/ti/driverlib/lib/ticlang/m0p/mspm0g1x0x_g3x0x/driverlib.a
       dl_timer.o                     356    0         0      
       dl_common.o                    10     0         0      
    +--+------------------------------+------+---------+---------+
       Total:                         366    0         0      
                                                              
    C:\ti\ccs1281\ccs\tools\compiler\ti-cgt-armllvm_3.2.2.LTS\lib\armv6m-ti-none-eabi/c/libc.a
       memcpy16.S.obj                 154    0         0      
       copy_decompress_lzss.c.obj     120    0         0      
       autoinit.c.obj                 60     0         0      
       boot_cortex_m.c.obj            40     0         0      
       copy_decompress_none.c.obj     18     0         0      
       exit.c.obj                     4      0         0      
       pre_init.c.obj                 4      0         0      
    +--+------------------------------+------+---------+---------+
       Total:                         400    0         0      
                                                              
    C:\ti\ccs1281\ccs\tools\compiler\ti-cgt-armllvm_3.2.2.LTS\lib\clang/15.0.7/lib/armv6m-ti-none-eabi/libclang_rt.builtins.a
       aeabi_memcpy.S.obj             8      0         0      
    +--+------------------------------+------+---------+---------+
       Total:                         8      0         0      
                                                              
       Stack:                         0      0         512    
       Linker Generated:              0      22        0      
    +--+------------------------------+------+---------+---------+
       Grand Total:                   1328   225       514    


LINKER GENERATED COPY TABLES

__TI_cinit_table @ 00000618 records: 1, size/record: 8, table size: 8
	.data: load addr=00000610, load size=00000006 bytes, run addr=20200000, run size=00000002 bytes, compression=lzss


LINKER GENERATED HANDLER TABLE

__TI_handler_table @ 00000608 records: 2, size/record: 4, table size: 8
	index: 0, handler: __TI_decompress_lzss
	index: 1, handler: __TI_decompress_none


GLOBAL SYMBOLS: SORTED ALPHABETICALLY BY Name 

address   name                            
-------   ----                            
0000025f  ADC0_IRQHandler                 
0000025f  ADC1_IRQHandler                 
0000025f  AES_IRQHandler                  
000005f0  C$$EXIT                         
0000025f  CANFD0_IRQHandler               
0000025f  DAC0_IRQHandler                 
000005d5  DL_Common_delayCycles           
000000c1  DL_Timer_initFourCCPWMMode      
0000054d  DL_Timer_setCaptCompUpdateMethod
00000585  DL_Timer_setCaptureCompareOutCtl
000005c5  DL_Timer_setCaptureCompareValue 
00000569  DL_Timer_setClockConfig         
0000025f  DMA_IRQHandler                  
0000025f  Default_Handler                 
0000025f  GROUP0_IRQHandler               
0000025f  GROUP1_IRQHandler               
0000025f  HardFault_Handler               
0000025f  I2C0_IRQHandler                 
0000025f  I2C1_IRQHandler                 
0000025f  NMI_Handler                     
0000025f  PendSV_Handler                  
0000025f  RTC_IRQHandler                  
000005e9  Reset_Handler                   
0000025f  SPI0_IRQHandler                 
0000025f  SPI1_IRQHandler                 
0000025f  SVC_Handler                     
00000405  SYSCFG_DL_GPIO_init             
000002f9  SYSCFG_DL_PWM_0_init            
00000475  SYSCFG_DL_SYSCTL_init           
0000059d  SYSCFG_DL_init                  
000004f1  SYSCFG_DL_initPower             
0000025f  SysTick_Handler                 
0000025f  TIMA0_IRQHandler                
0000025f  TIMA1_IRQHandler                
0000025f  TIMG0_IRQHandler                
0000025f  TIMG12_IRQHandler               
0000025f  TIMG6_IRQHandler                
0000025f  TIMG7_IRQHandler                
0000025f  TIMG8_IRQHandler                
0000025f  UART0_IRQHandler                
0000025f  UART1_IRQHandler                
0000025f  UART2_IRQHandler                
0000025f  UART3_IRQHandler                
20208000  __STACK_END                     
00000200  __STACK_SIZE                    
00000000  __TI_ATRegion0_region_sz        
00000000  __TI_ATRegion0_src_addr         
00000000  __TI_ATRegion0_trg_addr         
00000000  __TI_ATRegion1_region_sz        
00000000  __TI_ATRegion1_src_addr         
00000000  __TI_ATRegion1_trg_addr         
00000000  __TI_ATRegion2_region_sz        
00000000  __TI_ATRegion2_src_addr         
00000000  __TI_ATRegion2_trg_addr         
00000618  __TI_CINIT_Base                 
00000620  __TI_CINIT_Limit                
00000620  __TI_CINIT_Warm                 
00000608  __TI_Handler_Table_Base         
00000610  __TI_Handler_Table_Limit        
000004b5  __TI_auto_init_nobinit_nopinit  
0000038d  __TI_decompress_lzss            
000005b1  __TI_decompress_none            
ffffffff  __TI_pprof_out_hndl             
ffffffff  __TI_prof_data_size             
ffffffff  __TI_prof_data_start            
00000000  __TI_static_base__              
000005e1  __aeabi_memcpy                  
000005e1  __aeabi_memcpy4                 
000005e1  __aeabi_memcpy8                 
ffffffff  __binit__                       
UNDEFED   __mpu_init                      
20207e00  __stack                         
20200000  __start___llvm_prf_bits         
20200000  __start___llvm_prf_cnts         
20200000  __stop___llvm_prf_bits          
20200000  __stop___llvm_prf_cnts          
00000525  _c_int00_noargs                 
UNDEFED   _system_post_cinit              
000005ed  _system_pre_init                
000005f1  abort                           
ffffffff  binit                           
20200000  dutyCycle                       
00000000  interruptVectors                
00000261  main                            
000001c5  memcpy                          


GLOBAL SYMBOLS: SORTED BY Symbol Address 

address   name                            
-------   ----                            
00000000  __TI_ATRegion0_region_sz        
00000000  __TI_ATRegion0_src_addr         
00000000  __TI_ATRegion0_trg_addr         
00000000  __TI_ATRegion1_region_sz        
00000000  __TI_ATRegion1_src_addr         
00000000  __TI_ATRegion1_trg_addr         
00000000  __TI_ATRegion2_region_sz        
00000000  __TI_ATRegion2_src_addr         
00000000  __TI_ATRegion2_trg_addr         
00000000  __TI_static_base__              
00000000  interruptVectors                
000000c1  DL_Timer_initFourCCPWMMode      
000001c5  memcpy                          
00000200  __STACK_SIZE                    
0000025f  ADC0_IRQHandler                 
0000025f  ADC1_IRQHandler                 
0000025f  AES_IRQHandler                  
0000025f  CANFD0_IRQHandler               
0000025f  DAC0_IRQHandler                 
0000025f  DMA_IRQHandler                  
0000025f  Default_Handler                 
0000025f  GROUP0_IRQHandler               
0000025f  GROUP1_IRQHandler               
0000025f  HardFault_Handler               
0000025f  I2C0_IRQHandler                 
0000025f  I2C1_IRQHandler                 
0000025f  NMI_Handler                     
0000025f  PendSV_Handler                  
0000025f  RTC_IRQHandler                  
0000025f  SPI0_IRQHandler                 
0000025f  SPI1_IRQHandler                 
0000025f  SVC_Handler                     
0000025f  SysTick_Handler                 
0000025f  TIMA0_IRQHandler                
0000025f  TIMA1_IRQHandler                
0000025f  TIMG0_IRQHandler                
0000025f  TIMG12_IRQHandler               
0000025f  TIMG6_IRQHandler                
0000025f  TIMG7_IRQHandler                
0000025f  TIMG8_IRQHandler                
0000025f  UART0_IRQHandler                
0000025f  UART1_IRQHandler                
0000025f  UART2_IRQHandler                
0000025f  UART3_IRQHandler                
00000261  main                            
000002f9  SYSCFG_DL_PWM_0_init            
0000038d  __TI_decompress_lzss            
00000405  SYSCFG_DL_GPIO_init             
00000475  SYSCFG_DL_SYSCTL_init           
000004b5  __TI_auto_init_nobinit_nopinit  
000004f1  SYSCFG_DL_initPower             
00000525  _c_int00_noargs                 
0000054d  DL_Timer_setCaptCompUpdateMethod
00000569  DL_Timer_setClockConfig         
00000585  DL_Timer_setCaptureCompareOutCtl
0000059d  SYSCFG_DL_init                  
000005b1  __TI_decompress_none            
000005c5  DL_Timer_setCaptureCompareValue 
000005d5  DL_Common_delayCycles           
000005e1  __aeabi_memcpy                  
000005e1  __aeabi_memcpy4                 
000005e1  __aeabi_memcpy8                 
000005e9  Reset_Handler                   
000005ed  _system_pre_init                
000005f0  C$$EXIT                         
000005f1  abort                           
00000608  __TI_Handler_Table_Base         
00000610  __TI_Handler_Table_Limit        
00000618  __TI_CINIT_Base                 
00000620  __TI_CINIT_Limit                
00000620  __TI_CINIT_Warm                 
20200000  __start___llvm_prf_bits         
20200000  __start___llvm_prf_cnts         
20200000  __stop___llvm_prf_bits          
20200000  __stop___llvm_prf_cnts          
20200000  dutyCycle                       
20207e00  __stack                         
20208000  __STACK_END                     
ffffffff  __TI_pprof_out_hndl             
ffffffff  __TI_prof_data_size             
ffffffff  __TI_prof_data_start            
ffffffff  __binit__                       
ffffffff  binit                           
UNDEFED   __mpu_init                      
UNDEFED   _system_post_cinit              

[85 symbols]
