******************************************************************************
            TI ARM Clang Linker PC v3.2.2                      
******************************************************************************
>> Linked Tue Feb 25 16:47:05 2025

OUTPUT FILE NAME:   <Question_4.out>
ENTRY POINT SYMBOL: "_c_int00_noargs"  address: 00000515


MEMORY CONFIGURATION

         name            origin    length      used     unused   attr    fill
----------------------  --------  ---------  --------  --------  ----  --------
  FLASH                 00000000   00020000  00000648  0001f9b8  R  X
  SRAM                  20200000   00008000  000002be  00007d42  RW X
  BCR_CONFIG            41c00000   00000080  00000000  00000080  R   
  BSL_CONFIG            41c00100   00000080  00000000  00000080  R   


SEGMENT ALLOCATION MAP

run origin  load origin   length   init length attrs members
----------  ----------- ---------- ----------- ----- -------
00000000    00000000    00000648   00000648    r-x
  00000000    00000000    000000c0   000000c0    r-- .intvecs
  000000c0    000000c0    00000548   00000548    r-x .text
  00000608    00000608    00000010   00000010    r-- .rodata
  00000618    00000618    00000030   00000030    r-- .cinit
20200000    20200000    000000be   00000000    rw-
  20200000    20200000    000000bc   00000000    rw- .bss
  202000bc    202000bc    00000002   00000000    rw- .data
20207e00    20207e00    00000200   00000000    rw-
  20207e00    20207e00    00000200   00000000    rw- .stack


SECTION ALLOCATION MAP

 output                                  attributes/
section   page    origin      length       input sections
--------  ----  ----------  ----------   ----------------
.intvecs   0    00000000    000000c0     
                  00000000    000000c0     startup_mspm0g350x_ticlang.o (.intvecs)

.text      0    000000c0    00000548     
                  000000c0    00000104     driverlib.a : dl_timer.o (.text.DL_Timer_initFourCCPWMMode)
                  000001c4    0000009a     libc.a : memcpy16.S.obj (.text:memcpy)
                  0000025e    00000002     startup_mspm0g350x_ticlang.o (.text.Default_Handler)
                  00000260    00000098     Question_4.o (.text.main)
                  000002f8    00000090     ti_msp_dl_config.o (.text.SYSCFG_DL_PWM_0_init)
                  00000388    00000078     libc.a : copy_decompress_lzss.c.obj (.text:decompress:lzss)
                  00000400    00000064     ti_msp_dl_config.o (.text.SYSCFG_DL_GPIO_init)
                  00000464    00000040     ti_msp_dl_config.o (.text.SYSCFG_DL_SYSCTL_init)
                  000004a4    0000003c     libc.a : autoinit.c.obj (.text:__TI_auto_init_nobinit_nopinit)
                  000004e0    00000034     ti_msp_dl_config.o (.text.SYSCFG_DL_initPower)
                  00000514    00000028     libc.a : boot_cortex_m.c.obj (.text:_c_int00_noargs)
                  0000053c    00000020     ti_msp_dl_config.o (.text.SYSCFG_DL_init)
                  0000055c    0000001c     driverlib.a : dl_timer.o (.text.DL_Timer_setCaptCompUpdateMethod)
                  00000578    0000001c                 : dl_timer.o (.text.DL_Timer_setClockConfig)
                  00000594    00000018                 : dl_timer.o (.text.DL_Timer_setCaptureCompareOutCtl)
                  000005ac    00000016     libc.a : copy_zero_init.c.obj (.text:decompress:ZI:__TI_zero_init_nomemset)
                  000005c2    00000012            : copy_decompress_none.c.obj (.text:decompress:none)
                  000005d4    00000010     driverlib.a : dl_timer.o (.text.DL_Timer_setCaptureCompareValue)
                  000005e4    0000000a                 : dl_common.o (.text.DL_Common_delayCycles)
                  000005ee    00000002     --HOLE-- [fill = 0]
                  000005f0    00000008     libclang_rt.builtins.a : aeabi_memcpy.S.obj (.text.__aeabi_memcpy)
                  000005f8    00000004     startup_mspm0g350x_ticlang.o (.text.Reset_Handler)
                  000005fc    00000004     libc.a : pre_init.c.obj (.text._system_pre_init)
                  00000600    00000004            : exit.c.obj (.text:abort)
                  00000604    00000004     --HOLE-- [fill = 0]

.cinit     0    00000618    00000030     
                  00000618    0000000c     (__TI_handler_table)
                  00000624    00000008     (.cinit..bss.load) [load image, compression = zero_init]
                  0000062c    00000006     (.cinit..data.load) [load image, compression = lzss]
                  00000632    00000002     --HOLE-- [fill = 0]
                  00000634    00000010     (__TI_cinit_table)
                  00000644    00000004     --HOLE-- [fill = 0]

.rodata    0    00000608    00000010     
                  00000608    00000008     ti_msp_dl_config.o (.rodata.gPWM_0Config)
                  00000610    00000003     ti_msp_dl_config.o (.rodata.gPWM_0ClockConfig)
                  00000613    00000005     --HOLE-- [fill = 0]

.init_array 
*          0    00000000    00000000     UNINITIALIZED

.binit     0    00000000    00000000     

.bss       0    20200000    000000bc     UNINITIALIZED
                  20200000    000000bc     (.common:gPWM_0Backup)

.data      0    202000bc    00000002     UNINITIALIZED
                  202000bc    00000002     Question_4.o (.data.dutyCycle)

.stack     0    20207e00    00000200     UNINITIALIZED
                  20207e00    00000004     libc.a : boot_cortex_m.c.obj (.stack)
                  20207e04    000001fc     --HOLE--

__llvm_prf_cnts 
*          0    20200000    00000000     UNINITIALIZED

__llvm_prf_bits 
*          0    20200000    00000000     UNINITIALIZED

MODULE SUMMARY

       Module                         code   ro data   rw data
       ------                         ----   -------   -------
    .\
       ti_msp_dl_config.o             392    11        188    
       startup_mspm0g350x_ticlang.o   6      192       0      
       Question_4.o                   152    0         2      
    +--+------------------------------+------+---------+---------+
       Total:                         550    203       190    
                                                              
    C:/ti/mspm0_sdk_2_03_00_07/source/ti/driverlib/lib/ticlang/m0p/mspm0g1x0x_g3x0x/driverlib.a
       dl_timer.o                     356    0         0      
       dl_common.o                    10     0         0      
    +--+------------------------------+------+---------+---------+
       Total:                         366    0         0      
                                                              
    C:\ti\ccs1281\ccs\tools\compiler\ti-cgt-armllvm_3.2.2.LTS\lib\armv6m-ti-none-eabi/c/libc.a
       memcpy16.S.obj                 154    0         0      
       copy_decompress_lzss.c.obj     120    0         0      
       autoinit.c.obj                 60     0         0      
       boot_cortex_m.c.obj            40     0         0      
       copy_zero_init.c.obj           22     0         0      
       copy_decompress_none.c.obj     18     0         0      
       exit.c.obj                     4      0         0      
       pre_init.c.obj                 4      0         0      
    +--+------------------------------+------+---------+---------+
       Total:                         422    0         0      
                                                              
    C:\ti\ccs1281\ccs\tools\compiler\ti-cgt-armllvm_3.2.2.LTS\lib\clang/15.0.7/lib/armv6m-ti-none-eabi/libclang_rt.builtins.a
       aeabi_memcpy.S.obj             8      0         0      
    +--+------------------------------+------+---------+---------+
       Total:                         8      0         0      
                                                              
       Stack:                         0      0         512    
       Linker Generated:              0      42        0      
    +--+------------------------------+------+---------+---------+
       Grand Total:                   1346   245       702    


LINKER GENERATED COPY TABLES

__TI_cinit_table @ 00000634 records: 2, size/record: 8, table size: 16
	.bss: load addr=00000624, load size=00000008 bytes, run addr=20200000, run size=000000bc bytes, compression=zero_init
	.data: load addr=0000062c, load size=00000006 bytes, run addr=202000bc, run size=00000002 bytes, compression=lzss


LINKER GENERATED HANDLER TABLE

__TI_handler_table @ 00000618 records: 3, size/record: 4, table size: 12
	index: 0, handler: __TI_decompress_lzss
	index: 1, handler: __TI_decompress_none
	index: 2, handler: __TI_zero_init


GLOBAL SYMBOLS: SORTED ALPHABETICALLY BY Name 

address   name                            
-------   ----                            
0000025f  ADC0_IRQHandler                 
0000025f  ADC1_IRQHandler                 
0000025f  AES_IRQHandler                  
00000600  C$$EXIT                         
0000025f  CANFD0_IRQHandler               
0000025f  DAC0_IRQHandler                 
000005e5  DL_Common_delayCycles           
000000c1  DL_Timer_initFourCCPWMMode      
0000055d  DL_Timer_setCaptCompUpdateMethod
00000595  DL_Timer_setCaptureCompareOutCtl
000005d5  DL_Timer_setCaptureCompareValue 
00000579  DL_Timer_setClockConfig         
0000025f  DMA_IRQHandler                  
0000025f  Default_Handler                 
0000025f  GROUP0_IRQHandler               
0000025f  GROUP1_IRQHandler               
0000025f  HardFault_Handler               
0000025f  I2C0_IRQHandler                 
0000025f  I2C1_IRQHandler                 
0000025f  NMI_Handler                     
0000025f  PendSV_Handler                  
0000025f  RTC_IRQHandler                  
000005f9  Reset_Handler                   
0000025f  SPI0_IRQHandler                 
0000025f  SPI1_IRQHandler                 
0000025f  SVC_Handler                     
00000401  SYSCFG_DL_GPIO_init             
000002f9  SYSCFG_DL_PWM_0_init            
00000465  SYSCFG_DL_SYSCTL_init           
0000053d  SYSCFG_DL_init                  
000004e1  SYSCFG_DL_initPower             
0000025f  SysTick_Handler                 
0000025f  TIMA0_IRQHandler                
0000025f  TIMA1_IRQHandler                
0000025f  TIMG0_IRQHandler                
0000025f  TIMG12_IRQHandler               
0000025f  TIMG6_IRQHandler                
0000025f  TIMG7_IRQHandler                
0000025f  TIMG8_IRQHandler                
0000025f  UART0_IRQHandler                
0000025f  UART1_IRQHandler                
0000025f  UART2_IRQHandler                
0000025f  UART3_IRQHandler                
20208000  __STACK_END                     
00000200  __STACK_SIZE                    
00000000  __TI_ATRegion0_region_sz        
00000000  __TI_ATRegion0_src_addr         
00000000  __TI_ATRegion0_trg_addr         
00000000  __TI_ATRegion1_region_sz        
00000000  __TI_ATRegion1_src_addr         
00000000  __TI_ATRegion1_trg_addr         
00000000  __TI_ATRegion2_region_sz        
00000000  __TI_ATRegion2_src_addr         
00000000  __TI_ATRegion2_trg_addr         
00000634  __TI_CINIT_Base                 
00000644  __TI_CINIT_Limit                
00000644  __TI_CINIT_Warm                 
00000618  __TI_Handler_Table_Base         
00000624  __TI_Handler_Table_Limit        
000004a5  __TI_auto_init_nobinit_nopinit  
00000389  __TI_decompress_lzss            
000005c3  __TI_decompress_none            
ffffffff  __TI_pprof_out_hndl             
ffffffff  __TI_prof_data_size             
ffffffff  __TI_prof_data_start            
00000000  __TI_static_base__              
000005ad  __TI_zero_init_nomemset         
000005f1  __aeabi_memcpy                  
000005f1  __aeabi_memcpy4                 
000005f1  __aeabi_memcpy8                 
ffffffff  __binit__                       
UNDEFED   __mpu_init                      
20207e00  __stack                         
20200000  __start___llvm_prf_bits         
20200000  __start___llvm_prf_cnts         
20200000  __stop___llvm_prf_bits          
20200000  __stop___llvm_prf_cnts          
00000515  _c_int00_noargs                 
UNDEFED   _system_post_cinit              
000005fd  _system_pre_init                
00000601  abort                           
ffffffff  binit                           
202000bc  dutyCycle                       
20200000  gPWM_0Backup                    
00000000  interruptVectors                
00000261  main                            
000001c5  memcpy                          


GLOBAL SYMBOLS: SORTED BY Symbol Address 

address   name                            
-------   ----                            
00000000  __TI_ATRegion0_region_sz        
00000000  __TI_ATRegion0_src_addr         
00000000  __TI_ATRegion0_trg_addr         
00000000  __TI_ATRegion1_region_sz        
00000000  __TI_ATRegion1_src_addr         
00000000  __TI_ATRegion1_trg_addr         
00000000  __TI_ATRegion2_region_sz        
00000000  __TI_ATRegion2_src_addr         
00000000  __TI_ATRegion2_trg_addr         
00000000  __TI_static_base__              
00000000  interruptVectors                
000000c1  DL_Timer_initFourCCPWMMode      
000001c5  memcpy                          
00000200  __STACK_SIZE                    
0000025f  ADC0_IRQHandler                 
0000025f  ADC1_IRQHandler                 
0000025f  AES_IRQHandler                  
0000025f  CANFD0_IRQHandler               
0000025f  DAC0_IRQHandler                 
0000025f  DMA_IRQHandler                  
0000025f  Default_Handler                 
0000025f  GROUP0_IRQHandler               
0000025f  GROUP1_IRQHandler               
0000025f  HardFault_Handler               
0000025f  I2C0_IRQHandler                 
0000025f  I2C1_IRQHandler                 
0000025f  NMI_Handler                     
0000025f  PendSV_Handler                  
0000025f  RTC_IRQHandler                  
0000025f  SPI0_IRQHandler                 
0000025f  SPI1_IRQHandler                 
0000025f  SVC_Handler                     
0000025f  SysTick_Handler                 
0000025f  TIMA0_IRQHandler                
0000025f  TIMA1_IRQHandler                
0000025f  TIMG0_IRQHandler                
0000025f  TIMG12_IRQHandler               
0000025f  TIMG6_IRQHandler                
0000025f  TIMG7_IRQHandler                
0000025f  TIMG8_IRQHandler                
0000025f  UART0_IRQHandler                
0000025f  UART1_IRQHandler                
0000025f  UART2_IRQHandler                
0000025f  UART3_IRQHandler                
00000261  main                            
000002f9  SYSCFG_DL_PWM_0_init            
00000389  __TI_decompress_lzss            
00000401  SYSCFG_DL_GPIO_init             
00000465  SYSCFG_DL_SYSCTL_init           
000004a5  __TI_auto_init_nobinit_nopinit  
000004e1  SYSCFG_DL_initPower             
00000515  _c_int00_noargs                 
0000053d  SYSCFG_DL_init                  
0000055d  DL_Timer_setCaptCompUpdateMethod
00000579  DL_Timer_setClockConfig         
00000595  DL_Timer_setCaptureCompareOutCtl
000005ad  __TI_zero_init_nomemset         
000005c3  __TI_decompress_none            
000005d5  DL_Timer_setCaptureCompareValue 
000005e5  DL_Common_delayCycles           
000005f1  __aeabi_memcpy                  
000005f1  __aeabi_memcpy4                 
000005f1  __aeabi_memcpy8                 
000005f9  Reset_Handler                   
000005fd  _system_pre_init                
00000600  C$$EXIT                         
00000601  abort                           
00000618  __TI_Handler_Table_Base         
00000624  __TI_Handler_Table_Limit        
00000634  __TI_CINIT_Base                 
00000644  __TI_CINIT_Limit                
00000644  __TI_CINIT_Warm                 
20200000  __start___llvm_prf_bits         
20200000  __start___llvm_prf_cnts         
20200000  __stop___llvm_prf_bits          
20200000  __stop___llvm_prf_cnts          
20200000  gPWM_0Backup                    
202000bc  dutyCycle                       
20207e00  __stack                         
20208000  __STACK_END                     
ffffffff  __TI_pprof_out_hndl             
ffffffff  __TI_prof_data_size             
ffffffff  __TI_prof_data_start            
ffffffff  __binit__                       
ffffffff  binit                           
UNDEFED   __mpu_init                      
UNDEFED   _system_post_cinit              

[87 symbols]
