******************************************************************************
            TI ARM Clang Linker PC v3.2.2                      
******************************************************************************
>> Linked Tue Jan 14 14:33:29 2025

OUTPUT FILE NAME:   <empty_LP_MSPM0G3507_nortos_ticlang.out>
ENTRY POINT SYMBOL: "_c_int00_noargs"  address: 000012d5


MEMORY CONFIGURATION

         name            origin    length      used     unused   attr    fill
----------------------  --------  ---------  --------  --------  ----  --------
  FLASH                 00000000   00020000  000014f8  0001eb08  R  X
  SRAM                  20200000   00008000  00000dd1  0000722f  RW X
  BCR_CONFIG            41c00000   00000080  00000000  00000080  R   
  BSL_CONFIG            41c00100   00000080  00000000  00000080  R   


SEGMENT ALLOCATION MAP

run origin  load origin   length   init length attrs members
----------  ----------- ---------- ----------- ----- -------
00000000    00000000    000014f8   000014f8    r-x
  00000000    00000000    000000c0   000000c0    r-- .intvecs
  000000c0    000000c0    00001358   00001358    r-x .text
  00001418    00001418    00000028   00000028    r-- .rodata
  00001440    00001440    000000b8   000000b8    r-- .cinit
20200000    20200000    00000bd4   00000000    rw-
  20200000    20200000    00000800   00000000    rw- .sysmem
  20200800    20200800    00000205   00000000    rw- .data
  20200a08    20200a08    000001cc   00000000    rw- .bss
20207e00    20207e00    00000200   00000000    rw-
  20207e00    20207e00    00000200   00000000    rw- .stack


SECTION ALLOCATION MAP

 output                                  attributes/
section   page    origin      length       input sections
--------  ----  ----------  ----------   ----------------
.intvecs   0    00000000    000000c0     
                  00000000    000000c0     startup_mspm0g350x_ticlang.o (.intvecs)

.text      0    000000c0    00001358     
                  000000c0    00000284     libc.a : _printfi.c.obj (.text:__TI_printfi_minimal)
                  00000344    0000012c            : memory.c.obj (.text.aligned_alloc)
                  00000470    00000104            : fputs.c.obj (.text.fputs)
                  00000574    000000ec            : memory.c.obj (.text.free)
                  00000660    000000dc            : setvbuf.c.obj (.text.setvbuf)
                  0000073c    000000c8     empty.o (.text.keypad_getKey)
                  00000804    0000009c     libc.a : fputc.c.obj (.text.fputc)
                  000008a0    0000009a            : memcpy16.S.obj (.text:memcpy)
                  0000093a    00000002     startup_mspm0g350x_ticlang.o (.text.Default_Handler)
                  0000093c    0000007c     libc.a : fclose.c.obj (.text.__TI_closefile)
                  000009b8    00000078            : copy_decompress_lzss.c.obj (.text:decompress:lzss)
                  00000a30    0000006c     libsysbm.a : hostlseek.c.obj (.text.HOSTlseek)
                  00000a9c    0000006c                : hostrename.c.obj (.text.HOSTrename)
                  00000b08    0000006c     libc.a : fseek.c.obj (.text.fseeko)
                  00000b74    00000068            : getdevice.c.obj (.text.getdevice)
                  00000bdc    00000064            : _io_perm.c.obj (.text.__TI_wrt_ok)
                  00000c40    00000064            : memory.c.obj (.text.split)
                  00000ca4    00000062            : memset16.S.obj (.text:memset)
                  00000d06    00000002     libclang_rt.builtins.a : aeabi_div0.c.obj (.text.__aeabi_idiv0)
                  00000d08    00000060     libsysbm.a : hostopen.c.obj (.text.HOSTopen)
                  00000d68    0000005c     empty.o (.text.main)
                  00000dc4    0000005c     libc.a : printf.c.obj (.text.printf)
                  00000e20    00000058     libsysbm.a : hostread.c.obj (.text.HOSTread)
                  00000e78    00000058                : hostwrite.c.obj (.text.HOSTwrite)
                  00000ed0    00000052     libc.a : fflush.c.obj (.text.__TI_doflush)
                  00000f22    00000002            : _lock.c.obj (.text._nop)
                  00000f24    00000050     libsysbm.a : close.c.obj (.text.close)
                  00000f74    00000048                : hostclose.c.obj (.text.HOSTclose)
                  00000fbc    00000048                : hostunlink.c.obj (.text.HOSTunlink)
                  00001004    00000040     ti_msp_dl_config.o (.text.SYSCFG_DL_SYSCTL_init)
                  00001044    00000040     libclang_rt.builtins.a : aeabi_uidivmod.S.obj (.text.__aeabi_uidivmod)
                  00001084    0000003c     ti_msp_dl_config.o (.text.SYSCFG_DL_GPIO_init)
                  000010c0    0000003c     libc.a : autoinit.c.obj (.text:__TI_auto_init_nobinit_nopinit)
                  000010fc    00000038            : getdevice.c.obj (.text.finddevice)
                  00001134    00000034            : fopen.c.obj (.text.__TI_cleanup)
                  00001168    00000034     libsysbm.a : trgmsg.c.obj (.text.__TI_readmsg)
                  0000119c    00000034                : trgmsg.c.obj (.text.__TI_writemsg)
                  000011d0    00000034     libc.a : exit.c.obj (.text.exit)
                  00001204    0000002c     ti_msp_dl_config.o (.text.SYSCFG_DL_initPower)
                  00001230    0000002c     libsysbm.a : unlink.c.obj (.text.unlink)
                  0000125c    00000028     libc.a : memory.c.obj (.text.free_list_insert)
                  00001284    00000028     libsysbm.a : lseek.c.obj (.text.lseek)
                  000012ac    00000028                : write.c.obj (.text.write)
                  000012d4    00000028     libc.a : boot_cortex_m.c.obj (.text:_c_int00_noargs)
                  000012fc    00000022            : memccpy.c.obj (.text.memccpy)
                  0000131e    00000002     --HOLE-- [fill = 0]
                  00001320    0000001c            : memory.c.obj (.text.free_list_remove)
                  0000133c    00000016            : copy_zero_init.c.obj (.text:decompress:ZI:__TI_zero_init_nomemset)
                  00001352    00000012     libsysbm.a : hostrename.c.obj (.text.strcpy)
                  00001364    00000012     libc.a : copy_decompress_none.c.obj (.text:decompress:none)
                  00001376    00000010     ti_msp_dl_config.o (.text.SYSCFG_DL_init)
                  00001386    0000000e     libc.a : memory.c.obj (.text.OUTLINED_FUNCTION_0)
                  00001394    0000000e     libclang_rt.builtins.a : aeabi_memset.S.obj (.text.__aeabi_memset)
                  000013a2    0000000e     libc.a : _printfi.c.obj (.text.strlen)
                  000013b0    0000000e     libsysbm.a : hostrename.c.obj (.text.strlen)
                  000013be    00000002     --HOLE-- [fill = 0]
                  000013c0    0000000c     libclang_rt.builtins.a : aeabi_memset.S.obj (.text.__aeabi_memclr)
                  000013cc    0000000c     libc.a : memory.c.obj (.text.malloc)
                  000013d8    0000000a     driverlib.a : dl_common.o (.text.DL_Common_delayCycles)
                  000013e2    00000002     --HOLE-- [fill = 0]
                  000013e4    00000008     libclang_rt.builtins.a : aeabi_memcpy.S.obj (.text.__aeabi_memcpy)
                  000013ec    00000008     libc.a : printf.c.obj (.text._outc)
                  000013f4    00000008            : printf.c.obj (.text._outs)
                  000013fc    00000008            : fseek.c.obj (.text.fseek)
                  00001404    00000008     libsysbm.a : remove.c.obj (.text.remove)
                  0000140c    00000004     startup_mspm0g350x_ticlang.o (.text.Reset_Handler)
                  00001410    00000004     libc.a : pre_init.c.obj (.text._system_pre_init)
                  00001414    00000004            : exit.c.obj (.text:abort)

.cinit     0    00001440    000000b8     
                  00001440    0000008f     (.cinit..data.load) [load image, compression = lzss]
                  000014cf    00000001     --HOLE-- [fill = 0]
                  000014d0    0000000c     (__TI_handler_table)
                  000014dc    00000008     (.cinit..bss.load) [load image, compression = zero_init]
                  000014e4    00000010     (__TI_cinit_table)
                  000014f4    00000004     --HOLE-- [fill = 0]

.rodata    0    00001418    00000028     
                  00001418    00000011     empty.o (.rodata.str1.162906114796922795351)
                  00001429    00000011     libc.a : _printfi.c.obj (.rodata.str1.44690500295887128011)
                  0000143a    00000006     --HOLE-- [fill = 0]

.init_array 
*          0    00000000    00000000     UNINITIALIZED

.binit     0    00000000    00000000     

.sysmem    0    20200000    00000800     UNINITIALIZED
                  20200000    00000010     libc.a : memory.c.obj (.sysmem)
                  20200010    000007f0     --HOLE--

.data      0    20200800    00000205     UNINITIALIZED
                  20200800    000000f0     libc.a : defs.c.obj (.data._ftable)
                  202008f0    00000078     libsysbm.a : host_device.c.obj (.data._device)
                  20200968    00000050                : host_device.c.obj (.data._stream)
                  202009b8    00000014     empty.o (.data.keys)
                  202009cc    00000014     empty.o (.data.rowPins)
                  202009e0    00000010     empty.o (.data.colPins)
                  202009f0    00000008     libc.a : exit.c.obj (.data..L_MergedGlobals)
                  202009f8    00000004            : defs.c.obj (.data.__TI_ft_end)
                  202009fc    00000004            : _lock.c.obj (.data._lock)
                  20200a00    00000004            : _lock.c.obj (.data._unlock)
                  20200a04    00000001            : memory.c.obj (.data.memory_is_initialized)

.bss       0    20200a08    000001cc     UNINITIALIZED
                  20200a08    00000120     libsysbm.a : trgmsg.c.obj (.bss:_CIOBUF_)
                  20200b28    000000a0     libc.a : defs.c.obj (.bss.__TI_tmpnams)
                  20200bc8    00000008     libsysbm.a : hostopen.c.obj (.bss.parmbuf)
                  20200bd0    00000004     libc.a : memory.c.obj (.bss.sys_free)

.stack     0    20207e00    00000200     UNINITIALIZED
                  20207e00    00000004     libc.a : boot_cortex_m.c.obj (.stack)
                  20207e04    000001fc     --HOLE--

__llvm_prf_cnts 
*          0    20200000    00000000     UNINITIALIZED

__llvm_prf_bits 
*          0    20200000    00000000     UNINITIALIZED

MODULE SUMMARY

       Module                         code   ro data   rw data
       ------                         ----   -------   -------
    .\
       empty.o                        292    17        56     
       startup_mspm0g350x_ticlang.o   6      192       0      
       ti_msp_dl_config.o             184    0         0      
    +--+------------------------------+------+---------+---------+
       Total:                         482    209       56     
                                                              
    C:/ti/mspm0_sdk_2_03_00_07/source/ti/driverlib/lib/ticlang/m0p/mspm0g1x0x_g3x0x/driverlib.a
       dl_common.o                    10     0         0      
    +--+------------------------------+------+---------+---------+
       Total:                         10     0         0      
                                                              
    C:\ti\ccs1281\ccs\tools\compiler\ti-cgt-armllvm_3.2.2.LTS\lib\armv6m-ti-none-eabi/c/libc.a
       memory.c.obj                   730    0         5      
       _printfi.c.obj                 658    17        0      
       defs.c.obj                     0      0         404    
       fputs.c.obj                    260    0         0      
       setvbuf.c.obj                  220    0         0      
       getdevice.c.obj                160    0         0      
       fputc.c.obj                    156    0         0      
       memcpy16.S.obj                 154    0         0      
       fclose.c.obj                   124    0         0      
       copy_decompress_lzss.c.obj     120    0         0      
       fseek.c.obj                    116    0         0      
       printf.c.obj                   108    0         0      
       _io_perm.c.obj                 100    0         0      
       memset16.S.obj                 98     0         0      
       fflush.c.obj                   82     0         0      
       exit.c.obj                     56     0         8      
       autoinit.c.obj                 60     0         0      
       fopen.c.obj                    52     0         0      
       boot_cortex_m.c.obj            40     0         0      
       memccpy.c.obj                  34     0         0      
       copy_zero_init.c.obj           22     0         0      
       copy_decompress_none.c.obj     18     0         0      
       _lock.c.obj                    2      0         8      
       pre_init.c.obj                 4      0         0      
    +--+------------------------------+------+---------+---------+
       Total:                         3374   17        425    
                                                              
    C:\ti\ccs1281\ccs\tools\compiler\ti-cgt-armllvm_3.2.2.LTS\lib\armv6m-ti-none-eabi/c/libsysbm.a
       trgmsg.c.obj                   104    0         288    
       host_device.c.obj              0      0         200    
       hostrename.c.obj               140    0         0      
       hostlseek.c.obj                108    0         0      
       hostopen.c.obj                 96     0         8      
       hostread.c.obj                 88     0         0      
       hostwrite.c.obj                88     0         0      
       close.c.obj                    80     0         0      
       hostclose.c.obj                72     0         0      
       hostunlink.c.obj               72     0         0      
       unlink.c.obj                   44     0         0      
       lseek.c.obj                    40     0         0      
       write.c.obj                    40     0         0      
       remove.c.obj                   8      0         0      
    +--+------------------------------+------+---------+---------+
       Total:                         980    0         496    
                                                              
    C:\ti\ccs1281\ccs\tools\compiler\ti-cgt-armllvm_3.2.2.LTS\lib\clang/15.0.7/lib/armv6m-ti-none-eabi/libclang_rt.builtins.a
       aeabi_uidivmod.S.obj           64     0         0      
       aeabi_memset.S.obj             26     0         0      
       aeabi_memcpy.S.obj             8      0         0      
       aeabi_div0.c.obj               2      0         0      
    +--+------------------------------+------+---------+---------+
       Total:                         100    0         0      
                                                              
       Heap:                          0      0         2048   
       Stack:                         0      0         512    
       Linker Generated:              0      179       0      
    +--+------------------------------+------+---------+---------+
       Grand Total:                   4946   405       3537   


LINKER GENERATED COPY TABLES

__TI_cinit_table @ 000014e4 records: 2, size/record: 8, table size: 16
	.data: load addr=00001440, load size=0000008f bytes, run addr=20200800, run size=00000205 bytes, compression=lzss
	.bss: load addr=000014dc, load size=00000008 bytes, run addr=20200a08, run size=000001cc bytes, compression=zero_init


LINKER GENERATED HANDLER TABLE

__TI_handler_table @ 000014d0 records: 3, size/record: 4, table size: 12
	index: 0, handler: __TI_decompress_lzss
	index: 1, handler: __TI_decompress_none
	index: 2, handler: __TI_zero_init


GLOBAL SYMBOLS: SORTED ALPHABETICALLY BY Name 

address   name                          
-------   ----                          
0000093b  ADC0_IRQHandler               
0000093b  ADC1_IRQHandler               
0000093b  AES_IRQHandler                
00001414  C$$EXIT                       
000011c9  C$$IO$$                       
0000093b  CANFD0_IRQHandler             
0000093b  DAC0_IRQHandler               
000013d9  DL_Common_delayCycles         
0000093b  DMA_IRQHandler                
0000093b  Default_Handler               
0000093b  GROUP0_IRQHandler             
0000093b  GROUP1_IRQHandler             
00000f75  HOSTclose                     
00000a31  HOSTlseek                     
00000d09  HOSTopen                      
00000e21  HOSTread                      
00000a9d  HOSTrename                    
00000fbd  HOSTunlink                    
00000e79  HOSTwrite                     
0000093b  HardFault_Handler             
0000093b  I2C0_IRQHandler               
0000093b  I2C1_IRQHandler               
0000093b  NMI_Handler                   
0000093b  PendSV_Handler                
0000093b  RTC_IRQHandler                
0000140d  Reset_Handler                 
0000093b  SPI0_IRQHandler               
0000093b  SPI1_IRQHandler               
0000093b  SVC_Handler                   
00001085  SYSCFG_DL_GPIO_init           
00001005  SYSCFG_DL_SYSCTL_init         
00001377  SYSCFG_DL_init                
00001205  SYSCFG_DL_initPower           
0000093b  SysTick_Handler               
0000093b  TIMA0_IRQHandler              
0000093b  TIMA1_IRQHandler              
0000093b  TIMG0_IRQHandler              
0000093b  TIMG12_IRQHandler             
0000093b  TIMG6_IRQHandler              
0000093b  TIMG7_IRQHandler              
0000093b  TIMG8_IRQHandler              
0000093b  UART0_IRQHandler              
0000093b  UART1_IRQHandler              
0000093b  UART2_IRQHandler              
0000093b  UART3_IRQHandler              
20200a08  _CIOBUF_                      
20200a08  __CIOBUF_                     
20208000  __STACK_END                   
00000200  __STACK_SIZE                  
00000800  __SYSMEM_SIZE                 
00000000  __TI_ATRegion0_region_sz      
00000000  __TI_ATRegion0_src_addr       
00000000  __TI_ATRegion0_trg_addr       
00000000  __TI_ATRegion1_region_sz      
00000000  __TI_ATRegion1_src_addr       
00000000  __TI_ATRegion1_trg_addr       
00000000  __TI_ATRegion2_region_sz      
00000000  __TI_ATRegion2_src_addr       
00000000  __TI_ATRegion2_trg_addr       
000014e4  __TI_CINIT_Base               
000014f4  __TI_CINIT_Limit              
000014f4  __TI_CINIT_Warm               
000014d0  __TI_Handler_Table_Base       
000014dc  __TI_Handler_Table_Limit      
000010c1  __TI_auto_init_nobinit_nopinit
00001135  __TI_cleanup                  
202009f0  __TI_cleanup_ptr              
0000093d  __TI_closefile                
000009b9  __TI_decompress_lzss          
00001365  __TI_decompress_none          
00000ed1  __TI_doflush                  
202009f4  __TI_dtors_ptr                
202009f8  __TI_ft_end                   
ffffffff  __TI_pprof_out_hndl           
000000c1  __TI_printfi_minimal          
ffffffff  __TI_prof_data_size           
ffffffff  __TI_prof_data_start          
00001169  __TI_readmsg                  
00000000  __TI_static_base__            
20200b28  __TI_tmpnams                  
0000119d  __TI_writemsg                 
00000bdd  __TI_wrt_ok                   
0000133d  __TI_zero_init_nomemset       
00000d07  __aeabi_idiv0                 
000013c1  __aeabi_memclr                
000013c1  __aeabi_memclr4               
000013c1  __aeabi_memclr8               
000013e5  __aeabi_memcpy                
000013e5  __aeabi_memcpy4               
000013e5  __aeabi_memcpy8               
00001395  __aeabi_memset                
00001395  __aeabi_memset4               
00001395  __aeabi_memset8               
00001045  __aeabi_uidiv                 
00001045  __aeabi_uidivmod              
ffffffff  __binit__                     
UNDEFED   __mpu_init                    
20207e00  __stack                       
20200000  __start___llvm_prf_bits       
20200000  __start___llvm_prf_cnts       
20200000  __stop___llvm_prf_bits        
20200000  __stop___llvm_prf_cnts        
000012d5  _c_int00_noargs               
202008f0  _device                       
20200800  _ftable                       
202009fc  _lock                         
00000f23  _nop                          
20200968  _stream                       
20200000  _sys_memory                   
UNDEFED   _system_post_cinit            
00001411  _system_pre_init              
20200a00  _unlock                       
00001415  abort                         
00000345  aligned_alloc                 
ffffffff  binit                         
00000f25  close                         
202009e0  colPins                       
UNDEFED   delay_ms                      
000011d1  exit                          
000010fd  finddevice                    
00000805  fputc                         
00000471  fputs                         
00000575  free                          
000013fd  fseek                         
00000b09  fseeko                        
00000b75  getdevice                     
00000000  interruptVectors              
0000073d  keypad_getKey                 
202009b8  keys                          
00001285  lseek                         
00000d69  main                          
000013cd  malloc                        
00000345  memalign                      
000012fd  memccpy                       
000008a1  memcpy                        
00000ca5  memset                        
20200bc8  parmbuf                       
00000dc5  printf                        
00001405  remove                        
202009cc  rowPins                       
00000661  setvbuf                       
00001231  unlink                        
000012ad  write                         


GLOBAL SYMBOLS: SORTED BY Symbol Address 

address   name                          
-------   ----                          
00000000  __TI_ATRegion0_region_sz      
00000000  __TI_ATRegion0_src_addr       
00000000  __TI_ATRegion0_trg_addr       
00000000  __TI_ATRegion1_region_sz      
00000000  __TI_ATRegion1_src_addr       
00000000  __TI_ATRegion1_trg_addr       
00000000  __TI_ATRegion2_region_sz      
00000000  __TI_ATRegion2_src_addr       
00000000  __TI_ATRegion2_trg_addr       
00000000  __TI_static_base__            
00000000  interruptVectors              
000000c1  __TI_printfi_minimal          
00000200  __STACK_SIZE                  
00000345  aligned_alloc                 
00000345  memalign                      
00000471  fputs                         
00000575  free                          
00000661  setvbuf                       
0000073d  keypad_getKey                 
00000800  __SYSMEM_SIZE                 
00000805  fputc                         
000008a1  memcpy                        
0000093b  ADC0_IRQHandler               
0000093b  ADC1_IRQHandler               
0000093b  AES_IRQHandler                
0000093b  CANFD0_IRQHandler             
0000093b  DAC0_IRQHandler               
0000093b  DMA_IRQHandler                
0000093b  Default_Handler               
0000093b  GROUP0_IRQHandler             
0000093b  GROUP1_IRQHandler             
0000093b  HardFault_Handler             
0000093b  I2C0_IRQHandler               
0000093b  I2C1_IRQHandler               
0000093b  NMI_Handler                   
0000093b  PendSV_Handler                
0000093b  RTC_IRQHandler                
0000093b  SPI0_IRQHandler               
0000093b  SPI1_IRQHandler               
0000093b  SVC_Handler                   
0000093b  SysTick_Handler               
0000093b  TIMA0_IRQHandler              
0000093b  TIMA1_IRQHandler              
0000093b  TIMG0_IRQHandler              
0000093b  TIMG12_IRQHandler             
0000093b  TIMG6_IRQHandler              
0000093b  TIMG7_IRQHandler              
0000093b  TIMG8_IRQHandler              
0000093b  UART0_IRQHandler              
0000093b  UART1_IRQHandler              
0000093b  UART2_IRQHandler              
0000093b  UART3_IRQHandler              
0000093d  __TI_closefile                
000009b9  __TI_decompress_lzss          
00000a31  HOSTlseek                     
00000a9d  HOSTrename                    
00000b09  fseeko                        
00000b75  getdevice                     
00000bdd  __TI_wrt_ok                   
00000ca5  memset                        
00000d07  __aeabi_idiv0                 
00000d09  HOSTopen                      
00000d69  main                          
00000dc5  printf                        
00000e21  HOSTread                      
00000e79  HOSTwrite                     
00000ed1  __TI_doflush                  
00000f23  _nop                          
00000f25  close                         
00000f75  HOSTclose                     
00000fbd  HOSTunlink                    
00001005  SYSCFG_DL_SYSCTL_init         
00001045  __aeabi_uidiv                 
00001045  __aeabi_uidivmod              
00001085  SYSCFG_DL_GPIO_init           
000010c1  __TI_auto_init_nobinit_nopinit
000010fd  finddevice                    
00001135  __TI_cleanup                  
00001169  __TI_readmsg                  
0000119d  __TI_writemsg                 
000011c9  C$$IO$$                       
000011d1  exit                          
00001205  SYSCFG_DL_initPower           
00001231  unlink                        
00001285  lseek                         
000012ad  write                         
000012d5  _c_int00_noargs               
000012fd  memccpy                       
0000133d  __TI_zero_init_nomemset       
00001365  __TI_decompress_none          
00001377  SYSCFG_DL_init                
00001395  __aeabi_memset                
00001395  __aeabi_memset4               
00001395  __aeabi_memset8               
000013c1  __aeabi_memclr                
000013c1  __aeabi_memclr4               
000013c1  __aeabi_memclr8               
000013cd  malloc                        
000013d9  DL_Common_delayCycles         
000013e5  __aeabi_memcpy                
000013e5  __aeabi_memcpy4               
000013e5  __aeabi_memcpy8               
000013fd  fseek                         
00001405  remove                        
0000140d  Reset_Handler                 
00001411  _system_pre_init              
00001414  C$$EXIT                       
00001415  abort                         
000014d0  __TI_Handler_Table_Base       
000014dc  __TI_Handler_Table_Limit      
000014e4  __TI_CINIT_Base               
000014f4  __TI_CINIT_Limit              
000014f4  __TI_CINIT_Warm               
20200000  __start___llvm_prf_bits       
20200000  __start___llvm_prf_cnts       
20200000  __stop___llvm_prf_bits        
20200000  __stop___llvm_prf_cnts        
20200000  _sys_memory                   
20200800  _ftable                       
202008f0  _device                       
20200968  _stream                       
202009b8  keys                          
202009cc  rowPins                       
202009e0  colPins                       
202009f0  __TI_cleanup_ptr              
202009f4  __TI_dtors_ptr                
202009f8  __TI_ft_end                   
202009fc  _lock                         
20200a00  _unlock                       
20200a08  _CIOBUF_                      
20200a08  __CIOBUF_                     
20200b28  __TI_tmpnams                  
20200bc8  parmbuf                       
20207e00  __stack                       
20208000  __STACK_END                   
ffffffff  __TI_pprof_out_hndl           
ffffffff  __TI_prof_data_size           
ffffffff  __TI_prof_data_start          
ffffffff  __binit__                     
ffffffff  binit                         
UNDEFED   __mpu_init                    
UNDEFED   _system_post_cinit            
UNDEFED   delay_ms                      

[143 symbols]
