******************************************************************************
            TI ARM Clang Linker PC v3.2.2                      
******************************************************************************
>> Linked Sat Mar 22 11:06:37 2025

OUTPUT FILE NAME:   <empty_non_sysconfig_LP_MSPM0G3507_nortos_ticlang.out>
ENTRY POINT SYMBOL: "_c_int00_noargs"  address: 00002add


MEMORY CONFIGURATION

         name            origin    length      used     unused   attr    fill
----------------------  --------  ---------  --------  --------  ----  --------
  FLASH                 00000000   00020000  00002fb0  0001d050  R  X
  SRAM                  20200000   00008000  00000da1  0000725f  RW X
  BCR_CONFIG            41c00000   00000080  00000000  00000080  R   
  BSL_CONFIG            41c00100   00000080  00000000  00000080  R   


SEGMENT ALLOCATION MAP

run origin  load origin   length   init length attrs members
----------  ----------- ---------- ----------- ----- -------
00000000    00000000    00002fb0   00002fb0    r-x
  00000000    00000000    000000c0   000000c0    r-- .intvecs
  000000c0    000000c0    00002cc0   00002cc0    r-x .text
  00002d80    00002d80    000001a0   000001a0    r-- .rodata
  00002f20    00002f20    00000090   00000090    r-- .cinit
20200000    20200000    00000ba4   00000000    rw-
  20200000    20200000    00000800   00000000    rw- .sysmem
  20200800    20200800    000001d5   00000000    rw- .data
  202009d8    202009d8    000001cc   00000000    rw- .bss
20207e00    20207e00    00000200   00000000    rw-
  20207e00    20207e00    00000200   00000000    rw- .stack


SECTION ALLOCATION MAP

 output                                  attributes/
section   page    origin      length       input sections
--------  ----  ----------  ----------   ----------------
.intvecs   0    00000000    000000c0     
                  00000000    000000c0     startup_mspm0g350x_ticlang.o (.intvecs)

.text      0    000000c0    00002cc0     
                  000000c0    00000a00     libc.a : _printfi.c.obj (.text:__TI_printfi)
                  00000ac0    00000220            : _printfi.c.obj (.text._pconv_a)
                  00000ce0    000001dc            : _printfi.c.obj (.text._pconv_g)
                  00000ebc    00000192     libclang_rt.builtins.a : adddf3.S.obj (.text.adddf3_subdf3)
                  0000104e    00000002     startup_mspm0g350x_ticlang.o (.text.Default_Handler)
                  00001050    0000013c     libc.a : _printfi.c.obj (.text.fcvt)
                  0000118c    0000012c            : memory.c.obj (.text.aligned_alloc)
                  000012b8    00000120            : _printfi.c.obj (.text._pconv_e)
                  000013d8    0000010c     libclang_rt.builtins.a : divdf3.S.obj (.text.__divdf3)
                  000014e4    00000104     libc.a : fputs.c.obj (.text.fputs)
                  000015e8    000000ec            : memory.c.obj (.text.free)
                  000016d4    000000e4     libclang_rt.builtins.a : muldf3.S.obj (.text.__muldf3)
                  000017b8    000000dc     libc.a : setvbuf.c.obj (.text.setvbuf)
                  00001894    000000d8            : s_scalbn.c.obj (.text.scalbn)
                  0000196c    000000d4     empty_non_sysconfig.o (.text.main)
                  00001a40    000000c4     empty_non_sysconfig.o (.text.GROUP1_IRQHandler)
                  00001b04    000000a2     libclang_rt.builtins.a : udivmoddi4.S.obj (.text)
                  00001ba6    00000002                            : aeabi_div0.c.obj (.text.__aeabi_idiv0)
                  00001ba8    0000009c     libc.a : fputc.c.obj (.text.fputc)
                  00001c44    0000009a            : memcpy16.S.obj (.text:memcpy)
                  00001cde    00000002     libclang_rt.builtins.a : aeabi_div0.c.obj (.text.__aeabi_ldiv0)
                  00001ce0    00000082                            : divsf3.S.obj (.text.__divsf3)
                  00001d62    00000002     libc.a : _lock.c.obj (.text._nop)
                  00001d64    0000007c            : fclose.c.obj (.text.__TI_closefile)
                  00001de0    00000078            : copy_decompress_lzss.c.obj (.text:decompress:lzss)
                  00001e58    00000070     libclang_rt.builtins.a : comparedf2.c.obj (.text.__gedf2)
                  00001ec8    0000006c     libsysbm.a : hostlseek.c.obj (.text.HOSTlseek)
                  00001f34    0000006c                : hostrename.c.obj (.text.HOSTrename)
                  00001fa0    0000006c     libclang_rt.builtins.a : comparedf2.c.obj (.text.__ledf2)
                  0000200c    0000006c     libc.a : fseek.c.obj (.text.fseeko)
                  00002078    00000068            : getdevice.c.obj (.text.getdevice)
                  000020e0    00000066            : _printfi.c.obj (.text._mcpy)
                  00002146    00000064            : _io_perm.c.obj (.text.__TI_wrt_ok)
                  000021aa    00000002     --HOLE-- [fill = 0]
                  000021ac    00000064            : memory.c.obj (.text.split)
                  00002210    00000062     libclang_rt.builtins.a : aeabi_dcmp.S.obj (.text.__aeabi_dcmp)
                  00002272    00000062     libc.a : memset16.S.obj (.text:memset)
                  000022d4    00000060     libsysbm.a : hostopen.c.obj (.text.HOSTopen)
                  00002334    0000005c     libc.a : s_frexp.c.obj (.text.frexp)
                  00002390    0000005c            : printf.c.obj (.text.printf)
                  000023ec    00000058     libsysbm.a : hostread.c.obj (.text.HOSTread)
                  00002444    00000058                : hostwrite.c.obj (.text.HOSTwrite)
                  0000249c    00000058     libc.a : _ltoa.c.obj (.text.__TI_ltoa)
                  000024f4    00000058            : _printfi.c.obj (.text._pconv_f)
                  0000254c    00000056     libclang_rt.builtins.a : aeabi_idivmod.S.obj (.text.__aeabi_idivmod)
                  000025a2    00000052     libc.a : fflush.c.obj (.text.__TI_doflush)
                  000025f4    00000052            : _printfi.c.obj (.text._ecpy)
                  00002646    00000002     --HOLE-- [fill = 0]
                  00002648    00000050     libsysbm.a : close.c.obj (.text.close)
                  00002698    0000004a     libclang_rt.builtins.a : fixdfsi.S.obj (.text.__fixdfsi)
                  000026e2    00000002     --HOLE-- [fill = 0]
                  000026e4    00000048     libsysbm.a : hostclose.c.obj (.text.HOSTclose)
                  0000272c    00000048                : hostunlink.c.obj (.text.HOSTunlink)
                  00002774    00000040     libclang_rt.builtins.a : aeabi_uidivmod.S.obj (.text.__aeabi_uidivmod)
                  000027b4    00000040                            : extendsfdf2.S.obj (.text.__extendsfdf2)
                  000027f4    00000040     libc.a : atoi.c.obj (.text.atoi)
                  00002834    0000003c            : autoinit.c.obj (.text:__TI_auto_init_nobinit_nopinit)
                  00002870    0000003a     libclang_rt.builtins.a : muldsi3.S.obj (.text.__muldsi3)
                  000028aa    00000002     --HOLE-- [fill = 0]
                  000028ac    00000038     libc.a : getdevice.c.obj (.text.finddevice)
                  000028e4    00000034            : fopen.c.obj (.text.__TI_cleanup)
                  00002918    00000034     libsysbm.a : trgmsg.c.obj (.text.__TI_readmsg)
                  0000294c    00000034                : trgmsg.c.obj (.text.__TI_writemsg)
                  00002980    00000034     libc.a : exit.c.obj (.text.exit)
                  000029b4    00000030            : _printfi.c.obj (.text._fcpy)
                  000029e4    0000002c     libclang_rt.builtins.a : floatsidf.S.obj (.text.__floatsidf)
                  00002a10    0000002c     libsysbm.a : unlink.c.obj (.text.unlink)
                  00002a3c    00000028     libclang_rt.builtins.a : floatunsisf.S.obj (.text.__floatunsisf)
                  00002a64    00000028     libc.a : memory.c.obj (.text.free_list_insert)
                  00002a8c    00000028     libsysbm.a : lseek.c.obj (.text.lseek)
                  00002ab4    00000028                : write.c.obj (.text.write)
                  00002adc    00000028     libc.a : boot_cortex_m.c.obj (.text:_c_int00_noargs)
                  00002b04    00000024     libclang_rt.builtins.a : muldi3.S.obj (.text.__muldi3)
                  00002b28    00000022     libc.a : memccpy.c.obj (.text.memccpy)
                  00002b4a    00000002     --HOLE-- [fill = 0]
                  00002b4c    00000020     Baremetal.o (.text.digitalOutputConfig)
                  00002b6c    00000020     Baremetal.o (.text.initDigitalInput)
                  00002b8c    0000001e     libclang_rt.builtins.a : ashldi3.S.obj (.text.__ashldi3)
                  00002baa    00000002     --HOLE-- [fill = 0]
                  00002bac    0000001c     libc.a : memory.c.obj (.text.free_list_remove)
                  00002bc8    00000018     Baremetal.o (.text.EnableIRQ)
                  00002be0    00000016     libc.a : copy_zero_init.c.obj (.text:decompress:ZI:__TI_zero_init_nomemset)
                  00002bf6    00000002     --HOLE-- [fill = 0]
                  00002bf8    00000014     libclang_rt.builtins.a : aeabi_uldivmod.S.obj (.text.__aeabi_uldivmod)
                  00002c0c    00000014     libc.a : _printfi.c.obj (.text.strchr)
                  00002c20    00000012     libsysbm.a : hostrename.c.obj (.text.strcpy)
                  00002c32    00000012     libc.a : copy_decompress_none.c.obj (.text:decompress:none)
                  00002c44    00000010     Baremetal.o (.text.GPIO_reset)
                  00002c54    00000010     Baremetal.o (.text.clearInterruptStatus)
                  00002c64    00000010     Baremetal.o (.text.enableInterrupt)
                  00002c74    00000010     Baremetal.o (.text.enablePort)
                  00002c84    00000010     libc.a : wcslen.c.obj (.text.wcslen)
                  00002c94    0000000e            : memory.c.obj (.text.OUTLINED_FUNCTION_0)
                  00002ca2    00000002     --HOLE-- [fill = 0]
                  00002ca4    0000000e     libclang_rt.builtins.a : aeabi_memset.S.obj (.text.__aeabi_memset)
                  00002cb2    0000000e     libc.a : _printfi.c.obj (.text.strlen)
                  00002cc0    0000000e     libsysbm.a : hostrename.c.obj (.text.strlen)
                  00002cce    00000002     --HOLE-- [fill = 0]
                  00002cd0    0000000c     libclang_rt.builtins.a : aeabi_memset.S.obj (.text.__aeabi_memclr)
                  00002cdc    0000000c     Baremetal.o (.text.getEnabledInterruptStatus)
                  00002ce8    0000000c     libc.a : memory.c.obj (.text.malloc)
                  00002cf4    0000000c     Baremetal.o (.text.setUpperPinsPolarity)
                  00002d00    0000000c     Baremetal.o (.text.togglePins)
                  00002d0c    0000000a     driverlib.a : dl_common.o (.text.DL_Common_delayCycles)
                  00002d16    0000000a     libc.a : _printfi.c.obj (.text.OUTLINED_FUNCTION_0)
                  00002d20    00000010     libclang_rt.builtins.a : adddf3.S.obj (.tramp.__aeabi_dsub.1)
                  00002d30    0000000a     libc.a : _printfi.c.obj (.text.OUTLINED_FUNCTION_1)
                  00002d3a    00000002     --HOLE-- [fill = 0]
                  00002d3c    00000008            : aeabi_portable.c.obj (.text.__aeabi_errno_addr)
                  00002d44    00000008     libclang_rt.builtins.a : aeabi_memcpy.S.obj (.text.__aeabi_memcpy)
                  00002d4c    00000008     libc.a : printf.c.obj (.text._outc)
                  00002d54    00000008            : printf.c.obj (.text._outs)
                  00002d5c    00000008     Baremetal.o (.text.clearPins)
                  00002d64    00000008     libc.a : fseek.c.obj (.text.fseek)
                  00002d6c    00000008     libsysbm.a : remove.c.obj (.text.remove)
                  00002d74    00000004     startup_mspm0g350x_ticlang.o (.text.Reset_Handler)
                  00002d78    00000004     libc.a : pre_init.c.obj (.text._system_pre_init)
                  00002d7c    00000004            : exit.c.obj (.text:abort)

.cinit     0    00002f20    00000090     
                  00002f20    00000067     (.cinit..data.load) [load image, compression = lzss]
                  00002f87    00000001     --HOLE-- [fill = 0]
                  00002f88    0000000c     (__TI_handler_table)
                  00002f94    00000008     (.cinit..bss.load) [load image, compression = zero_init]
                  00002f9c    00000010     (__TI_cinit_table)
                  00002fac    00000004     --HOLE-- [fill = 0]

.rodata    0    00002d80    000001a0     
                  00002d80    00000101     libc.a : aeabi_ctype.S.obj (.rodata:__aeabi_ctype_table_)
                  00002e81    0000003b     empty_non_sysconfig.o (.rodata.str1.140971568944866774831)
                  00002ebc    0000003b     empty_non_sysconfig.o (.rodata.str1.5701903454001008911)
                  00002ef7    00000011     libc.a : _printfi.c.obj (.rodata.str1.11645776875810915891)
                  00002f08    00000011            : _printfi.c.obj (.rodata.str1.44690500295887128011)
                  00002f19    00000007     --HOLE-- [fill = 0]

.init_array 
*          0    00000000    00000000     UNINITIALIZED

.binit     0    00000000    00000000     

.sysmem    0    20200000    00000800     UNINITIALIZED
                  20200000    00000010     libc.a : memory.c.obj (.sysmem)
                  20200010    000007f0     --HOLE--

.data      0    20200800    000001d5     UNINITIALIZED
                  20200800    000000f0     libc.a : defs.c.obj (.data._ftable)
                  202008f0    00000078     libsysbm.a : host_device.c.obj (.data._device)
                  20200968    00000050                : host_device.c.obj (.data._stream)
                  202009b8    00000008     libc.a : exit.c.obj (.data..L_MergedGlobals)
                  202009c0    00000004            : defs.c.obj (.data.__TI_ft_end)
                  202009c4    00000004            : aeabi_portable.c.obj (.data.__aeabi_errno)
                  202009c8    00000004            : _lock.c.obj (.data._lock)
                  202009cc    00000004            : _lock.c.obj (.data._unlock)
                  202009d0    00000004     empty_non_sysconfig.o (.data.delay)
                  202009d4    00000001     libc.a : memory.c.obj (.data.memory_is_initialized)

.bss       0    202009d8    000001cc     UNINITIALIZED
                  202009d8    00000120     libsysbm.a : trgmsg.c.obj (.bss:_CIOBUF_)
                  20200af8    000000a0     libc.a : defs.c.obj (.bss.__TI_tmpnams)
                  20200b98    00000008     libsysbm.a : hostopen.c.obj (.bss.parmbuf)
                  20200ba0    00000004     libc.a : memory.c.obj (.bss.sys_free)

.stack     0    20207e00    00000200     UNINITIALIZED
                  20207e00    00000004     libc.a : boot_cortex_m.c.obj (.stack)
                  20207e04    000001fc     --HOLE--

__llvm_prf_cnts 
*          0    20200000    00000000     UNINITIALIZED

__llvm_prf_bits 
*          0    20200000    00000000     UNINITIALIZED

MODULE SUMMARY

       Module                         code    ro data   rw data
       ------                         ----    -------   -------
    .\
       empty_non_sysconfig.o          408     118       4      
       startup_mspm0g350x_ticlang.o   6       192       0      
    +--+------------------------------+-------+---------+---------+
       Total:                         414     310       4      
                                                               
    .\LIB\
       Baremetal.o                    196     0         0      
    +--+------------------------------+-------+---------+---------+
       Total:                         196     0         0      
                                                               
    C:/ti/mspm0_sdk_2_04_00_06/source/ti/driverlib/lib/ticlang/m0p/mspm0g1x0x_g3x0x/driverlib.a
       dl_common.o                    10      0         0      
    +--+------------------------------+-------+---------+---------+
       Total:                         10      0         0      
                                                               
    C:\ti\ccs1281\ccs\tools\compiler\ti-cgt-armllvm_3.2.2.LTS\lib\armv6m-ti-none-eabi/c/libc.a
       _printfi.c.obj                 4558    34        0      
       memory.c.obj                   730     0         5      
       defs.c.obj                     0       0         404    
       fputs.c.obj                    260     0         0      
       aeabi_ctype.S.obj              0       257       0      
       setvbuf.c.obj                  220     0         0      
       s_scalbn.c.obj                 216     0         0      
       getdevice.c.obj                160     0         0      
       fputc.c.obj                    156     0         0      
       memcpy16.S.obj                 154     0         0      
       fclose.c.obj                   124     0         0      
       copy_decompress_lzss.c.obj     120     0         0      
       fseek.c.obj                    116     0         0      
       printf.c.obj                   108     0         0      
       _io_perm.c.obj                 100     0         0      
       memset16.S.obj                 98      0         0      
       s_frexp.c.obj                  92      0         0      
       _ltoa.c.obj                    88      0         0      
       fflush.c.obj                   82      0         0      
       atoi.c.obj                     64      0         0      
       exit.c.obj                     56      0         8      
       autoinit.c.obj                 60      0         0      
       fopen.c.obj                    52      0         0      
       boot_cortex_m.c.obj            40      0         0      
       memccpy.c.obj                  34      0         0      
       copy_zero_init.c.obj           22      0         0      
       copy_decompress_none.c.obj     18      0         0      
       wcslen.c.obj                   16      0         0      
       aeabi_portable.c.obj           8       0         4      
       _lock.c.obj                    2       0         8      
       pre_init.c.obj                 4       0         0      
    +--+------------------------------+-------+---------+---------+
       Total:                         7758    291       429    
                                                               
    C:\ti\ccs1281\ccs\tools\compiler\ti-cgt-armllvm_3.2.2.LTS\lib\armv6m-ti-none-eabi/c/libsysbm.a
       trgmsg.c.obj                   104     0         288    
       host_device.c.obj              0       0         200    
       hostrename.c.obj               140     0         0      
       hostlseek.c.obj                108     0         0      
       hostopen.c.obj                 96      0         8      
       hostread.c.obj                 88      0         0      
       hostwrite.c.obj                88      0         0      
       close.c.obj                    80      0         0      
       hostclose.c.obj                72      0         0      
       hostunlink.c.obj               72      0         0      
       unlink.c.obj                   44      0         0      
       lseek.c.obj                    40      0         0      
       write.c.obj                    40      0         0      
       remove.c.obj                   8       0         0      
    +--+------------------------------+-------+---------+---------+
       Total:                         980     0         496    
                                                               
    C:\ti\ccs1281\ccs\tools\compiler\ti-cgt-armllvm_3.2.2.LTS\lib\clang/15.0.7/lib/armv6m-ti-none-eabi/libclang_rt.builtins.a
       adddf3.S.obj                   418     0         0      
       divdf3.S.obj                   268     0         0      
       muldf3.S.obj                   228     0         0      
       comparedf2.c.obj               220     0         0      
       udivmoddi4.S.obj               162     0         0      
       divsf3.S.obj                   130     0         0      
       aeabi_dcmp.S.obj               98      0         0      
       aeabi_idivmod.S.obj            86      0         0      
       fixdfsi.S.obj                  74      0         0      
       aeabi_uidivmod.S.obj           64      0         0      
       extendsfdf2.S.obj              64      0         0      
       muldsi3.S.obj                  58      0         0      
       floatsidf.S.obj                44      0         0      
       floatunsisf.S.obj              40      0         0      
       muldi3.S.obj                   36      0         0      
       ashldi3.S.obj                  30      0         0      
       aeabi_memset.S.obj             26      0         0      
       aeabi_uldivmod.S.obj           20      0         0      
       aeabi_memcpy.S.obj             8       0         0      
       aeabi_div0.c.obj               4       0         0      
    +--+------------------------------+-------+---------+---------+
       Total:                         2078    0         0      
                                                               
       Heap:                          0       0         2048   
       Stack:                         0       0         512    
       Linker Generated:              0       139       0      
    +--+------------------------------+-------+---------+---------+
       Grand Total:                   11436   740       3489   


LINKER GENERATED COPY TABLES

__TI_cinit_table @ 00002f9c records: 2, size/record: 8, table size: 16
	.data: load addr=00002f20, load size=00000067 bytes, run addr=20200800, run size=000001d5 bytes, compression=lzss
	.bss: load addr=00002f94, load size=00000008 bytes, run addr=202009d8, run size=000001cc bytes, compression=zero_init


LINKER GENERATED HANDLER TABLE

__TI_handler_table @ 00002f88 records: 3, size/record: 4, table size: 12
	index: 0, handler: __TI_decompress_lzss
	index: 1, handler: __TI_decompress_none
	index: 2, handler: __TI_zero_init


FAR CALL TRAMPOLINES

callee name               trampoline name
   callee addr  tramp addr   call addr  call info
--------------  -----------  ---------  ----------------
__aeabi_dsub              $Tramp$TT$L$PI$$__aeabi_dsub
   00000ebd     00002d20     00002d1e   libc.a : _printfi.c.obj (.text.OUTLINED_FUNCTION_0)

[1 trampolines]
[1 trampoline calls]


GLOBAL SYMBOLS: SORTED ALPHABETICALLY BY Name 

address   name                          
-------   ----                          
0000104f  ADC0_IRQHandler               
0000104f  ADC1_IRQHandler               
0000104f  AES_IRQHandler                
00002d7c  C$$EXIT                       
00002979  C$$IO$$                       
0000104f  CANFD0_IRQHandler             
0000104f  DAC0_IRQHandler               
00002d0d  DL_Common_delayCycles         
0000104f  DMA_IRQHandler                
0000104f  Default_Handler               
00002bc9  EnableIRQ                     
00002c45  GPIO_reset                    
0000104f  GROUP0_IRQHandler             
00001a41  GROUP1_IRQHandler             
000026e5  HOSTclose                     
00001ec9  HOSTlseek                     
000022d5  HOSTopen                      
000023ed  HOSTread                      
00001f35  HOSTrename                    
0000272d  HOSTunlink                    
00002445  HOSTwrite                     
0000104f  HardFault_Handler             
0000104f  I2C0_IRQHandler               
0000104f  I2C1_IRQHandler               
0000104f  NMI_Handler                   
0000104f  PendSV_Handler                
0000104f  RTC_IRQHandler                
00002d75  Reset_Handler                 
0000104f  SPI0_IRQHandler               
0000104f  SPI1_IRQHandler               
0000104f  SVC_Handler                   
0000104f  SysTick_Handler               
0000104f  TIMA0_IRQHandler              
0000104f  TIMA1_IRQHandler              
0000104f  TIMG0_IRQHandler              
0000104f  TIMG12_IRQHandler             
0000104f  TIMG6_IRQHandler              
0000104f  TIMG7_IRQHandler              
0000104f  TIMG8_IRQHandler              
0000104f  UART0_IRQHandler              
0000104f  UART1_IRQHandler              
0000104f  UART2_IRQHandler              
0000104f  UART3_IRQHandler              
202009d8  _CIOBUF_                      
202009d8  __CIOBUF_                     
20208000  __STACK_END                   
00000200  __STACK_SIZE                  
00000800  __SYSMEM_SIZE                 
00000000  __TI_ATRegion0_region_sz      
00000000  __TI_ATRegion0_src_addr       
00000000  __TI_ATRegion0_trg_addr       
00000000  __TI_ATRegion1_region_sz      
00000000  __TI_ATRegion1_src_addr       
00000000  __TI_ATRegion1_trg_addr       
00000000  __TI_ATRegion2_region_sz      
00000000  __TI_ATRegion2_src_addr       
00000000  __TI_ATRegion2_trg_addr       
00002f9c  __TI_CINIT_Base               
00002fac  __TI_CINIT_Limit              
00002fac  __TI_CINIT_Warm               
00002f88  __TI_Handler_Table_Base       
00002f94  __TI_Handler_Table_Limit      
00002835  __TI_auto_init_nobinit_nopinit
000028e5  __TI_cleanup                  
202009b8  __TI_cleanup_ptr              
00001d65  __TI_closefile                
00001de1  __TI_decompress_lzss          
00002c33  __TI_decompress_none          
000025a3  __TI_doflush                  
202009bc  __TI_dtors_ptr                
202009c0  __TI_ft_end                   
0000249d  __TI_ltoa                     
ffffffff  __TI_pprof_out_hndl           
000000c1  __TI_printfi                  
ffffffff  __TI_prof_data_size           
ffffffff  __TI_prof_data_start          
00002919  __TI_readmsg                  
00000000  __TI_static_base__            
20200af8  __TI_tmpnams                  
0000294d  __TI_writemsg                 
00002147  __TI_wrt_ok                   
00002be1  __TI_zero_init_nomemset       
00000ec7  __adddf3                      
00002d80  __aeabi_ctype_table_          
00002d80  __aeabi_ctype_table_C         
00002699  __aeabi_d2iz                  
00000ec7  __aeabi_dadd                  
00002211  __aeabi_dcmpeq                
0000224d  __aeabi_dcmpge                
00002261  __aeabi_dcmpgt                
00002239  __aeabi_dcmple                
00002225  __aeabi_dcmplt                
000013d9  __aeabi_ddiv                  
000016d5  __aeabi_dmul                  
00000ebd  __aeabi_dsub                  
202009c4  __aeabi_errno                 
00002d3d  __aeabi_errno_addr            
000027b5  __aeabi_f2d                   
00001ce1  __aeabi_fdiv                  
000029e5  __aeabi_i2d                   
0000254d  __aeabi_idiv                  
00001ba7  __aeabi_idiv0                 
0000254d  __aeabi_idivmod               
00001cdf  __aeabi_ldiv0                 
00002b8d  __aeabi_llsl                  
00002b05  __aeabi_lmul                  
00002cd1  __aeabi_memclr                
00002cd1  __aeabi_memclr4               
00002cd1  __aeabi_memclr8               
00002d45  __aeabi_memcpy                
00002d45  __aeabi_memcpy4               
00002d45  __aeabi_memcpy8               
00002ca5  __aeabi_memset                
00002ca5  __aeabi_memset4               
00002ca5  __aeabi_memset8               
00002a3d  __aeabi_ui2f                  
00002775  __aeabi_uidiv                 
00002775  __aeabi_uidivmod              
00002bf9  __aeabi_uldivmod              
00002b8d  __ashldi3                     
ffffffff  __binit__                     
00001fa1  __cmpdf2                      
000013d9  __divdf3                      
00001ce1  __divsf3                      
00001fa1  __eqdf2                       
000027b5  __extendsfdf2                 
00002699  __fixdfsi                     
000029e5  __floatsidf                   
00002a3d  __floatunsisf                 
00001e59  __gedf2                       
00001e59  __gtdf2                       
00001fa1  __ledf2                       
00001fa1  __ltdf2                       
UNDEFED   __mpu_init                    
000016d5  __muldf3                      
00002b05  __muldi3                      
00002871  __muldsi3                     
00001fa1  __nedf2                       
20207e00  __stack                       
20200000  __start___llvm_prf_bits       
20200000  __start___llvm_prf_cnts       
20200000  __stop___llvm_prf_bits        
20200000  __stop___llvm_prf_cnts        
00000ebd  __subdf3                      
00001b05  __udivmoddi4                  
00002add  _c_int00_noargs               
202008f0  _device                       
20200800  _ftable                       
202009c8  _lock                         
00001d63  _nop                          
20200968  _stream                       
20200000  _sys_memory                   
UNDEFED   _system_post_cinit            
00002d79  _system_pre_init              
202009cc  _unlock                       
00002d7d  abort                         
0000118d  aligned_alloc                 
000027f5  atoi                          
ffffffff  binit                         
00002c55  clearInterruptStatus          
00002d5d  clearPins                     
00002649  close                         
202009d0  delay                         
00002b4d  digitalOutputConfig           
00002c65  enableInterrupt               
00002c75  enablePort                    
00002981  exit                          
000028ad  finddevice                    
00001ba9  fputc                         
000014e5  fputs                         
000015e9  free                          
00002335  frexp                         
00002335  frexpl                        
00002d65  fseek                         
0000200d  fseeko                        
00002cdd  getEnabledInterruptStatus     
00002079  getdevice                     
00002b6d  initDigitalInput              
00000000  interruptVectors              
00001895  ldexp                         
00001895  ldexpl                        
00002a8d  lseek                         
0000196d  main                          
00002ce9  malloc                        
0000118d  memalign                      
00002b29  memccpy                       
00001c45  memcpy                        
00002273  memset                        
20200b98  parmbuf                       
00002391  printf                        
00002d6d  remove                        
00001895  scalbn                        
00001895  scalbnl                       
00002cf5  setUpperPinsPolarity          
000017b9  setvbuf                       
00002d01  togglePins                    
00002a11  unlink                        
00002c85  wcslen                        
00002ab5  write                         


GLOBAL SYMBOLS: SORTED BY Symbol Address 

address   name                          
-------   ----                          
00000000  __TI_ATRegion0_region_sz      
00000000  __TI_ATRegion0_src_addr       
00000000  __TI_ATRegion0_trg_addr       
00000000  __TI_ATRegion1_region_sz      
00000000  __TI_ATRegion1_src_addr       
00000000  __TI_ATRegion1_trg_addr       
00000000  __TI_ATRegion2_region_sz      
00000000  __TI_ATRegion2_src_addr       
00000000  __TI_ATRegion2_trg_addr       
00000000  __TI_static_base__            
00000000  interruptVectors              
000000c1  __TI_printfi                  
00000200  __STACK_SIZE                  
00000800  __SYSMEM_SIZE                 
00000ebd  __aeabi_dsub                  
00000ebd  __subdf3                      
00000ec7  __adddf3                      
00000ec7  __aeabi_dadd                  
0000104f  ADC0_IRQHandler               
0000104f  ADC1_IRQHandler               
0000104f  AES_IRQHandler                
0000104f  CANFD0_IRQHandler             
0000104f  DAC0_IRQHandler               
0000104f  DMA_IRQHandler                
0000104f  Default_Handler               
0000104f  GROUP0_IRQHandler             
0000104f  HardFault_Handler             
0000104f  I2C0_IRQHandler               
0000104f  I2C1_IRQHandler               
0000104f  NMI_Handler                   
0000104f  PendSV_Handler                
0000104f  RTC_IRQHandler                
0000104f  SPI0_IRQHandler               
0000104f  SPI1_IRQHandler               
0000104f  SVC_Handler                   
0000104f  SysTick_Handler               
0000104f  TIMA0_IRQHandler              
0000104f  TIMA1_IRQHandler              
0000104f  TIMG0_IRQHandler              
0000104f  TIMG12_IRQHandler             
0000104f  TIMG6_IRQHandler              
0000104f  TIMG7_IRQHandler              
0000104f  TIMG8_IRQHandler              
0000104f  UART0_IRQHandler              
0000104f  UART1_IRQHandler              
0000104f  UART2_IRQHandler              
0000104f  UART3_IRQHandler              
0000118d  aligned_alloc                 
0000118d  memalign                      
000013d9  __aeabi_ddiv                  
000013d9  __divdf3                      
000014e5  fputs                         
000015e9  free                          
000016d5  __aeabi_dmul                  
000016d5  __muldf3                      
000017b9  setvbuf                       
00001895  ldexp                         
00001895  ldexpl                        
00001895  scalbn                        
00001895  scalbnl                       
0000196d  main                          
00001a41  GROUP1_IRQHandler             
00001b05  __udivmoddi4                  
00001ba7  __aeabi_idiv0                 
00001ba9  fputc                         
00001c45  memcpy                        
00001cdf  __aeabi_ldiv0                 
00001ce1  __aeabi_fdiv                  
00001ce1  __divsf3                      
00001d63  _nop                          
00001d65  __TI_closefile                
00001de1  __TI_decompress_lzss          
00001e59  __gedf2                       
00001e59  __gtdf2                       
00001ec9  HOSTlseek                     
00001f35  HOSTrename                    
00001fa1  __cmpdf2                      
00001fa1  __eqdf2                       
00001fa1  __ledf2                       
00001fa1  __ltdf2                       
00001fa1  __nedf2                       
0000200d  fseeko                        
00002079  getdevice                     
00002147  __TI_wrt_ok                   
00002211  __aeabi_dcmpeq                
00002225  __aeabi_dcmplt                
00002239  __aeabi_dcmple                
0000224d  __aeabi_dcmpge                
00002261  __aeabi_dcmpgt                
00002273  memset                        
000022d5  HOSTopen                      
00002335  frexp                         
00002335  frexpl                        
00002391  printf                        
000023ed  HOSTread                      
00002445  HOSTwrite                     
0000249d  __TI_ltoa                     
0000254d  __aeabi_idiv                  
0000254d  __aeabi_idivmod               
000025a3  __TI_doflush                  
00002649  close                         
00002699  __aeabi_d2iz                  
00002699  __fixdfsi                     
000026e5  HOSTclose                     
0000272d  HOSTunlink                    
00002775  __aeabi_uidiv                 
00002775  __aeabi_uidivmod              
000027b5  __aeabi_f2d                   
000027b5  __extendsfdf2                 
000027f5  atoi                          
00002835  __TI_auto_init_nobinit_nopinit
00002871  __muldsi3                     
000028ad  finddevice                    
000028e5  __TI_cleanup                  
00002919  __TI_readmsg                  
0000294d  __TI_writemsg                 
00002979  C$$IO$$                       
00002981  exit                          
000029e5  __aeabi_i2d                   
000029e5  __floatsidf                   
00002a11  unlink                        
00002a3d  __aeabi_ui2f                  
00002a3d  __floatunsisf                 
00002a8d  lseek                         
00002ab5  write                         
00002add  _c_int00_noargs               
00002b05  __aeabi_lmul                  
00002b05  __muldi3                      
00002b29  memccpy                       
00002b4d  digitalOutputConfig           
00002b6d  initDigitalInput              
00002b8d  __aeabi_llsl                  
00002b8d  __ashldi3                     
00002bc9  EnableIRQ                     
00002be1  __TI_zero_init_nomemset       
00002bf9  __aeabi_uldivmod              
00002c33  __TI_decompress_none          
00002c45  GPIO_reset                    
00002c55  clearInterruptStatus          
00002c65  enableInterrupt               
00002c75  enablePort                    
00002c85  wcslen                        
00002ca5  __aeabi_memset                
00002ca5  __aeabi_memset4               
00002ca5  __aeabi_memset8               
00002cd1  __aeabi_memclr                
00002cd1  __aeabi_memclr4               
00002cd1  __aeabi_memclr8               
00002cdd  getEnabledInterruptStatus     
00002ce9  malloc                        
00002cf5  setUpperPinsPolarity          
00002d01  togglePins                    
00002d0d  DL_Common_delayCycles         
00002d3d  __aeabi_errno_addr            
00002d45  __aeabi_memcpy                
00002d45  __aeabi_memcpy4               
00002d45  __aeabi_memcpy8               
00002d5d  clearPins                     
00002d65  fseek                         
00002d6d  remove                        
00002d75  Reset_Handler                 
00002d79  _system_pre_init              
00002d7c  C$$EXIT                       
00002d7d  abort                         
00002d80  __aeabi_ctype_table_          
00002d80  __aeabi_ctype_table_C         
00002f88  __TI_Handler_Table_Base       
00002f94  __TI_Handler_Table_Limit      
00002f9c  __TI_CINIT_Base               
00002fac  __TI_CINIT_Limit              
00002fac  __TI_CINIT_Warm               
20200000  __start___llvm_prf_bits       
20200000  __start___llvm_prf_cnts       
20200000  __stop___llvm_prf_bits        
20200000  __stop___llvm_prf_cnts        
20200000  _sys_memory                   
20200800  _ftable                       
202008f0  _device                       
20200968  _stream                       
202009b8  __TI_cleanup_ptr              
202009bc  __TI_dtors_ptr                
202009c0  __TI_ft_end                   
202009c4  __aeabi_errno                 
202009c8  _lock                         
202009cc  _unlock                       
202009d0  delay                         
202009d8  _CIOBUF_                      
202009d8  __CIOBUF_                     
20200af8  __TI_tmpnams                  
20200b98  parmbuf                       
20207e00  __stack                       
20208000  __STACK_END                   
ffffffff  __TI_pprof_out_hndl           
ffffffff  __TI_prof_data_size           
ffffffff  __TI_prof_data_start          
ffffffff  __binit__                     
ffffffff  binit                         
UNDEFED   __mpu_init                    
UNDEFED   _system_post_cinit            

[199 symbols]
